Reusing configuration cache.
> Task :multiplatform:di:scope:jvmProcessResources NO-SOURCE
> Task :multiplatform:foundation:parcel:jvmProcessResources NO-SOURCE
> Task :server:api:jvmProcessResources NO-SOURCE
> Task :multiplatform:di:scope:processJvmMainResources SKIPPED
> Task :multiplatform:foundation:parcel:kmpPartiallyResolvedDependenciesChecker
> Task :server:api:kmpPartiallyResolvedDependenciesChecker
> Task :server:api:processJvmMainResources SKIPPED
> Task :multiplatform:foundation:networking:kmpPartiallyResolvedDependenciesChecker
> Task :multiplatform:foundation:parcel:processJvmMainResources SKIPPED
> Task :multiplatform:foundation:networking:generateComposeResClass UP-TO-DATE
> Task :multiplatform:foundation:designsystem:convertXmlValueResourcesForJvmMain NO-SOURCE
> Task :multiplatform:foundation:designsystem:kmpPartiallyResolvedDependenciesChecker
> Task :multiplatform:foundation:networking:convertXmlValueResourcesForJvmMain NO-SOURCE
> Task :multiplatform:foundation:designsystem:generateComposeResClass UP-TO-DATE
> Task :multiplatform:di:scope:kmpPartiallyResolvedDependenciesChecker
> Task :multiplatform:data:trail:api:kmpPartiallyResolvedDependenciesChecker
> Task :multiplatform:foundation:networking:convertXmlValueResourcesForCommonMain NO-SOURCE
> Task :multiplatform:foundation:designsystem:generateExpectResourceCollectorsForCommonMain UP-TO-DATE
> Task :multiplatform:foundation:networking:generateExpectResourceCollectorsForCommonMain UP-TO-DATE
> Task :multiplatform:foundation:parcel:checkKotlinGradlePluginConfigurationErrors SKIPPED
> Task :multiplatform:foundation:designsystem:checkKotlinGradlePluginConfigurationErrors SKIPPED
> Task :multiplatform:data:trail:api:convertXmlValueResourcesForJvmMain NO-SOURCE
> Task :multiplatform:data:trail:api:convertXmlValueResourcesForCommonMain NO-SOURCE
> Task :multiplatform:data:trail:api:checkKotlinGradlePluginConfigurationErrors SKIPPED
> Task :multiplatform:di:scope:checkKotlinGradlePluginConfigurationErrors SKIPPED
> Task :multiplatform:foundation:networking:copyNonXmlValueResourcesForCommonMain NO-SOURCE
> Task :multiplatform:foundation:designsystem:copyNonXmlValueResourcesForJvmMain NO-SOURCE
> Task :multiplatform:data:trail:api:generateExpectResourceCollectorsForCommonMain UP-TO-DATE
> Task :multiplatform:data:trail:api:copyNonXmlValueResourcesForCommonMain NO-SOURCE
> Task :multiplatform:data:trail:api:generateComposeResClass UP-TO-DATE
> Task :server:api:checkKotlinGradlePluginConfigurationErrors SKIPPED
> Task :multiplatform:foundation:designsystem:prepareComposeResourcesTaskForJvmMain NO-SOURCE
> Task :multiplatform:foundation:designsystem:convertXmlValueResourcesForCommonMain NO-SOURCE
> Task :multiplatform:foundation:networking:prepareComposeResourcesTaskForCommonMain NO-SOURCE
> Task :multiplatform:data:trail:impl:kmpPartiallyResolvedDependenciesChecker
> Task :multiplatform:foundation:designsystem:generateResourceAccessorsForJvmMain NO-SOURCE
> Task :multiplatform:data:trail:impl:checkKotlinGradlePluginConfigurationErrors SKIPPED
> Task :multiplatform:foundation:networking:copyNonXmlValueResourcesForJvmMain NO-SOURCE
> Task :multiplatform:data:trail:api:prepareComposeResourcesTaskForCommonMain NO-SOURCE
> Task :multiplatform:foundation:networking:generateResourceAccessorsForCommonMain NO-SOURCE
> Task :multiplatform:data:trail:impl:convertXmlValueResourcesForCommonMain NO-SOURCE
> Task :multiplatform:data:trail:impl:convertXmlValueResourcesForJvmMain NO-SOURCE
> Task :multiplatform:data:trail:api:copyNonXmlValueResourcesForJvmMain NO-SOURCE
> Task :multiplatform:data:trail:impl:copyNonXmlValueResourcesForJvmMain NO-SOURCE
> Task :multiplatform:data:trail:impl:generateComposeResClass UP-TO-DATE
> Task :multiplatform:data:trail:impl:generateCommonMainM1DatabaseInterface UP-TO-DATE
> Task :multiplatform:data:trail:impl:generateExpectResourceCollectorsForCommonMain UP-TO-DATE
> Task :multiplatform:foundation:networking:prepareComposeResourcesTaskForJvmMain NO-SOURCE
> Task :multiplatform:data:trail:impl:copyNonXmlValueResourcesForCommonMain NO-SOURCE
> Task :multiplatform:foundation:networking:assembleJvmMainResources UP-TO-DATE
> Task :multiplatform:foundation:networking:checkKotlinGradlePluginConfigurationErrors SKIPPED
> Task :multiplatform:feat:filters:api:kmpPartiallyResolvedDependenciesChecker
> Task :multiplatform:data:trail:api:generateResourceAccessorsForCommonMain NO-SOURCE
> Task :multiplatform:foundation:networking:generateResourceAccessorsForJvmMain NO-SOURCE
> Task :multiplatform:feat:filters:api:convertXmlValueResourcesForJvmMain NO-SOURCE
> Task :multiplatform:feat:filters:api:checkKotlinGradlePluginConfigurationErrors SKIPPED
> Task :multiplatform:feat:filters:api:copyNonXmlValueResourcesForCommonMain NO-SOURCE
> Task :multiplatform:data:trail:impl:prepareComposeResourcesTaskForCommonMain NO-SOURCE
> Task :multiplatform:feat:filters:api:convertXmlValueResourcesForCommonMain NO-SOURCE
> Task :multiplatform:feat:filters:api:copyNonXmlValueResourcesForJvmMain NO-SOURCE
> Task :multiplatform:data:trail:impl:generateResourceAccessorsForCommonMain NO-SOURCE
> Task :multiplatform:data:trail:impl:prepareComposeResourcesTaskForJvmMain NO-SOURCE
> Task :multiplatform:data:trail:api:prepareComposeResourcesTaskForJvmMain NO-SOURCE
> Task :multiplatform:data:trail:impl:generateResourceAccessorsForJvmMain NO-SOURCE
> Task :multiplatform:data:trail:api:generateResourceAccessorsForJvmMain NO-SOURCE
> Task :multiplatform:feat:savetrail:api:kmpPartiallyResolvedDependenciesChecker
> Task :server:api:compileKotlinJvm UP-TO-DATE
> Task :multiplatform:di:scope:compileKotlinJvm UP-TO-DATE
> Task :multiplatform:feat:filters:api:prepareComposeResourcesTaskForCommonMain NO-SOURCE
> Task :multiplatform:feat:filters:api:prepareComposeResourcesTaskForJvmMain NO-SOURCE
> Task :multiplatform:data:trail:impl:assembleJvmMainResources UP-TO-DATE
> Task :multiplatform:feat:savetrail:api:convertXmlValueResourcesForCommonMain NO-SOURCE
> Task :multiplatform:data:trail:api:assembleJvmMainResources UP-TO-DATE
> Task :multiplatform:feat:filters:api:generateComposeResClass UP-TO-DATE
> Task :multiplatform:data:trail:impl:generateActualResourceCollectorsForJvmMain UP-TO-DATE
> Task :multiplatform:foundation:parcel:compileKotlinJvm UP-TO-DATE
> Task :multiplatform:foundation:networking:generateActualResourceCollectorsForJvmMain UP-TO-DATE
> Task :multiplatform:feat:filters:api:generateResourceAccessorsForCommonMain NO-SOURCE
> Task :multiplatform:feat:savetrail:api:checkKotlinGradlePluginConfigurationErrors SKIPPED
> Task :multiplatform:feat:savetrail:api:copyNonXmlValueResourcesForCommonMain NO-SOURCE
> Task :multiplatform:feat:savetrail:api:convertXmlValueResourcesForJvmMain NO-SOURCE
> Task :multiplatform:feat:filters:api:generateExpectResourceCollectorsForCommonMain UP-TO-DATE
> Task :multiplatform:feat:filters:api:generateResourceAccessorsForJvmMain NO-SOURCE
> Task :multiplatform:feat:savetrail:api:prepareComposeResourcesTaskForCommonMain NO-SOURCE
> Task :multiplatform:feat:savetrail:api:generateComposeResClass UP-TO-DATE
> Task :multiplatform:feat:savetrail:api:generateExpectResourceCollectorsForCommonMain UP-TO-DATE
> Task :server:api:compileJvmMainJava NO-SOURCE
> Task :multiplatform:di:scope:compileJvmMainJava NO-SOURCE
> Task :server:api:jvmMainClasses UP-TO-DATE
> Task :multiplatform:data:trail:api:generateActualResourceCollectorsForJvmMain UP-TO-DATE
> Task :multiplatform:feat:savetrail:impl:kmpPartiallyResolvedDependenciesChecker
> Task :multiplatform:feat:savetrail:impl:generateExpectResourceCollectorsForCommonMain UP-TO-DATE
> Task :multiplatform:feat:filters:api:generateActualResourceCollectorsForJvmMain UP-TO-DATE
> Task :multiplatform:feat:savetrail:api:generateResourceAccessorsForCommonMain NO-SOURCE
> Task :multiplatform:feat:savetrail:impl:generateComposeResClass UP-TO-DATE
> Task :multiplatform:foundation:parcel:compileJvmMainJava NO-SOURCE
> Task :multiplatform:feat:savetrail:impl:convertXmlValueResourcesForCommonMain NO-SOURCE
> Task :multiplatform:feat:savetrail:api:copyNonXmlValueResourcesForJvmMain NO-SOURCE
> Task :multiplatform:foundation:parcel:jvmMainClasses UP-TO-DATE
> Task :multiplatform:feat:filters:api:assembleJvmMainResources UP-TO-DATE
> Task :server:api:jvmJar UP-TO-DATE
> Task :multiplatform:screen:activity:api:generateExpectResourceCollectorsForCommonMain UP-TO-DATE
> Task :multiplatform:screen:activity:api:convertXmlValueResourcesForCommonMain NO-SOURCE
> Task :multiplatform:screen:activity:api:generateComposeResClass UP-TO-DATE
> Task :multiplatform:screen:activity:api:copyNonXmlValueResourcesForJvmMain NO-SOURCE
> Task :multiplatform:feat:savetrail:impl:copyNonXmlValueResourcesForCommonMain NO-SOURCE
> Task :multiplatform:feat:savetrail:impl:checkKotlinGradlePluginConfigurationErrors SKIPPED
> Task :multiplatform:screen:activity:api:convertXmlValueResourcesForJvmMain NO-SOURCE
> Task :multiplatform:feat:savetrail:impl:convertXmlValueResourcesForJvmMain NO-SOURCE
> Task :multiplatform:screen:activity:api:kmpPartiallyResolvedDependenciesChecker
> Task :multiplatform:di:scope:jvmMainClasses UP-TO-DATE
> Task :multiplatform:screen:activity:api:checkKotlinGradlePluginConfigurationErrors SKIPPED
> Task :multiplatform:feat:savetrail:impl:copyNonXmlValueResourcesForJvmMain NO-SOURCE
> Task :multiplatform:screen:explore:api:copyNonXmlValueResourcesForCommonMain NO-SOURCE
> Task :multiplatform:screen:explore:api:convertXmlValueResourcesForJvmMain NO-SOURCE
> Task :multiplatform:screen:explore:api:convertXmlValueResourcesForCommonMain NO-SOURCE
> Task :multiplatform:feat:savetrail:impl:prepareComposeResourcesTaskForCommonMain NO-SOURCE
> Task :multiplatform:screen:activity:api:copyNonXmlValueResourcesForCommonMain NO-SOURCE
> Task :multiplatform:feat:savetrail:impl:generateResourceAccessorsForCommonMain NO-SOURCE
> Task :multiplatform:screen:activity:api:prepareComposeResourcesTaskForCommonMain NO-SOURCE
> Task :multiplatform:screen:activity:api:prepareComposeResourcesTaskForJvmMain NO-SOURCE
> Task :multiplatform:screen:explore:api:kmpPartiallyResolvedDependenciesChecker
> Task :multiplatform:screen:explore:api:generateComposeResClass UP-TO-DATE
> Task :multiplatform:screen:activity:api:generateResourceAccessorsForJvmMain NO-SOURCE
> Task :multiplatform:screen:explore:api:generateExpectResourceCollectorsForCommonMain UP-TO-DATE
> Task :multiplatform:screen:explore:api:checkKotlinGradlePluginConfigurationErrors SKIPPED
> Task :multiplatform:screen:activity:api:generateResourceAccessorsForCommonMain NO-SOURCE
> Task :multiplatform:feat:savetrail:api:prepareComposeResourcesTaskForJvmMain NO-SOURCE
> Task :multiplatform:screen:activity:api:assembleJvmMainResources UP-TO-DATE
> Task :multiplatform:screen:activity:impl:kmpPartiallyResolvedDependenciesChecker
> Task :multiplatform:feat:savetrail:api:assembleJvmMainResources UP-TO-DATE
> Task :multiplatform:screen:activity:impl:checkKotlinGradlePluginConfigurationErrors SKIPPED
> Task :multiplatform:di:scope:jvmJar UP-TO-DATE
> Task :multiplatform:feat:savetrail:impl:prepareComposeResourcesTaskForJvmMain NO-SOURCE
> Task :multiplatform:screen:activity:impl:generateExpectResourceCollectorsForCommonMain UP-TO-DATE
> Task :multiplatform:screen:activity:impl:convertXmlValueResourcesForCommonMain NO-SOURCE
> Task :multiplatform:feat:savetrail:api:generateResourceAccessorsForJvmMain NO-SOURCE
> Task :multiplatform:screen:activity:impl:generateComposeResClass UP-TO-DATE
> Task :multiplatform:screen:explore:api:copyNonXmlValueResourcesForJvmMain NO-SOURCE
> Task :multiplatform:screen:activity:impl:copyNonXmlValueResourcesForJvmMain NO-SOURCE
> Task :multiplatform:screen:explore:api:prepareComposeResourcesTaskForCommonMain NO-SOURCE
> Task :multiplatform:screen:activity:impl:convertXmlValueResourcesForCommonTest NO-SOURCE
> Task :multiplatform:feat:savetrail:impl:assembleJvmMainResources UP-TO-DATE
> Task :multiplatform:screen:activity:impl:copyNonXmlValueResourcesForCommonMain NO-SOURCE
> Task :multiplatform:screen:activity:impl:koverFindJar UP-TO-DATE
> Task :multiplatform:feat:savetrail:impl:generateResourceAccessorsForJvmMain NO-SOURCE
> Task :multiplatform:screen:activity:impl:convertXmlValueResourcesForJvmTest NO-SOURCE
> Task :multiplatform:screen:activity:impl:convertXmlValueResourcesForJvmMain NO-SOURCE
> Task :multiplatform:screen:activity:impl:copyNonXmlValueResourcesForCommonTest NO-SOURCE
> Task :multiplatform:screen:explore:api:generateResourceAccessorsForCommonMain NO-SOURCE
> Task :server:fake:kmpPartiallyResolvedDependenciesChecker
> Task :server:fake:jvmProcessResources NO-SOURCE
> Task :multiplatform:foundation:parcel:jvmJar UP-TO-DATE
> Task :multiplatform:foundation:designsystem:copyNonXmlValueResourcesForCommonMain UP-TO-DATE
> Task :multiplatform:foundation:networking:kspKotlinJvm SKIPPED
> Task :multiplatform:screen:activity:impl:prepareComposeResourcesTaskForCommonMain NO-SOURCE
> Task :multiplatform:data:trail:api:kspKotlinJvm SKIPPED
> Task :multiplatform:screen:activity:api:generateActualResourceCollectorsForJvmMain UP-TO-DATE
> Task :multiplatform:screen:activity:impl:prepareComposeResourcesTaskForCommonTest NO-SOURCE
> Task :multiplatform:data:trail:api:jvmProcessResources UP-TO-DATE
> Task :multiplatform:screen:activity:impl:prepareComposeResourcesTaskForJvmMain NO-SOURCE
> Task :multiplatform:screen:activity:impl:copyNonXmlValueResourcesForJvmTest NO-SOURCE
> Task :multiplatform:app:context:kmpPartiallyResolvedDependenciesChecker
> Task :multiplatform:data:trail:api:processJvmMainResources SKIPPED
> Task :server:fake:checkKotlinGradlePluginConfigurationErrors SKIPPED
> Task :server:fake:processJvmMainResources SKIPPED
> Task :multiplatform:screen:activity:impl:prepareComposeResourcesTaskForJvmTest NO-SOURCE
> Task :multiplatform:feat:savetrail:impl:generateActualResourceCollectorsForJvmMain UP-TO-DATE
> Task :multiplatform:screen:activity:impl:generateResourceAccessorsForCommonTest NO-SOURCE
> Task :multiplatform:screen:activity:impl:generateResourceAccessorsForCommonMain NO-SOURCE
> Task :multiplatform:foundation:networking:jvmProcessResources UP-TO-DATE
> Task :multiplatform:foundation:networking:processJvmMainResources SKIPPED
> Task :multiplatform:screen:activity:impl:assembleJvmTestResources UP-TO-DATE
> Task :multiplatform:app:context:copyNonXmlValueResourcesForCommonMain NO-SOURCE
> Task :multiplatform:foundation:designsystem:prepareComposeResourcesTaskForCommonMain UP-TO-DATE
> Task :multiplatform:app:context:convertXmlValueResourcesForJvmMain NO-SOURCE
> Task :multiplatform:app:context:generateComposeResClass UP-TO-DATE
> Task :multiplatform:screen:activity:impl:assembleJvmMainResources UP-TO-DATE
> Task :multiplatform:screen:activity:impl:generateResourceAccessorsForJvmTest NO-SOURCE
> Task :multiplatform:app:context:copyNonXmlValueResourcesForJvmMain NO-SOURCE
> Task :multiplatform:app:context:checkKotlinGradlePluginConfigurationErrors SKIPPED
> Task :server:fake:compileKotlinJvm UP-TO-DATE
> Task :multiplatform:screen:activity:impl:generateResourceAccessorsForJvmMain NO-SOURCE
> Task :multiplatform:app:core:kmpPartiallyResolvedDependenciesChecker
> Task :multiplatform:app:core:convertXmlValueResourcesForJvmMain NO-SOURCE
> Task :multiplatform:app:core:generateComposeResClass UP-TO-DATE
> Task :multiplatform:app:core:convertXmlValueResourcesForCommonMain NO-SOURCE
> Task :multiplatform:feat:savetrail:api:generateActualResourceCollectorsForJvmMain UP-TO-DATE
> Task :multiplatform:app:core:checkKotlinGradlePluginConfigurationErrors SKIPPED
> Task :multiplatform:screen:explore:api:prepareComposeResourcesTaskForJvmMain NO-SOURCE
> Task :multiplatform:app:context:convertXmlValueResourcesForCommonMain NO-SOURCE
> Task :multiplatform:screen:explore:api:assembleJvmMainResources UP-TO-DATE
> Task :multiplatform:app:core:copyNonXmlValueResourcesForJvmMain NO-SOURCE
> Task :server:fake:compileJvmMainJava NO-SOURCE
> Task :multiplatform:screen:activity:impl:generateActualResourceCollectorsForJvmMain UP-TO-DATE
> Task :multiplatform:app:core:copyNonXmlValueResourcesForCommonMain NO-SOURCE
> Task :multiplatform:screen:explore:api:generateResourceAccessorsForJvmMain NO-SOURCE
> Task :server:fake:jvmMainClasses UP-TO-DATE
> Task :multiplatform:app:context:generateExpectResourceCollectorsForCommonMain UP-TO-DATE
> Task :multiplatform:app:context:prepareComposeResourcesTaskForJvmMain NO-SOURCE
> Task :multiplatform:app:context:prepareComposeResourcesTaskForCommonMain NO-SOURCE
> Task :multiplatform:foundation:designsystem:generateResourceAccessorsForCommonMain UP-TO-DATE
> Task :multiplatform:app:core:prepareComposeResourcesTaskForJvmMain NO-SOURCE
> Task :multiplatform:app:context:generateResourceAccessorsForJvmMain NO-SOURCE
> Task :multiplatform:foundation:designsystem:generateActualResourceCollectorsForJvmMain UP-TO-DATE
> Task :multiplatform:data:trail:api:compileKotlinJvm UP-TO-DATE
> Task :multiplatform:foundation:logging:kmpPartiallyResolvedDependenciesChecker
> Task :multiplatform:app:context:assembleJvmMainResources UP-TO-DATE
> Task :multiplatform:foundation:logging:checkKotlinGradlePluginConfigurationErrors SKIPPED
> Task :multiplatform:app:core:generateExpectResourceCollectorsForCommonMain UP-TO-DATE
> Task :multiplatform:model:db:kmpPartiallyResolvedDependenciesChecker
> Task :multiplatform:model:db:checkKotlinGradlePluginConfigurationErrors SKIPPED
> Task :multiplatform:app:core:prepareComposeResourcesTaskForCommonMain NO-SOURCE
> Task :multiplatform:model:db:generateComposeResClass UP-TO-DATE
> Task :multiplatform:app:context:generateResourceAccessorsForCommonMain NO-SOURCE
> Task :multiplatform:foundation:networking:compileKotlinJvm UP-TO-DATE
> Task :multiplatform:model:db:generateExpectResourceCollectorsForCommonMain UP-TO-DATE
> Task :multiplatform:data:trail:api:compileJvmMainJava NO-SOURCE
> Task :multiplatform:foundation:logging:jvmProcessResources NO-SOURCE
> Task :multiplatform:data:trail:api:jvmMainClasses UP-TO-DATE
> Task :multiplatform:model:domain:kmpPartiallyResolvedDependenciesChecker
> Task :multiplatform:model:domain:checkKotlinGradlePluginConfigurationErrors SKIPPED
> Task :multiplatform:model:db:convertXmlValueResourcesForJvmMain NO-SOURCE
> Task :multiplatform:model:db:generateCommonMainTrailsDatabaseInterface UP-TO-DATE
> Task :multiplatform:model:db:convertXmlValueResourcesForCommonMain NO-SOURCE
> Task :multiplatform:app:core:generateResourceAccessorsForCommonMain NO-SOURCE
> Task :multiplatform:screen:explore:api:generateActualResourceCollectorsForJvmMain UP-TO-DATE
> Task :multiplatform:model:domain:generateComposeResClass UP-TO-DATE
> Task :multiplatform:foundation:networking:compileJvmMainJava NO-SOURCE
> Task :multiplatform:foundation:designsystem:assembleJvmMainResources UP-TO-DATE
> Task :multiplatform:foundation:networking:jvmMainClasses UP-TO-DATE
> Task :multiplatform:model:db:copyNonXmlValueResourcesForCommonMain NO-SOURCE
> Task :multiplatform:app:core:generateResourceAccessorsForJvmMain NO-SOURCE
> Task :multiplatform:model:network:kmpPartiallyResolvedDependenciesChecker
> Task :multiplatform:data:trail:api:jvmJar UP-TO-DATE
> Task :multiplatform:model:domain:convertXmlValueResourcesForCommonMain NO-SOURCE
> Task :multiplatform:model:domain:copyNonXmlValueResourcesForJvmMain NO-SOURCE
> Task :multiplatform:model:db:prepareComposeResourcesTaskForCommonMain NO-SOURCE
> Task :multiplatform:feat:filters:api:kspKotlinJvm SKIPPED
> Task :multiplatform:foundation:logging:compileKotlinJvm UP-TO-DATE
> Task :multiplatform:data:trail:impl:kspKotlinJvm SKIPPED
> Task :server:fake:jvmJar UP-TO-DATE
> Task :multiplatform:foundation:logging:compileJvmMainJava NO-SOURCE
> Task :multiplatform:foundation:networking:jvmJar UP-TO-DATE
> Task :multiplatform:model:domain:copyNonXmlValueResourcesForCommonMain NO-SOURCE
> Task :multiplatform:model:domain:convertXmlValueResourcesForJvmMain NO-SOURCE
> Task :multiplatform:app:core:generateActualResourceCollectorsForJvmMain UP-TO-DATE
> Task :multiplatform:model:network:checkKotlinGradlePluginConfigurationErrors SKIPPED
> Task :multiplatform:foundation:logging:processJvmMainResources SKIPPED
> Task :multiplatform:foundation:logging:jvmMainClasses UP-TO-DATE
> Task :multiplatform:model:domain:generateExpectResourceCollectorsForCommonMain UP-TO-DATE
> Task :multiplatform:model:domain:prepareComposeResourcesTaskForJvmMain NO-SOURCE
> Task :multiplatform:model:domain:prepareComposeResourcesTaskForCommonMain NO-SOURCE
> Task :multiplatform:foundation:designsystem:kspKotlinJvm SKIPPED
> Task :multiplatform:model:db:copyNonXmlValueResourcesForJvmMain NO-SOURCE
> Task :multiplatform:foundation:logging:jvmJar UP-TO-DATE
> Task :multiplatform:model:network:convertXmlValueResourcesForCommonMain NO-SOURCE
> Task :multiplatform:foundation:designsystem:jvmProcessResources UP-TO-DATE
> Task :multiplatform:foundation:designsystem:processJvmMainResources SKIPPED
> Task :multiplatform:data:trail:impl:jvmProcessResources UP-TO-DATE
> Task :multiplatform:data:trail:impl:processJvmMainResources SKIPPED
> Task :multiplatform:model:network:convertXmlValueResourcesForJvmMain NO-SOURCE
> Task :multiplatform:model:network:generateComposeResClass UP-TO-DATE
> Task :multiplatform:model:domain:generateResourceAccessorsForJvmMain NO-SOURCE
> Task :multiplatform:model:db:generateResourceAccessorsForCommonMain NO-SOURCE
> Task :multiplatform:model:network:generateExpectResourceCollectorsForCommonMain UP-TO-DATE
> Task :multiplatform:model:network:copyNonXmlValueResourcesForCommonMain NO-SOURCE
> Task :multiplatform:model:network:copyNonXmlValueResourcesForJvmMain NO-SOURCE
> Task :multiplatform:data:trail:impl:compileKotlinJvm UP-TO-DATE
> Task :multiplatform:feat:savetrail:api:kspKotlinJvm SKIPPED
> Task :multiplatform:feat:filters:api:jvmProcessResources UP-TO-DATE
> Task :multiplatform:feat:filters:api:processJvmMainResources SKIPPED
> Task :multiplatform:app:bootstrap:api:kmpPartiallyResolvedDependenciesChecker
> Task :multiplatform:model:network:prepareComposeResourcesTaskForJvmMain NO-SOURCE
> Task :multiplatform:app:bootstrap:api:checkKotlinGradlePluginConfigurationErrors SKIPPED
> Task :multiplatform:app:scaffold:api:kmpPartiallyResolvedDependenciesChecker
> Task :multiplatform:app:scaffold:api:convertXmlValueResourcesForCommonMain NO-SOURCE
> Task :multiplatform:foundation:designsystem:compileKotlinJvm UP-TO-DATE
> Task :multiplatform:model:domain:assembleJvmMainResources UP-TO-DATE
> Task :multiplatform:model:domain:generateResourceAccessorsForCommonMain NO-SOURCE
> Task :multiplatform:app:context:generateActualResourceCollectorsForJvmMain UP-TO-DATE
> Task :multiplatform:model:db:prepareComposeResourcesTaskForJvmMain NO-SOURCE
> Task :multiplatform:app:scaffold:api:convertXmlValueResourcesForJvmMain NO-SOURCE
> Task :multiplatform:feat:filters:api:compileKotlinJvm UP-TO-DATE
> Task :multiplatform:feat:savetrail:api:compileKotlinJvm UP-TO-DATE
> Task :multiplatform:app:scaffold:api:generateComposeResClass UP-TO-DATE
> Task :multiplatform:app:scaffold:api:copyNonXmlValueResourcesForCommonMain NO-SOURCE
> Task :multiplatform:model:network:prepareComposeResourcesTaskForCommonMain NO-SOURCE
> Task :multiplatform:app:scaffold:api:checkKotlinGradlePluginConfigurationErrors SKIPPED
> Task :multiplatform:model:network:generateResourceAccessorsForCommonMain NO-SOURCE
> Task :multiplatform:feat:savetrail:api:jvmProcessResources UP-TO-DATE
> Task :multiplatform:model:network:generateResourceAccessorsForJvmMain NO-SOURCE
> Task :multiplatform:data:trail:impl:compileJvmMainJava NO-SOURCE
> Task :multiplatform:foundation:designsystem:compileJvmMainJava NO-SOURCE
> Task :multiplatform:app:scaffold:impl:kmpPartiallyResolvedDependenciesChecker
> Task :multiplatform:app:scaffold:api:copyNonXmlValueResourcesForJvmMain NO-SOURCE
> Task :multiplatform:app:scaffold:impl:convertXmlValueResourcesForCommonMain NO-SOURCE
> Task :multiplatform:feat:filters:api:compileJvmMainJava NO-SOURCE
> Task :multiplatform:model:db:assembleJvmMainResources UP-TO-DATE
> Task :multiplatform:app:scaffold:api:prepareComposeResourcesTaskForJvmMain NO-SOURCE
> Task :multiplatform:model:domain:generateActualResourceCollectorsForJvmMain UP-TO-DATE
> Task :multiplatform:model:db:generateResourceAccessorsForJvmMain NO-SOURCE
> Task :multiplatform:app:scaffold:impl:checkKotlinGradlePluginConfigurationErrors SKIPPED
> Task :multiplatform:foundation:designsystem:jvmMainClasses UP-TO-DATE
> Task :multiplatform:feat:savetrail:api:processJvmMainResources SKIPPED
> Task :multiplatform:data:trail:impl:jvmMainClasses UP-TO-DATE
> Task :multiplatform:model:db:generateActualResourceCollectorsForJvmMain UP-TO-DATE
> Task :multiplatform:app:scaffold:impl:copyNonXmlValueResourcesForCommonMain NO-SOURCE
> Task :multiplatform:model:db:kspKotlinJvm SKIPPED
> Task :multiplatform:model:network:generateActualResourceCollectorsForJvmMain UP-TO-DATE
> Task :multiplatform:app:scaffold:impl:prepareComposeResourcesTaskForCommonMain NO-SOURCE
> Task :multiplatform:feat:savetrail:api:compileJvmMainJava NO-SOURCE
> Task :multiplatform:model:network:assembleJvmMainResources UP-TO-DATE
> Task :multiplatform:app:scaffold:api:prepareComposeResourcesTaskForCommonMain NO-SOURCE
> Task :multiplatform:app:scaffold:api:generateExpectResourceCollectorsForCommonMain UP-TO-DATE
> Task :multiplatform:app:scaffold:impl:convertXmlValueResourcesForJvmMain NO-SOURCE
> Task :multiplatform:feat:savetrail:api:jvmMainClasses UP-TO-DATE
> Task :multiplatform:app:scaffold:impl:generateResourceAccessorsForCommonMain NO-SOURCE
> Task :multiplatform:model:domain:kspKotlinJvm SKIPPED
> Task :multiplatform:app:scaffold:impl:generateComposeResClass UP-TO-DATE
> Task :multiplatform:feat:filters:api:jvmMainClasses UP-TO-DATE
> Task :multiplatform:app:context:kspKotlinJvm SKIPPED
> Task :multiplatform:model:db:jvmProcessResources UP-TO-DATE
> Task :multiplatform:model:domain:jvmProcessResources UP-TO-DATE
> Task :multiplatform:app:context:jvmProcessResources UP-TO-DATE
> Task :multiplatform:app:context:processJvmMainResources SKIPPED
> Task :multiplatform:app:scaffold:impl:copyNonXmlValueResourcesForJvmMain NO-SOURCE
> Task :multiplatform:foundation:designsystem:jvmJar UP-TO-DATE
> Task :multiplatform:app:scaffold:api:generateResourceAccessorsForJvmMain NO-SOURCE
> Task :multiplatform:app:scaffold:impl:prepareComposeResourcesTaskForJvmMain NO-SOURCE
> Task :multiplatform:feat:filters:api:jvmJar UP-TO-DATE
> Task :multiplatform:screen:home:api:kmpPartiallyResolvedDependenciesChecker
> Task :multiplatform:feat:savetrail:api:jvmJar UP-TO-DATE
> Task :multiplatform:screen:home:api:convertXmlValueResourcesForCommonMain NO-SOURCE
> Task :multiplatform:screen:explore:api:kspKotlinJvm SKIPPED
> Task :multiplatform:app:scaffold:api:assembleJvmMainResources UP-TO-DATE
> Task :multiplatform:screen:home:api:checkKotlinGradlePluginConfigurationErrors SKIPPED
> Task :multiplatform:screen:explore:api:jvmProcessResources UP-TO-DATE
> Task :multiplatform:screen:explore:api:processJvmMainResources SKIPPED
> Task :multiplatform:app:scaffold:api:generateResourceAccessorsForCommonMain NO-SOURCE
> Task :multiplatform:data:trail:impl:jvmJar UP-TO-DATE
> Task :multiplatform:screen:home:api:copyNonXmlValueResourcesForJvmMain NO-SOURCE
> Task :multiplatform:model:domain:processJvmMainResources SKIPPED
> Task :multiplatform:model:db:processJvmMainResources SKIPPED
> Task :multiplatform:app:scaffold:api:generateActualResourceCollectorsForJvmMain UP-TO-DATE
> Task :multiplatform:app:scaffold:impl:generateExpectResourceCollectorsForCommonMain UP-TO-DATE
> Task :multiplatform:app:scaffold:impl:generateResourceAccessorsForJvmMain NO-SOURCE
> Task :multiplatform:screen:home:api:generateComposeResClass UP-TO-DATE
> Task :multiplatform:screen:home:api:generateExpectResourceCollectorsForCommonMain UP-TO-DATE
> Task :multiplatform:feat:savetrail:impl:kspKotlinJvm SKIPPED
> Task :multiplatform:app:context:compileKotlinJvm UP-TO-DATE
> Task :multiplatform:screen:home:api:convertXmlValueResourcesForJvmMain NO-SOURCE
> Task :multiplatform:screen:profile:api:kmpPartiallyResolvedDependenciesChecker
> Task :multiplatform:model:db:compileKotlinJvm UP-TO-DATE
> Task :multiplatform:model:domain:compileKotlinJvm UP-TO-DATE
> Task :multiplatform:screen:home:api:copyNonXmlValueResourcesForCommonMain NO-SOURCE
> Task :multiplatform:screen:home:api:prepareComposeResourcesTaskForJvmMain NO-SOURCE
> Task :multiplatform:screen:profile:api:copyNonXmlValueResourcesForCommonMain NO-SOURCE
> Task :multiplatform:screen:profile:api:copyNonXmlValueResourcesForJvmMain NO-SOURCE
> Task :multiplatform:screen:home:api:prepareComposeResourcesTaskForCommonMain NO-SOURCE
> Task :multiplatform:screen:profile:api:convertXmlValueResourcesForJvmMain NO-SOURCE
> Task :multiplatform:model:db:compileJvmMainJava NO-SOURCE
> Task :multiplatform:screen:profile:api:generateExpectResourceCollectorsForCommonMain UP-TO-DATE
> Task :multiplatform:app:context:compileJvmMainJava NO-SOURCE
> Task :multiplatform:app:scaffold:api:kspKotlinJvm SKIPPED
> Task :multiplatform:app:scaffold:impl:generateActualResourceCollectorsForJvmMain UP-TO-DATE
> Task :multiplatform:model:domain:compileJvmMainJava NO-SOURCE
> Task :multiplatform:model:domain:jvmMainClasses UP-TO-DATE
> Task :multiplatform:model:db:jvmMainClasses UP-TO-DATE
> Task :multiplatform:app:scaffold:impl:assembleJvmMainResources UP-TO-DATE
> Task :multiplatform:screen:explore:api:compileKotlinJvm UP-TO-DATE
> Task :multiplatform:app:scaffold:api:jvmProcessResources UP-TO-DATE
> Task :multiplatform:app:scaffold:api:processJvmMainResources SKIPPED
> Task :multiplatform:screen:profile:api:generateComposeResClass UP-TO-DATE
> Task :multiplatform:screen:profile:api:convertXmlValueResourcesForCommonMain NO-SOURCE
> Task :multiplatform:di:graph:active:kmpPartiallyResolvedDependenciesChecker
> Task :multiplatform:feat:savetrail:impl:jvmProcessResources UP-TO-DATE
> Task :multiplatform:di:graph:active:checkKotlinGradlePluginConfigurationErrors SKIPPED
> Task :multiplatform:di:graph:active:convertXmlValueResourcesForCommonMain NO-SOURCE
> Task :multiplatform:model:domain:jvmJar UP-TO-DATE
> Task :multiplatform:model:db:jvmJar UP-TO-DATE
> Task :multiplatform:feat:savetrail:impl:compileKotlinJvm UP-TO-DATE
> Task :multiplatform:model:network:kspKotlinJvm SKIPPED
> Task :multiplatform:screen:profile:api:prepareComposeResourcesTaskForCommonMain NO-SOURCE
> Task :multiplatform:model:network:jvmProcessResources UP-TO-DATE
> Task :multiplatform:screen:profile:api:checkKotlinGradlePluginConfigurationErrors SKIPPED
> Task :multiplatform:screen:home:api:generateResourceAccessorsForJvmMain NO-SOURCE
> Task :multiplatform:screen:home:api:assembleJvmMainResources UP-TO-DATE
> Task :multiplatform:di:graph:active:copyNonXmlValueResourcesForCommonMain NO-SOURCE
> Task :multiplatform:screen:profile:api:generateResourceAccessorsForCommonMain NO-SOURCE
> Task :multiplatform:feat:savetrail:impl:processJvmMainResources SKIPPED
> Task :multiplatform:screen:home:api:generateResourceAccessorsForCommonMain NO-SOURCE
> Task :multiplatform:di:graph:active:generateComposeResClass UP-TO-DATE
> Task :multiplatform:screen:profile:api:prepareComposeResourcesTaskForJvmMain NO-SOURCE
> Task :multiplatform:app:scaffold:api:compileKotlinJvm UP-TO-DATE
> Task :multiplatform:feat:filters:impl:kmpPartiallyResolvedDependenciesChecker
> Task :multiplatform:di:graph:active:generateExpectResourceCollectorsForCommonMain UP-TO-DATE
> Task :multiplatform:feat:filters:impl:checkKotlinGradlePluginConfigurationErrors SKIPPED
> Task :multiplatform:feat:filters:impl:convertXmlValueResourcesForCommonMain NO-SOURCE
> Task :multiplatform:screen:home:api:generateActualResourceCollectorsForJvmMain UP-TO-DATE
> Task :multiplatform:screen:profile:api:assembleJvmMainResources UP-TO-DATE
> Task :multiplatform:screen:profile:api:generateResourceAccessorsForJvmMain NO-SOURCE
> Task :multiplatform:app:context:jvmMainClasses UP-TO-DATE
> Task :multiplatform:screen:explore:api:compileJvmMainJava NO-SOURCE
> Task :multiplatform:feat:filters:impl:convertXmlValueResourcesForJvmMain NO-SOURCE
> Task :multiplatform:screen:home:api:kspKotlinJvm SKIPPED
> Task :multiplatform:model:network:compileKotlinJvm UP-TO-DATE
> Task :multiplatform:feat:filters:impl:copyNonXmlValueResourcesForCommonMain NO-SOURCE
> Task :multiplatform:feat:filters:impl:generateComposeResClass UP-TO-DATE
> Task :multiplatform:app:scaffold:api:compileJvmMainJava NO-SOURCE
> Task :multiplatform:screen:profile:api:generateActualResourceCollectorsForJvmMain UP-TO-DATE
> Task :multiplatform:app:scaffold:api:jvmMainClasses UP-TO-DATE
> Task :multiplatform:di:graph:active:prepareComposeResourcesTaskForCommonMain NO-SOURCE
> Task :multiplatform:di:graph:active:copyNonXmlValueResourcesForJvmMain NO-SOURCE
> Task :multiplatform:di:graph:active:generateResourceAccessorsForCommonMain NO-SOURCE
> Task :multiplatform:di:graph:active:convertXmlValueResourcesForJvmMain NO-SOURCE
> Task :multiplatform:model:network:processJvmMainResources SKIPPED
> Task :multiplatform:feat:filters:impl:generateExpectResourceCollectorsForCommonMain UP-TO-DATE
> Task :multiplatform:di:graph:active:prepareComposeResourcesTaskForJvmMain NO-SOURCE
> Task :multiplatform:feat:filters:impl:prepareComposeResourcesTaskForCommonMain NO-SOURCE
> Task :multiplatform:di:graph:active:generateResourceAccessorsForJvmMain NO-SOURCE
> Task :multiplatform:screen:collection:api:kmpPartiallyResolvedDependenciesChecker
> Task :multiplatform:di:graph:active:generateActualResourceCollectorsForJvmMain UP-TO-DATE
> Task :multiplatform:feat:filters:impl:generateResourceAccessorsForCommonMain NO-SOURCE
> Task :multiplatform:screen:collection:api:generateComposeResClass UP-TO-DATE
> Task :multiplatform:feat:savetrail:impl:compileJvmMainJava NO-SOURCE
> Task :multiplatform:screen:explore:api:jvmMainClasses UP-TO-DATE
> Task :multiplatform:feat:savetrail:impl:jvmMainClasses UP-TO-DATE
> Task :multiplatform:app:scaffold:api:jvmJar UP-TO-DATE
> Task :multiplatform:screen:collection:api:convertXmlValueResourcesForCommonMain NO-SOURCE
> Task :multiplatform:screen:collection:api:convertXmlValueResourcesForJvmMain NO-SOURCE
> Task :multiplatform:screen:home:api:jvmProcessResources UP-TO-DATE
> Task :multiplatform:screen:home:api:processJvmMainResources SKIPPED
> Task :multiplatform:model:network:compileJvmMainJava NO-SOURCE
> Task :multiplatform:screen:collection:impl:kmpPartiallyResolvedDependenciesChecker
> Task :multiplatform:screen:collection:impl:checkKotlinGradlePluginConfigurationErrors SKIPPED
> Task :multiplatform:feat:savetrail:impl:jvmJar UP-TO-DATE
> Task :multiplatform:screen:explore:api:jvmJar UP-TO-DATE
> Task :multiplatform:feat:filters:impl:copyNonXmlValueResourcesForJvmMain NO-SOURCE
> Task :multiplatform:screen:collection:impl:convertXmlValueResourcesForCommonMain NO-SOURCE
> Task :multiplatform:screen:collection:api:copyNonXmlValueResourcesForCommonMain NO-SOURCE
> Task :multiplatform:screen:collection:impl:copyNonXmlValueResourcesForJvmMain NO-SOURCE
> Task :multiplatform:screen:collection:api:generateExpectResourceCollectorsForCommonMain UP-TO-DATE
> Task :multiplatform:screen:collection:api:checkKotlinGradlePluginConfigurationErrors SKIPPED
> Task :multiplatform:feat:filters:impl:prepareComposeResourcesTaskForJvmMain NO-SOURCE
> Task :multiplatform:app:context:jvmJar UP-TO-DATE
> Task :multiplatform:screen:collection:impl:copyNonXmlValueResourcesForCommonMain NO-SOURCE
> Task :multiplatform:screen:profile:api:kspKotlinJvm SKIPPED
> Task :multiplatform:screen:collection:impl:generateExpectResourceCollectorsForCommonMain UP-TO-DATE
> Task :multiplatform:screen:collection:impl:generateComposeResClass UP-TO-DATE
> Task :multiplatform:screen:collection:api:copyNonXmlValueResourcesForJvmMain NO-SOURCE
> Task :multiplatform:feat:filters:impl:generateResourceAccessorsForJvmMain NO-SOURCE
> Task :multiplatform:feat:filters:impl:assembleJvmMainResources UP-TO-DATE
> Task :multiplatform:screen:collection:api:prepareComposeResourcesTaskForCommonMain NO-SOURCE
> Task :multiplatform:screen:collection:impl:convertXmlValueResourcesForJvmMain NO-SOURCE
> Task :multiplatform:screen:collection:api:prepareComposeResourcesTaskForJvmMain NO-SOURCE
> Task :multiplatform:screen:profile:api:jvmProcessResources UP-TO-DATE
> Task :multiplatform:screen:activity:api:kspKotlinJvm SKIPPED
> Task :multiplatform:model:network:jvmMainClasses UP-TO-DATE
> Task :multiplatform:screen:explore:impl:convertXmlValueResourcesForCommonMain NO-SOURCE
> Task :multiplatform:screen:collection:api:generateResourceAccessorsForCommonMain NO-SOURCE
> Task :multiplatform:screen:collection:api:generateResourceAccessorsForJvmMain NO-SOURCE
> Task :multiplatform:feat:filters:impl:generateActualResourceCollectorsForJvmMain UP-TO-DATE
> Task :multiplatform:screen:explore:impl:convertXmlValueResourcesForJvmMain NO-SOURCE
> Task :multiplatform:screen:explore:impl:kmpPartiallyResolvedDependenciesChecker
> Task :multiplatform:screen:collection:api:assembleJvmMainResources UP-TO-DATE
> Task :multiplatform:feat:filters:impl:kspKotlinJvm SKIPPED
> Task :multiplatform:screen:collection:impl:prepareComposeResourcesTaskForJvmMain NO-SOURCE
> Task :multiplatform:screen:profile:api:processJvmMainResources SKIPPED
> Task :multiplatform:screen:collection:impl:prepareComposeResourcesTaskForCommonMain NO-SOURCE
> Task :multiplatform:screen:explore:impl:copyNonXmlValueResourcesForJvmMain NO-SOURCE
> Task :multiplatform:screen:explore:impl:generateComposeResClass UP-TO-DATE
> Task :multiplatform:screen:explore:impl:copyNonXmlValueResourcesForCommonMain NO-SOURCE
> Task :multiplatform:screen:explore:impl:generateExpectResourceCollectorsForCommonMain UP-TO-DATE
> Task :multiplatform:screen:explore:impl:prepareComposeResourcesTaskForJvmMain NO-SOURCE
> Task :multiplatform:screen:collection:impl:generateResourceAccessorsForCommonMain NO-SOURCE
> Task :multiplatform:model:network:jvmJar UP-TO-DATE
> Task :multiplatform:screen:collection:impl:generateResourceAccessorsForJvmMain NO-SOURCE
> Task :multiplatform:screen:home:api:compileKotlinJvm UP-TO-DATE
> Task :multiplatform:screen:collection:api:generateActualResourceCollectorsForJvmMain UP-TO-DATE
> Task :multiplatform:screen:activity:api:jvmProcessResources UP-TO-DATE
> Task :multiplatform:screen:collection:impl:assembleJvmMainResources UP-TO-DATE
> Task :multiplatform:feat:filters:impl:jvmProcessResources UP-TO-DATE
> Task :multiplatform:screen:foryou:api:kmpPartiallyResolvedDependenciesChecker
> Task :multiplatform:feat:filters:impl:processJvmMainResources SKIPPED
> Task :multiplatform:screen:foryou:api:checkKotlinGradlePluginConfigurationErrors SKIPPED
> Task :multiplatform:screen:foryou:api:convertXmlValueResourcesForCommonMain NO-SOURCE
> Task :multiplatform:screen:collection:api:kspKotlinJvm SKIPPED
> Task :multiplatform:screen:foryou:api:convertXmlValueResourcesForJvmMain NO-SOURCE
> Task :multiplatform:screen:profile:api:compileKotlinJvm UP-TO-DATE
> Task :multiplatform:screen:explore:impl:checkKotlinGradlePluginConfigurationErrors SKIPPED
> Task :multiplatform:screen:foryou:api:generateComposeResClass UP-TO-DATE
> Task :multiplatform:screen:home:api:compileJvmMainJava NO-SOURCE
> Task :multiplatform:screen:home:api:jvmMainClasses UP-TO-DATE
> Task :multiplatform:screen:foryou:api:generateExpectResourceCollectorsForCommonMain UP-TO-DATE
> Task :multiplatform:screen:foryou:impl:kmpPartiallyResolvedDependenciesChecker
> Task :multiplatform:screen:foryou:impl:checkKotlinGradlePluginConfigurationErrors SKIPPED
> Task :multiplatform:screen:profile:api:compileJvmMainJava NO-SOURCE
> Task :multiplatform:screen:profile:api:jvmMainClasses UP-TO-DATE
> Task :multiplatform:screen:explore:impl:prepareComposeResourcesTaskForCommonMain NO-SOURCE
> Task :multiplatform:screen:foryou:impl:copyNonXmlValueResourcesForCommonMain NO-SOURCE
> Task :multiplatform:screen:foryou:impl:convertXmlValueResourcesForJvmMain NO-SOURCE
> Task :multiplatform:feat:filters:impl:compileKotlinJvm UP-TO-DATE
> Task :multiplatform:screen:foryou:impl:convertXmlValueResourcesForCommonMain NO-SOURCE
> Task :multiplatform:screen:explore:impl:assembleJvmMainResources UP-TO-DATE
> Task :multiplatform:screen:foryou:impl:copyNonXmlValueResourcesForJvmMain NO-SOURCE
> Task :multiplatform:screen:collection:impl:generateActualResourceCollectorsForJvmMain UP-TO-DATE
> Task :multiplatform:screen:foryou:api:copyNonXmlValueResourcesForJvmMain NO-SOURCE
> Task :multiplatform:screen:collection:api:jvmProcessResources UP-TO-DATE
> Task :multiplatform:screen:foryou:impl:prepareComposeResourcesTaskForJvmMain NO-SOURCE
> Task :multiplatform:screen:foryou:impl:generateComposeResClass UP-TO-DATE
> Task :multiplatform:screen:foryou:impl:prepareComposeResourcesTaskForCommonMain NO-SOURCE
> Task :multiplatform:feat:filters:impl:compileJvmMainJava NO-SOURCE
> Task :multiplatform:screen:collection:api:processJvmMainResources SKIPPED
> Task :multiplatform:screen:activity:api:processJvmMainResources SKIPPED
> Task :multiplatform:screen:home:api:jvmJar UP-TO-DATE
> Task :multiplatform:foundation:coroutines:kmpPartiallyResolvedDependenciesChecker
> Task :multiplatform:screen:foryou:api:copyNonXmlValueResourcesForCommonMain NO-SOURCE
> Task :multiplatform:screen:explore:impl:generateResourceAccessorsForJvmMain NO-SOURCE
> Task :multiplatform:screen:foryou:impl:generateExpectResourceCollectorsForCommonMain UP-TO-DATE
> Task :multiplatform:feat:filters:impl:jvmMainClasses UP-TO-DATE
> Task :multiplatform:screen:explore:impl:generateResourceAccessorsForCommonMain NO-SOURCE
> Task :multiplatform:screen:profile:api:jvmJar UP-TO-DATE
> Task :multiplatform:foundation:coroutines:jvmProcessResources NO-SOURCE
> Task :multiplatform:foundation:coroutines:checkKotlinGradlePluginConfigurationErrors SKIPPED
> Task :multiplatform:screen:foryou:impl:generateResourceAccessorsForCommonMain NO-SOURCE
> Task :multiplatform:screen:activity:api:compileKotlinJvm UP-TO-DATE
> Task :multiplatform:screen:foryou:api:prepareComposeResourcesTaskForJvmMain NO-SOURCE
> Task :multiplatform:screen:foryou:impl:assembleJvmMainResources UP-TO-DATE
> Task :multiplatform:foundation:coroutines:processJvmMainResources SKIPPED
> Task :multiplatform:screen:foryou:api:prepareComposeResourcesTaskForCommonMain NO-SOURCE
> Task :multiplatform:screen:foryou:impl:generateResourceAccessorsForJvmMain NO-SOURCE
> Task :multiplatform:data:post:api:convertXmlValueResourcesForJvmMain NO-SOURCE
> Task :multiplatform:data:post:api:copyNonXmlValueResourcesForCommonMain NO-SOURCE
> Task :multiplatform:data:post:api:generateComposeResClass UP-TO-DATE
> Task :multiplatform:screen:foryou:impl:generateActualResourceCollectorsForJvmMain UP-TO-DATE
> Task :multiplatform:screen:foryou:api:assembleJvmMainResources UP-TO-DATE
> Task :multiplatform:data:post:api:generateExpectResourceCollectorsForCommonMain UP-TO-DATE
> Task :multiplatform:app:scaffold:impl:kspKotlinJvm SKIPPED
> Task :multiplatform:screen:foryou:api:generateResourceAccessorsForCommonMain NO-SOURCE
> Task :multiplatform:screen:activity:api:compileJvmMainJava NO-SOURCE
> Task :multiplatform:screen:activity:api:jvmMainClasses UP-TO-DATE
> Task :multiplatform:screen:foryou:api:generateResourceAccessorsForJvmMain NO-SOURCE
> Task :multiplatform:data:post:api:kmpPartiallyResolvedDependenciesChecker
> Task :multiplatform:app:scaffold:impl:jvmProcessResources UP-TO-DATE
> Task :multiplatform:app:scaffold:impl:processJvmMainResources SKIPPED
> Task :multiplatform:data:post:api:checkKotlinGradlePluginConfigurationErrors SKIPPED
> Task :multiplatform:data:post:api:copyNonXmlValueResourcesForJvmMain NO-SOURCE
> Task :multiplatform:screen:foryou:api:generateActualResourceCollectorsForJvmMain UP-TO-DATE
> Task :multiplatform:data:post:api:convertXmlValueResourcesForCommonMain NO-SOURCE
> Task :multiplatform:screen:foryou:api:kspKotlinJvm SKIPPED
> Task :multiplatform:screen:home:impl:generateComposeResClass UP-TO-DATE
> Task :multiplatform:screen:navigate:api:kmpPartiallyResolvedDependenciesChecker
> Task :multiplatform:screen:navigate:api:checkKotlinGradlePluginConfigurationErrors SKIPPED
> Task :multiplatform:screen:home:impl:convertXmlValueResourcesForJvmMain NO-SOURCE
> Task :multiplatform:screen:home:impl:convertXmlValueResourcesForCommonMain NO-SOURCE
> Task :multiplatform:screen:home:impl:generateExpectResourceCollectorsForCommonMain UP-TO-DATE
> Task :multiplatform:data:post:api:prepareComposeResourcesTaskForJvmMain NO-SOURCE
> Task :multiplatform:feat:filters:impl:jvmJar UP-TO-DATE
> Task :multiplatform:screen:home:impl:copyNonXmlValueResourcesForJvmMain NO-SOURCE
> Task :multiplatform:screen:home:impl:kmpPartiallyResolvedDependenciesChecker
> Task :multiplatform:screen:foryou:api:jvmProcessResources UP-TO-DATE
> Task :multiplatform:screen:home:impl:checkKotlinGradlePluginConfigurationErrors SKIPPED
> Task :multiplatform:screen:activity:api:jvmJar UP-TO-DATE
> Task :multiplatform:data:post:api:prepareComposeResourcesTaskForCommonMain NO-SOURCE
> Task :multiplatform:screen:navigate:api:convertXmlValueResourcesForCommonMain NO-SOURCE
> Task :multiplatform:screen:foryou:api:processJvmMainResources SKIPPED
> Task :multiplatform:screen:navigate:api:convertXmlValueResourcesForJvmMain NO-SOURCE
> Task :multiplatform:screen:navigate:api:generateComposeResClass UP-TO-DATE
> Task :multiplatform:screen:explore:impl:generateActualResourceCollectorsForJvmMain UP-TO-DATE
> Task :multiplatform:screen:home:impl:copyNonXmlValueResourcesForCommonMain NO-SOURCE
> Task :multiplatform:screen:home:impl:prepareComposeResourcesTaskForJvmMain NO-SOURCE
> Task :multiplatform:data:post:api:generateResourceAccessorsForJvmMain NO-SOURCE
> Task :multiplatform:screen:navigate:api:copyNonXmlValueResourcesForCommonMain NO-SOURCE
> Task :multiplatform:screen:collection:api:compileKotlinJvm UP-TO-DATE
> Task :multiplatform:data:post:api:generateResourceAccessorsForCommonMain NO-SOURCE
> Task :multiplatform:foundation:coroutines:compileKotlinJvm UP-TO-DATE
> Task :multiplatform:screen:activity:impl:kspKotlinJvm SKIPPED
> Task :multiplatform:screen:navigate:api:generateExpectResourceCollectorsForCommonMain UP-TO-DATE
> Task :multiplatform:screen:activity:impl:jvmProcessResources UP-TO-DATE
> Task :multiplatform:screen:activity:impl:processJvmMainResources SKIPPED
> Task :multiplatform:screen:navigate:api:copyNonXmlValueResourcesForJvmMain NO-SOURCE
> Task :multiplatform:screen:explore:impl:kspKotlinJvm SKIPPED
> Task :multiplatform:screen:home:impl:generateResourceAccessorsForJvmMain NO-SOURCE
> Task :multiplatform:screen:collection:api:compileJvmMainJava NO-SOURCE
> Task :multiplatform:data:post:api:assembleJvmMainResources UP-TO-DATE
> Task :multiplatform:app:scaffold:impl:compileKotlinJvm UP-TO-DATE
> Task :multiplatform:screen:navigate:impl:convertXmlValueResourcesForCommonMain NO-SOURCE
> Task :multiplatform:screen:home:impl:prepareComposeResourcesTaskForCommonMain NO-SOURCE
> Task :multiplatform:screen:explore:impl:jvmProcessResources UP-TO-DATE
> Task :multiplatform:screen:navigate:impl:kmpPartiallyResolvedDependenciesChecker
> Task :multiplatform:screen:explore:impl:processJvmMainResources SKIPPED
> Task :multiplatform:screen:navigate:api:prepareComposeResourcesTaskForCommonMain NO-SOURCE
> Task :multiplatform:screen:home:impl:assembleJvmMainResources UP-TO-DATE
> Task :multiplatform:screen:home:impl:generateResourceAccessorsForCommonMain NO-SOURCE
> Task :multiplatform:screen:navigate:impl:copyNonXmlValueResourcesForCommonMain NO-SOURCE
> Task :multiplatform:screen:navigate:impl:convertXmlValueResourcesForJvmMain NO-SOURCE
> Task :multiplatform:screen:navigate:impl:prepareComposeResourcesTaskForCommonMain NO-SOURCE
> Task :multiplatform:data:post:api:generateActualResourceCollectorsForJvmMain UP-TO-DATE
> Task :multiplatform:screen:navigate:impl:generateResourceAccessorsForCommonMain NO-SOURCE
> Task :multiplatform:screen:foryou:api:compileKotlinJvm UP-TO-DATE
> Task :multiplatform:screen:navigate:impl:copyNonXmlValueResourcesForJvmMain NO-SOURCE
> Task :multiplatform:screen:navigate:impl:generateComposeResClass UP-TO-DATE
> Task :multiplatform:foundation:coroutines:compileJvmMainJava NO-SOURCE
> Task :multiplatform:foundation:coroutines:jvmMainClasses UP-TO-DATE
> Task :multiplatform:screen:navigate:impl:generateExpectResourceCollectorsForCommonMain UP-TO-DATE
> Task :multiplatform:screen:profile:impl:kmpPartiallyResolvedDependenciesChecker
> Task :multiplatform:screen:navigate:impl:prepareComposeResourcesTaskForJvmMain NO-SOURCE
> Task :multiplatform:screen:navigate:api:generateResourceAccessorsForCommonMain NO-SOURCE
> Task :multiplatform:screen:navigate:impl:generateResourceAccessorsForJvmMain NO-SOURCE
> Task :multiplatform:screen:navigate:impl:checkKotlinGradlePluginConfigurationErrors SKIPPED
> Task :multiplatform:screen:navigate:impl:assembleJvmMainResources UP-TO-DATE
> Task :multiplatform:screen:profile:impl:copyNonXmlValueResourcesForCommonMain NO-SOURCE
> Task :multiplatform:screen:navigate:impl:generateActualResourceCollectorsForJvmMain UP-TO-DATE
> Task :multiplatform:screen:profile:impl:convertXmlValueResourcesForJvmMain NO-SOURCE
> Task :multiplatform:screen:home:impl:generateActualResourceCollectorsForJvmMain UP-TO-DATE
> Task :multiplatform:app:scaffold:impl:compileJvmMainJava NO-SOURCE
> Task :multiplatform:app:scaffold:impl:jvmMainClasses UP-TO-DATE
> Task :multiplatform:screen:profile:impl:generateComposeResClass UP-TO-DATE
> Task :multiplatform:screen:profile:impl:copyNonXmlValueResourcesForJvmMain NO-SOURCE
> Task :multiplatform:screen:saved:api:kmpPartiallyResolvedDependenciesChecker
> Task :multiplatform:screen:collection:api:jvmMainClasses UP-TO-DATE
> Task :multiplatform:screen:saved:api:checkKotlinGradlePluginConfigurationErrors SKIPPED
> Task :multiplatform:screen:profile:impl:generateExpectResourceCollectorsForCommonMain UP-TO-DATE
> Task :multiplatform:screen:navigate:api:prepareComposeResourcesTaskForJvmMain NO-SOURCE
> Task :multiplatform:screen:profile:impl:prepareComposeResourcesTaskForJvmMain NO-SOURCE
> Task :multiplatform:screen:profile:impl:checkKotlinGradlePluginConfigurationErrors SKIPPED
> Task :multiplatform:screen:saved:api:generateComposeResClass UP-TO-DATE
> Task :multiplatform:screen:saved:api:convertXmlValueResourcesForJvmMain NO-SOURCE
> Task :multiplatform:screen:navigate:api:generateResourceAccessorsForJvmMain NO-SOURCE
> Task :multiplatform:screen:saved:api:convertXmlValueResourcesForCommonMain NO-SOURCE
> Task :multiplatform:app:scaffold:impl:jvmJar UP-TO-DATE
> Task :multiplatform:screen:profile:impl:convertXmlValueResourcesForCommonMain NO-SOURCE
> Task :multiplatform:screen:saved:api:generateExpectResourceCollectorsForCommonMain UP-TO-DATE
> Task :multiplatform:screen:collection:api:jvmJar UP-TO-DATE
> Task :multiplatform:screen:navigate:api:assembleJvmMainResources UP-TO-DATE
> Task :multiplatform:screen:activity:impl:compileKotlinJvm UP-TO-DATE
> Task :multiplatform:screen:saved:impl:kmpPartiallyResolvedDependenciesChecker
> Task :multiplatform:screen:saved:api:copyNonXmlValueResourcesForCommonMain NO-SOURCE
> Task :multiplatform:screen:collection:impl:kspKotlinJvm SKIPPED
> Task :multiplatform:screen:saved:impl:convertXmlValueResourcesForCommonMain NO-SOURCE
> Task :multiplatform:screen:saved:api:copyNonXmlValueResourcesForJvmMain NO-SOURCE
> Task :multiplatform:screen:saved:impl:checkKotlinGradlePluginConfigurationErrors SKIPPED
> Task :multiplatform:screen:explore:impl:compileKotlinJvm UP-TO-DATE
> Task :multiplatform:screen:collection:impl:jvmProcessResources UP-TO-DATE
> Task :multiplatform:screen:profile:impl:generateResourceAccessorsForJvmMain NO-SOURCE
> Task :multiplatform:screen:saved:impl:generateComposeResClass UP-TO-DATE
> Task :multiplatform:screen:collection:impl:processJvmMainResources SKIPPED
> Task :multiplatform:screen:saved:impl:convertXmlValueResourcesForJvmMain NO-SOURCE
> Task :multiplatform:screen:explore:impl:compileJvmMainJava NO-SOURCE
> Task :multiplatform:screen:saved:impl:copyNonXmlValueResourcesForJvmMain NO-SOURCE
> Task :multiplatform:foundation:coroutines:jvmJar UP-TO-DATE
> Task :multiplatform:screen:traildetail:api:kmpPartiallyResolvedDependenciesChecker
> Task :multiplatform:screen:traildetail:api:checkKotlinGradlePluginConfigurationErrors SKIPPED
> Task :multiplatform:screen:saved:api:prepareComposeResourcesTaskForCommonMain NO-SOURCE
> Task :multiplatform:screen:navigate:api:generateActualResourceCollectorsForJvmMain UP-TO-DATE
> Task :multiplatform:screen:saved:impl:generateExpectResourceCollectorsForCommonMain UP-TO-DATE
> Task :multiplatform:screen:saved:api:generateResourceAccessorsForCommonMain NO-SOURCE
> Task :multiplatform:screen:traildetail:api:copyNonXmlValueResourcesForCommonMain NO-SOURCE
> Task :multiplatform:screen:foryou:api:compileJvmMainJava NO-SOURCE
> Task :multiplatform:screen:profile:impl:prepareComposeResourcesTaskForCommonMain NO-SOURCE
> Task :multiplatform:screen:foryou:api:jvmMainClasses UP-TO-DATE
> Task :multiplatform:screen:profile:impl:generateResourceAccessorsForCommonMain NO-SOURCE
> Task :multiplatform:screen:traildetail:api:copyNonXmlValueResourcesForJvmMain NO-SOURCE
> Task :multiplatform:screen:profile:impl:assembleJvmMainResources UP-TO-DATE
> Task :multiplatform:screen:saved:impl:copyNonXmlValueResourcesForCommonMain NO-SOURCE
> Task :multiplatform:screen:profile:impl:generateActualResourceCollectorsForJvmMain UP-TO-DATE
> Task :multiplatform:screen:traildetail:api:convertXmlValueResourcesForJvmMain NO-SOURCE
> Task :multiplatform:screen:navigate:api:kspKotlinJvm SKIPPED
> Task :multiplatform:screen:traildetail:impl:kmpPartiallyResolvedDependenciesChecker
> Task :multiplatform:screen:activity:impl:compileJvmMainJava NO-SOURCE
> Task :multiplatform:screen:saved:impl:prepareComposeResourcesTaskForJvmMain NO-SOURCE
> Task :multiplatform:screen:activity:impl:jvmMainClasses UP-TO-DATE
> Task :multiplatform:screen:saved:impl:prepareComposeResourcesTaskForCommonMain NO-SOURCE
> Task :multiplatform:screen:traildetail:api:prepareComposeResourcesTaskForJvmMain NO-SOURCE
> Task :multiplatform:data:post:api:kspKotlinJvm SKIPPED
> Task :multiplatform:screen:navigate:api:jvmProcessResources UP-TO-DATE
> Task :multiplatform:screen:explore:impl:jvmMainClasses UP-TO-DATE
> Task :multiplatform:screen:saved:impl:generateResourceAccessorsForJvmMain NO-SOURCE
> Task :multiplatform:data:post:api:jvmProcessResources UP-TO-DATE
> Task :multiplatform:screen:navigate:api:processJvmMainResources SKIPPED
> Task :multiplatform:screen:saved:impl:generateResourceAccessorsForCommonMain NO-SOURCE
> Task :multiplatform:data:post:api:processJvmMainResources SKIPPED
> Task :multiplatform:screen:saved:impl:assembleJvmMainResources UP-TO-DATE
> Task :multiplatform:screen:traildetail:impl:checkKotlinGradlePluginConfigurationErrors SKIPPED
> Task :multiplatform:screen:traildetail:api:convertXmlValueResourcesForCommonMain NO-SOURCE
> Task :multiplatform:screen:saved:impl:generateActualResourceCollectorsForJvmMain UP-TO-DATE
> Task :multiplatform:screen:saved:api:prepareComposeResourcesTaskForJvmMain NO-SOURCE
> Task :multiplatform:screen:traildetail:impl:generateExpectResourceCollectorsForCommonMain UP-TO-DATE
> Task :multiplatform:screen:traildetail:api:generateResourceAccessorsForJvmMain NO-SOURCE
> Task :multiplatform:screen:explore:impl:jvmJar UP-TO-DATE
> Task :multiplatform:screen:traildetail:impl:convertXmlValueResourcesForJvmMain NO-SOURCE
> Task :multiplatform:screen:traildetail:impl:generateComposeResClass UP-TO-DATE
> Task :multiplatform:screen:traildetail:impl:convertXmlValueResourcesForCommonMain NO-SOURCE
> Task :multiplatform:screen:collection:impl:compileKotlinJvm UP-TO-DATE
> Task :multiplatform:screen:activity:impl:kspTestKotlinJvm SKIPPED
> Task :multiplatform:screen:traildetail:api:prepareComposeResourcesTaskForCommonMain NO-SOURCE
> Task :multiplatform:screen:profile:impl:kspKotlinJvm SKIPPED
> Task :multiplatform:screen:traildetail:api:generateResourceAccessorsForCommonMain NO-SOURCE
> Task :multiplatform:screen:traildetail:api:generateExpectResourceCollectorsForCommonMain UP-TO-DATE
> Task :multiplatform:di:graph:inactive:kmpPartiallyResolvedDependenciesChecker
> Task :multiplatform:screen:traildetail:api:generateActualResourceCollectorsForJvmMain UP-TO-DATE
> Task :multiplatform:di:graph:inactive:checkKotlinGradlePluginConfigurationErrors SKIPPED
> Task :multiplatform:screen:traildetail:api:assembleJvmMainResources UP-TO-DATE
> Task :multiplatform:screen:traildetail:api:generateComposeResClass UP-TO-DATE
> Task :multiplatform:di:graph:inactive:convertXmlValueResourcesForCommonMain NO-SOURCE
> Task :multiplatform:screen:foryou:api:jvmJar UP-TO-DATE
> Task :multiplatform:screen:collection:impl:compileJvmMainJava NO-SOURCE
> Task :multiplatform:screen:collection:impl:jvmMainClasses UP-TO-DATE
> Task :multiplatform:screen:activity:impl:jvmTestProcessResources UP-TO-DATE
> Task :multiplatform:screen:activity:impl:processJvmTestResources SKIPPED
> Task :multiplatform:di:graph:inactive:convertXmlValueResourcesForJvmMain NO-SOURCE
> Task :multiplatform:screen:profile:impl:jvmProcessResources UP-TO-DATE
> Task :multiplatform:screen:traildetail:impl:copyNonXmlValueResourcesForJvmMain NO-SOURCE
> Task :multiplatform:screen:profile:impl:processJvmMainResources SKIPPED
> Task :multiplatform:screen:traildetail:impl:copyNonXmlValueResourcesForCommonMain NO-SOURCE
> Task :multiplatform:di:graph:inactive:generateComposeResClass UP-TO-DATE
> Task :multiplatform:screen:saved:api:generateResourceAccessorsForJvmMain NO-SOURCE
> Task :multiplatform:di:graph:active:assembleJvmMainResources UP-TO-DATE
> Task :multiplatform:screen:traildetail:api:kspKotlinJvm SKIPPED
> Task :multiplatform:screen:saved:api:assembleJvmMainResources UP-TO-DATE
> Task :multiplatform:screen:traildetail:impl:prepareComposeResourcesTaskForJvmMain NO-SOURCE
> Task :multiplatform:di:graph:inactive:copyNonXmlValueResourcesForCommonMain NO-SOURCE
> Task :multiplatform:screen:activity:impl:jvmJar UP-TO-DATE
> Task :multiplatform:screen:foryou:impl:kspKotlinJvm SKIPPED
> Task :multiplatform:screen:traildetail:impl:generateResourceAccessorsForJvmMain NO-SOURCE
> Task :multiplatform:screen:navigate:api:compileKotlinJvm UP-TO-DATE
> Task :multiplatform:screen:traildetail:impl:prepareComposeResourcesTaskForCommonMain NO-SOURCE
> Task :multiplatform:screen:traildetail:api:jvmProcessResources UP-TO-DATE
> Task :multiplatform:di:graph:inactive:copyNonXmlValueResourcesForJvmMain NO-SOURCE
> Task :multiplatform:screen:saved:api:generateActualResourceCollectorsForJvmMain UP-TO-DATE
> Task :multiplatform:data:post:api:compileKotlinJvm UP-TO-DATE
> Task :multiplatform:screen:collection:impl:jvmJar UP-TO-DATE
> Task :multiplatform:screen:traildetail:impl:generateResourceAccessorsForCommonMain NO-SOURCE
> Task :multiplatform:screen:saved:api:kspKotlinJvm SKIPPED
> Task :multiplatform:screen:traildetail:api:processJvmMainResources SKIPPED
> Task :multiplatform:screen:foryou:impl:jvmProcessResources UP-TO-DATE
> Task :multiplatform:screen:navigate:api:compileJvmMainJava NO-SOURCE
> Task :multiplatform:screen:traildetail:impl:assembleJvmMainResources UP-TO-DATE
> Task :multiplatform:di:graph:loggedin:kmpPartiallyResolvedDependenciesChecker
> Task :multiplatform:di:graph:loggedin:checkKotlinGradlePluginConfigurationErrors SKIPPED
> Task :multiplatform:screen:saved:api:jvmProcessResources UP-TO-DATE
> Task :multiplatform:di:graph:loggedin:convertXmlValueResourcesForCommonMain NO-SOURCE
> Task :multiplatform:screen:saved:api:processJvmMainResources SKIPPED
> Task :multiplatform:screen:traildetail:impl:generateActualResourceCollectorsForJvmMain UP-TO-DATE
> Task :multiplatform:data:post:api:compileJvmMainJava NO-SOURCE
> Task :multiplatform:di:graph:loggedin:convertXmlValueResourcesForJvmMain NO-SOURCE
> Task :multiplatform:di:graph:loggedin:copyNonXmlValueResourcesForJvmMain NO-SOURCE
> Task :multiplatform:data:post:api:jvmMainClasses UP-TO-DATE
> Task :multiplatform:di:graph:inactive:prepareComposeResourcesTaskForCommonMain NO-SOURCE
> Task :multiplatform:di:graph:inactive:generateExpectResourceCollectorsForCommonMain UP-TO-DATE
> Task :multiplatform:di:graph:loggedin:generateComposeResClass UP-TO-DATE
> Task :multiplatform:screen:foryou:impl:processJvmMainResources SKIPPED
> Task :multiplatform:screen:traildetail:api:compileKotlinJvm UP-TO-DATE
> Task :multiplatform:di:graph:loggedin:copyNonXmlValueResourcesForCommonMain NO-SOURCE
> Task :multiplatform:screen:navigate:api:jvmMainClasses UP-TO-DATE
> Task :multiplatform:di:graph:loggedin:generateExpectResourceCollectorsForCommonMain UP-TO-DATE
> Task :multiplatform:screen:profile:impl:compileKotlinJvm UP-TO-DATE
> Task :multiplatform:di:graph:inactive:prepareComposeResourcesTaskForJvmMain NO-SOURCE
> Task :multiplatform:di:graph:loggedout:kmpPartiallyResolvedDependenciesChecker
> Task :multiplatform:di:graph:loggedout:checkKotlinGradlePluginConfigurationErrors SKIPPED
> Task :multiplatform:di:graph:loggedout:copyNonXmlValueResourcesForCommonMain NO-SOURCE
> Task :multiplatform:screen:traildetail:api:compileJvmMainJava NO-SOURCE
> Task :multiplatform:screen:profile:impl:compileJvmMainJava NO-SOURCE
> Task :multiplatform:di:graph:loggedout:convertXmlValueResourcesForJvmMain NO-SOURCE
> Task :multiplatform:screen:profile:impl:jvmMainClasses UP-TO-DATE
> Task :multiplatform:di:graph:loggedin:prepareComposeResourcesTaskForJvmMain NO-SOURCE
> Task :multiplatform:screen:traildetail:api:jvmMainClasses UP-TO-DATE
> Task :multiplatform:di:graph:inactive:generateResourceAccessorsForJvmMain NO-SOURCE
> Task :multiplatform:di:graph:inactive:generateResourceAccessorsForCommonMain NO-SOURCE
> Task :multiplatform:di:graph:inactive:assembleJvmMainResources UP-TO-DATE
> Task :multiplatform:di:graph:loggedout:copyNonXmlValueResourcesForJvmMain NO-SOURCE
> Task :multiplatform:data:post:api:jvmJar UP-TO-DATE
> Task :multiplatform:di:graph:loggedin:generateResourceAccessorsForJvmMain NO-SOURCE
> Task :multiplatform:screen:home:impl:kspKotlinJvm SKIPPED
> Task :multiplatform:screen:foryou:impl:compileKotlinJvm UP-TO-DATE
> Task :multiplatform:di:graph:loggedin:prepareComposeResourcesTaskForCommonMain NO-SOURCE
> Task :multiplatform:di:graph:loggedout:generateComposeResClass UP-TO-DATE
> Task :multiplatform:di:graph:loggedout:convertXmlValueResourcesForCommonMain NO-SOURCE
> Task :multiplatform:screen:welcome:api:kmpPartiallyResolvedDependenciesChecker
> Task :multiplatform:screen:welcome:api:checkKotlinGradlePluginConfigurationErrors SKIPPED
> Task :multiplatform:di:graph:loggedout:generateExpectResourceCollectorsForCommonMain UP-TO-DATE
> Task :multiplatform:di:graph:loggedout:prepareComposeResourcesTaskForJvmMain NO-SOURCE
> Task :multiplatform:screen:home:impl:jvmProcessResources UP-TO-DATE
> Task :multiplatform:screen:welcome:api:generateComposeResClass UP-TO-DATE
> Task :multiplatform:screen:welcome:api:convertXmlValueResourcesForCommonMain NO-SOURCE
> Task :multiplatform:screen:welcome:api:convertXmlValueResourcesForJvmMain NO-SOURCE
> Task :multiplatform:di:graph:inactive:generateActualResourceCollectorsForJvmMain UP-TO-DATE
> Task :multiplatform:di:graph:inactive:kspKotlinJvm SKIPPED
> Task :multiplatform:di:graph:loggedin:generateResourceAccessorsForCommonMain NO-SOURCE
> Task :multiplatform:screen:welcome:api:copyNonXmlValueResourcesForCommonMain NO-SOURCE
> Task :multiplatform:screen:welcome:api:generateExpectResourceCollectorsForCommonMain UP-TO-DATE
> Task :multiplatform:screen:foryou:impl:compileJvmMainJava NO-SOURCE
> Task :multiplatform:screen:foryou:impl:jvmMainClasses UP-TO-DATE
> Task :multiplatform:screen:home:impl:processJvmMainResources SKIPPED
> Task :multiplatform:screen:navigate:api:jvmJar UP-TO-DATE
> Task :multiplatform:screen:navigate:impl:kspKotlinJvm SKIPPED
> Task :multiplatform:di:graph:loggedout:prepareComposeResourcesTaskForCommonMain NO-SOURCE
> Task :multiplatform:di:graph:loggedout:generateResourceAccessorsForJvmMain NO-SOURCE
> Task :multiplatform:screen:profile:impl:jvmJar UP-TO-DATE
> Task :multiplatform:screen:welcome:api:prepareComposeResourcesTaskForCommonMain NO-SOURCE
> Task :multiplatform:screen:welcome:api:copyNonXmlValueResourcesForJvmMain NO-SOURCE
> Task :multiplatform:di:graph:loggedin:assembleJvmMainResources UP-TO-DATE
> Task :multiplatform:di:graph:loggedout:generateResourceAccessorsForCommonMain NO-SOURCE
> Task :multiplatform:di:graph:inactive:jvmProcessResources UP-TO-DATE
> Task :multiplatform:di:graph:loggedin:generateActualResourceCollectorsForJvmMain UP-TO-DATE
> Task :multiplatform:di:graph:inactive:processJvmMainResources SKIPPED
> Task :multiplatform:data:user:api:convertXmlValueResourcesForJvmMain NO-SOURCE
> Task :multiplatform:screen:foryou:impl:jvmJar UP-TO-DATE
> Task :multiplatform:data:user:api:copyNonXmlValueResourcesForJvmMain NO-SOURCE
> Task :multiplatform:data:user:api:kmpPartiallyResolvedDependenciesChecker
> Task :multiplatform:data:user:api:convertXmlValueResourcesForCommonMain NO-SOURCE
> Task :multiplatform:screen:traildetail:api:jvmJar UP-TO-DATE
> Task :multiplatform:screen:saved:api:compileKotlinJvm UP-TO-DATE
> Task :multiplatform:data:user:api:checkKotlinGradlePluginConfigurationErrors SKIPPED
> Task :multiplatform:screen:welcome:impl:kmpPartiallyResolvedDependenciesChecker
> Task :multiplatform:data:user:api:copyNonXmlValueResourcesForCommonMain NO-SOURCE
> Task :multiplatform:screen:traildetail:impl:kspKotlinJvm SKIPPED
> Task :multiplatform:screen:navigate:impl:jvmProcessResources UP-TO-DATE
> Task :multiplatform:screen:navigate:impl:processJvmMainResources SKIPPED
> Task :multiplatform:data:user:api:prepareComposeResourcesTaskForJvmMain NO-SOURCE
> Task :multiplatform:screen:welcome:impl:checkKotlinGradlePluginConfigurationErrors SKIPPED
> Task :multiplatform:di:graph:loggedout:generateActualResourceCollectorsForJvmMain UP-TO-DATE
> Task :multiplatform:data:user:api:generateExpectResourceCollectorsForCommonMain UP-TO-DATE
> Task :multiplatform:data:user:api:prepareComposeResourcesTaskForCommonMain NO-SOURCE
> Task :multiplatform:data:user:api:generateComposeResClass UP-TO-DATE
> Task :multiplatform:screen:welcome:api:generateResourceAccessorsForCommonMain NO-SOURCE
> Task :multiplatform:data:user:api:generateResourceAccessorsForJvmMain NO-SOURCE
> Task :multiplatform:screen:traildetail:impl:jvmProcessResources UP-TO-DATE
> Task :multiplatform:screen:welcome:api:prepareComposeResourcesTaskForJvmMain NO-SOURCE
> Task :multiplatform:screen:home:impl:compileKotlinJvm UP-TO-DATE
> Task :multiplatform:screen:welcome:impl:convertXmlValueResourcesForJvmMain NO-SOURCE
> Task :multiplatform:screen:welcome:impl:copyNonXmlValueResourcesForCommonMain NO-SOURCE
> Task :multiplatform:screen:welcome:impl:generateComposeResClass UP-TO-DATE
> Task :multiplatform:screen:traildetail:impl:processJvmMainResources SKIPPED
> Task :multiplatform:data:user:api:generateResourceAccessorsForCommonMain NO-SOURCE
> Task :multiplatform:data:user:api:assembleJvmMainResources UP-TO-DATE
> Task :multiplatform:screen:welcome:api:generateResourceAccessorsForJvmMain NO-SOURCE
> Task :multiplatform:app:bootstrap:impl:kmpPartiallyResolvedDependenciesChecker
> Task :multiplatform:app:bootstrap:impl:checkKotlinGradlePluginConfigurationErrors SKIPPED
> Task :multiplatform:app:bootstrap:api:jvmProcessResources NO-SOURCE
> Task :multiplatform:di:graph:inactive:compileKotlinJvm UP-TO-DATE
> Task :multiplatform:app:bootstrap:api:processJvmMainResources SKIPPED
> Task :multiplatform:screen:welcome:impl:generateExpectResourceCollectorsForCommonMain UP-TO-DATE
> Task :multiplatform:screen:welcome:impl:convertXmlValueResourcesForCommonMain NO-SOURCE
> Task :multiplatform:di:graph:loggedout:assembleJvmMainResources UP-TO-DATE
> Task :multiplatform:screen:saved:api:compileJvmMainJava NO-SOURCE
> Task :multiplatform:screen:home:impl:compileJvmMainJava NO-SOURCE
> Task :multiplatform:app:bootstrap:impl:convertXmlValueResourcesForCommonMain NO-SOURCE
> Task :multiplatform:screen:welcome:api:assembleJvmMainResources UP-TO-DATE
> Task :multiplatform:screen:welcome:impl:copyNonXmlValueResourcesForJvmMain NO-SOURCE
> Task :multiplatform:data:user:api:generateActualResourceCollectorsForJvmMain UP-TO-DATE
> Task :multiplatform:app:bootstrap:impl:convertXmlValueResourcesForJvmMain NO-SOURCE
> Task :multiplatform:screen:home:impl:jvmMainClasses UP-TO-DATE
> Task :multiplatform:screen:welcome:api:generateActualResourceCollectorsForJvmMain UP-TO-DATE
> Task :multiplatform:screen:saved:api:jvmMainClasses UP-TO-DATE
> Task :multiplatform:screen:welcome:impl:prepareComposeResourcesTaskForCommonMain NO-SOURCE
> Task :multiplatform:screen:welcome:api:kspKotlinJvm SKIPPED
> Task :multiplatform:di:graph:inactive:compileJvmMainJava NO-SOURCE
> Task :multiplatform:screen:welcome:impl:prepareComposeResourcesTaskForJvmMain NO-SOURCE
> Task :multiplatform:screen:navigate:impl:compileKotlinJvm UP-TO-DATE
> Task :multiplatform:di:graph:inactive:jvmMainClasses UP-TO-DATE
> Task :multiplatform:screen:traildetail:impl:compileKotlinJvm UP-TO-DATE
> Task :multiplatform:app:bootstrap:impl:generateComposeResClass UP-TO-DATE
> Task :multiplatform:app:bootstrap:impl:generateExpectResourceCollectorsForCommonMain UP-TO-DATE
> Task :multiplatform:screen:traildetail:impl:compileJvmMainJava NO-SOURCE
> Task :multiplatform:screen:prelanding:api:kmpPartiallyResolvedDependenciesChecker
> Task :multiplatform:screen:welcome:impl:generateResourceAccessorsForCommonMain NO-SOURCE
> Task :multiplatform:screen:saved:api:jvmJar UP-TO-DATE
> Task :multiplatform:screen:prelanding:api:checkKotlinGradlePluginConfigurationErrors SKIPPED
> Task :multiplatform:screen:welcome:impl:generateResourceAccessorsForJvmMain NO-SOURCE
> Task :multiplatform:screen:saved:impl:kspKotlinJvm SKIPPED
> Task :multiplatform:screen:welcome:api:jvmProcessResources UP-TO-DATE
> Task :multiplatform:screen:navigate:impl:compileJvmMainJava NO-SOURCE
> Task :multiplatform:screen:welcome:impl:assembleJvmMainResources UP-TO-DATE
> Task :multiplatform:screen:navigate:impl:jvmMainClasses UP-TO-DATE
> Task :multiplatform:app:bootstrap:impl:copyNonXmlValueResourcesForJvmMain NO-SOURCE
> Task :multiplatform:screen:home:impl:jvmJar UP-TO-DATE
> Task :multiplatform:screen:saved:impl:jvmProcessResources UP-TO-DATE
> Task :multiplatform:data:user:api:kspKotlinJvm SKIPPED
> Task :multiplatform:app:bootstrap:impl:copyNonXmlValueResourcesForCommonMain NO-SOURCE
> Task :multiplatform:di:graph:inactive:jvmJar UP-TO-DATE
> Task :multiplatform:screen:saved:impl:processJvmMainResources SKIPPED
> Task :multiplatform:screen:prelanding:api:convertXmlValueResourcesForCommonMain NO-SOURCE
> Task :multiplatform:screen:traildetail:impl:jvmMainClasses UP-TO-DATE
> Task :multiplatform:screen:welcome:impl:generateActualResourceCollectorsForJvmMain UP-TO-DATE
> Task :multiplatform:screen:prelanding:api:convertXmlValueResourcesForJvmMain NO-SOURCE
> Task :multiplatform:screen:prelanding:api:generateComposeResClass UP-TO-DATE
> Task :multiplatform:screen:prelanding:api:copyNonXmlValueResourcesForJvmMain NO-SOURCE
> Task :multiplatform:data:user:api:jvmProcessResources UP-TO-DATE
> Task :multiplatform:data:user:api:processJvmMainResources SKIPPED
> Task :multiplatform:screen:prelanding:api:prepareComposeResourcesTaskForJvmMain NO-SOURCE
> Task :multiplatform:screen:prelanding:api:generateExpectResourceCollectorsForCommonMain UP-TO-DATE
> Task :multiplatform:app:bootstrap:impl:prepareComposeResourcesTaskForCommonMain NO-SOURCE
> Task :multiplatform:screen:prelanding:api:copyNonXmlValueResourcesForCommonMain NO-SOURCE
> Task :multiplatform:screen:traildetail:impl:jvmJar UP-TO-DATE
> Task :multiplatform:data:auth:api:convertXmlValueResourcesForCommonMain NO-SOURCE
> Task :multiplatform:screen:welcome:api:processJvmMainResources SKIPPED
> Task :multiplatform:data:auth:api:convertXmlValueResourcesForJvmMain NO-SOURCE
> Task :multiplatform:screen:prelanding:api:generateResourceAccessorsForJvmMain NO-SOURCE
> Task :multiplatform:screen:welcome:api:compileKotlinJvm UP-TO-DATE
> Task :multiplatform:screen:prelanding:api:prepareComposeResourcesTaskForCommonMain NO-SOURCE
> Task :multiplatform:data:auth:api:generateExpectResourceCollectorsForCommonMain UP-TO-DATE
> Task :multiplatform:app:bootstrap:impl:generateResourceAccessorsForCommonMain NO-SOURCE
> Task :multiplatform:screen:prelanding:api:generateResourceAccessorsForCommonMain NO-SOURCE
> Task :multiplatform:screen:saved:impl:compileKotlinJvm UP-TO-DATE
> Task :multiplatform:app:bootstrap:impl:prepareComposeResourcesTaskForJvmMain NO-SOURCE
> Task :multiplatform:data:auth:api:kmpPartiallyResolvedDependenciesChecker
> Task :multiplatform:data:auth:api:generateComposeResClass UP-TO-DATE
> Task :multiplatform:screen:prelanding:api:assembleJvmMainResources UP-TO-DATE
> Task :multiplatform:data:auth:impl:convertXmlValueResourcesForCommonMain NO-SOURCE
> Task :multiplatform:screen:navigate:impl:jvmJar UP-TO-DATE
> Task :multiplatform:app:bootstrap:impl:assembleJvmMainResources UP-TO-DATE
> Task :multiplatform:screen:saved:impl:compileJvmMainJava NO-SOURCE
> Task :multiplatform:screen:saved:impl:jvmMainClasses UP-TO-DATE
> Task :multiplatform:data:auth:impl:kmpPartiallyResolvedDependenciesChecker
> Task :multiplatform:data:auth:impl:convertXmlValueResourcesForJvmMain NO-SOURCE
> Task :multiplatform:data:auth:api:copyNonXmlValueResourcesForJvmMain NO-SOURCE
> Task :multiplatform:data:auth:impl:checkKotlinGradlePluginConfigurationErrors SKIPPED
> Task :multiplatform:data:auth:impl:generateComposeResClass UP-TO-DATE
> Task :multiplatform:screen:saved:impl:jvmJar UP-TO-DATE
> Task :multiplatform:data:auth:impl:generateExpectResourceCollectorsForCommonMain UP-TO-DATE
> Task :multiplatform:screen:welcome:api:compileJvmMainJava NO-SOURCE
> Task :multiplatform:data:auth:api:copyNonXmlValueResourcesForCommonMain NO-SOURCE
> Task :multiplatform:data:auth:impl:copyNonXmlValueResourcesForJvmMain NO-SOURCE
> Task :multiplatform:data:devsettings:api:kmpPartiallyResolvedDependenciesChecker
> Task :multiplatform:di:graph:active:kspKotlinJvm SKIPPED
> Task :multiplatform:data:auth:api:prepareComposeResourcesTaskForCommonMain NO-SOURCE
> Task :multiplatform:data:user:api:compileKotlinJvm UP-TO-DATE
> Task :multiplatform:data:auth:impl:prepareComposeResourcesTaskForJvmMain NO-SOURCE
> Task :multiplatform:data:devsettings:api:generateComposeResClass UP-TO-DATE
> Task :multiplatform:data:devsettings:api:convertXmlValueResourcesForJvmMain NO-SOURCE
> Task :multiplatform:app:bootstrap:impl:generateResourceAccessorsForJvmMain NO-SOURCE
> Task :multiplatform:data:devsettings:api:convertXmlValueResourcesForCommonMain NO-SOURCE
> Task :multiplatform:data:devsettings:api:copyNonXmlValueResourcesForJvmMain NO-SOURCE
> Task :multiplatform:data:auth:impl:copyNonXmlValueResourcesForCommonMain NO-SOURCE
> Task :multiplatform:data:devsettings:api:copyNonXmlValueResourcesForCommonMain NO-SOURCE
> Task :multiplatform:data:user:api:compileJvmMainJava NO-SOURCE
> Task :multiplatform:data:user:api:jvmMainClasses UP-TO-DATE
> Task :multiplatform:data:auth:api:checkKotlinGradlePluginConfigurationErrors SKIPPED
> Task :multiplatform:app:bootstrap:impl:generateActualResourceCollectorsForJvmMain UP-TO-DATE
> Task :multiplatform:screen:prelanding:api:generateActualResourceCollectorsForJvmMain UP-TO-DATE
> Task :multiplatform:data:devsettings:api:prepareComposeResourcesTaskForCommonMain NO-SOURCE
> Task :multiplatform:screen:prelanding:api:kspKotlinJvm SKIPPED
> Task :multiplatform:data:auth:impl:prepareComposeResourcesTaskForCommonMain NO-SOURCE
> Task :multiplatform:data:devsettings:api:prepareComposeResourcesTaskForJvmMain NO-SOURCE
> Task :multiplatform:screen:prelanding:api:jvmProcessResources UP-TO-DATE
> Task :multiplatform:screen:prelanding:api:processJvmMainResources SKIPPED
> Task :multiplatform:data:devsettings:api:checkKotlinGradlePluginConfigurationErrors SKIPPED
> Task :multiplatform:screen:welcome:api:jvmMainClasses UP-TO-DATE
> Task :multiplatform:data:devsettings:api:generateResourceAccessorsForCommonMain NO-SOURCE
> Task :multiplatform:di:graph:active:jvmProcessResources UP-TO-DATE
> Task :multiplatform:data:auth:impl:generateResourceAccessorsForCommonMain NO-SOURCE
> Task :multiplatform:data:auth:api:generateResourceAccessorsForCommonMain NO-SOURCE
> Task :multiplatform:data:auth:impl:assembleJvmMainResources UP-TO-DATE
> Task :multiplatform:data:devsettings:api:generateResourceAccessorsForJvmMain NO-SOURCE
> Task :multiplatform:data:devsettings:api:assembleJvmMainResources UP-TO-DATE
> Task :multiplatform:data:auth:api:prepareComposeResourcesTaskForJvmMain NO-SOURCE
> Task :multiplatform:data:devsettings:api:generateExpectResourceCollectorsForCommonMain UP-TO-DATE
> Task :multiplatform:data:auth:impl:generateResourceAccessorsForJvmMain NO-SOURCE
> Task :multiplatform:data:user:api:jvmJar UP-TO-DATE
> Task :multiplatform:data:devsettings:impl:kmpPartiallyResolvedDependenciesChecker
> Task :multiplatform:data:devsettings:impl:copyNonXmlValueResourcesForJvmMain NO-SOURCE
> Task :multiplatform:data:devsettings:impl:checkKotlinGradlePluginConfigurationErrors SKIPPED
> Task :multiplatform:data:auth:impl:generateActualResourceCollectorsForJvmMain UP-TO-DATE
> Task :multiplatform:di:graph:active:processJvmMainResources SKIPPED
> Task :multiplatform:data:devsettings:impl:convertXmlValueResourcesForCommonMain NO-SOURCE
> Task :multiplatform:screen:welcome:api:jvmJar UP-TO-DATE
> Task :multiplatform:data:devsettings:impl:generateExpectResourceCollectorsForCommonMain UP-TO-DATE
> Task :multiplatform:data:devsettings:impl:copyNonXmlValueResourcesForCommonMain NO-SOURCE
> Task :multiplatform:data:post:impl:kmpPartiallyResolvedDependenciesChecker
> Task :multiplatform:screen:welcome:impl:kspKotlinJvm SKIPPED
> Task :multiplatform:data:auth:api:assembleJvmMainResources UP-TO-DATE
> Task :multiplatform:data:post:impl:convertXmlValueResourcesForJvmMain NO-SOURCE
> Task :multiplatform:data:devsettings:impl:generateComposeResClass UP-TO-DATE
> Task :multiplatform:data:post:impl:copyNonXmlValueResourcesForCommonMain NO-SOURCE
> Task :multiplatform:data:post:impl:checkKotlinGradlePluginConfigurationErrors SKIPPED
> Task :multiplatform:data:user:impl:kmpPartiallyResolvedDependenciesChecker
> Task :multiplatform:data:devsettings:impl:convertXmlValueResourcesForJvmMain NO-SOURCE
> Task :multiplatform:screen:welcome:impl:jvmProcessResources UP-TO-DATE
> Task :multiplatform:data:user:impl:checkKotlinGradlePluginConfigurationErrors SKIPPED
> Task :multiplatform:data:devsettings:api:generateActualResourceCollectorsForJvmMain UP-TO-DATE
> Task :multiplatform:data:devsettings:api:kspKotlinJvm SKIPPED
> Task :multiplatform:data:post:impl:convertXmlValueResourcesForCommonMain NO-SOURCE
> Task :multiplatform:data:post:impl:generateExpectResourceCollectorsForCommonMain UP-TO-DATE
> Task :multiplatform:data:devsettings:impl:prepareComposeResourcesTaskForCommonMain NO-SOURCE
> Task :multiplatform:data:post:impl:generateComposeResClass UP-TO-DATE
> Task :multiplatform:data:auth:api:generateResourceAccessorsForJvmMain NO-SOURCE
> Task :multiplatform:data:user:impl:convertXmlValueResourcesForJvmMain NO-SOURCE
> Task :multiplatform:screen:welcome:impl:processJvmMainResources SKIPPED
> Task :multiplatform:data:user:impl:generateComposeResClass UP-TO-DATE
> Task :multiplatform:data:user:impl:convertXmlValueResourcesForCommonMain NO-SOURCE
> Task :multiplatform:data:post:impl:prepareComposeResourcesTaskForCommonMain NO-SOURCE
> Task :multiplatform:di:graph:app:kmpPartiallyResolvedDependenciesChecker
> Task :multiplatform:di:graph:app:checkKotlinGradlePluginConfigurationErrors SKIPPED
> Task :multiplatform:data:post:impl:copyNonXmlValueResourcesForJvmMain NO-SOURCE
> Task :multiplatform:data:auth:api:generateActualResourceCollectorsForJvmMain UP-TO-DATE
> Task :multiplatform:data:devsettings:impl:prepareComposeResourcesTaskForJvmMain NO-SOURCE
> Task :multiplatform:data:devsettings:api:jvmProcessResources UP-TO-DATE
> Task :multiplatform:data:devsettings:impl:generateResourceAccessorsForCommonMain NO-SOURCE
> Task :multiplatform:data:auth:api:kspKotlinJvm SKIPPED
> Task :multiplatform:data:user:impl:generateExpectResourceCollectorsForCommonMain UP-TO-DATE
> Task :multiplatform:data:devsettings:api:processJvmMainResources SKIPPED
> Task :multiplatform:data:user:impl:copyNonXmlValueResourcesForJvmMain NO-SOURCE
> Task :multiplatform:data:user:impl:copyNonXmlValueResourcesForCommonMain NO-SOURCE
> Task :multiplatform:data:post:impl:generateResourceAccessorsForCommonMain NO-SOURCE
> Task :multiplatform:di:graph:active:compileKotlinJvm UP-TO-DATE
> Task :multiplatform:di:graph:app:convertXmlValueResourcesForJvmMain NO-SOURCE
> Task :multiplatform:data:devsettings:impl:assembleJvmMainResources UP-TO-DATE
> Task :multiplatform:di:graph:app:convertXmlValueResourcesForCommonMain NO-SOURCE
> Task :multiplatform:data:auth:api:jvmProcessResources UP-TO-DATE
> Task :multiplatform:data:auth:api:processJvmMainResources SKIPPED
> Task :multiplatform:data:post:impl:prepareComposeResourcesTaskForJvmMain NO-SOURCE
> Task :multiplatform:screen:prelanding:api:compileKotlinJvm UP-TO-DATE
> Task :multiplatform:data:devsettings:impl:generateResourceAccessorsForJvmMain NO-SOURCE
> Task :multiplatform:di:graph:app:generateComposeResClass UP-TO-DATE
> Task :multiplatform:data:user:impl:prepareComposeResourcesTaskForJvmMain NO-SOURCE
> Task :multiplatform:data:user:impl:prepareComposeResourcesTaskForCommonMain NO-SOURCE
> Task :multiplatform:di:graph:app:generateExpectResourceCollectorsForCommonMain UP-TO-DATE
> Task :multiplatform:di:graph:app:copyNonXmlValueResourcesForCommonMain NO-SOURCE
> Task :multiplatform:di:graph:app:copyNonXmlValueResourcesForJvmMain NO-SOURCE
> Task :multiplatform:data:devsettings:impl:generateActualResourceCollectorsForJvmMain UP-TO-DATE
> Task :multiplatform:screen:prelanding:api:compileJvmMainJava NO-SOURCE
> Task :multiplatform:screen:welcome:impl:compileKotlinJvm UP-TO-DATE
> Task :multiplatform:app:core:convertXmlValueResourcesForCommonTest NO-SOURCE
> Task :multiplatform:data:post:impl:assembleJvmMainResources UP-TO-DATE
> Task :multiplatform:data:post:impl:generateResourceAccessorsForJvmMain NO-SOURCE
> Task :multiplatform:screen:prelanding:api:jvmMainClasses UP-TO-DATE
> Task :multiplatform:app:core:convertXmlValueResourcesForJvmTest NO-SOURCE
> Task :multiplatform:data:user:impl:generateResourceAccessorsForCommonMain NO-SOURCE
> Task :multiplatform:data:user:impl:assembleJvmMainResources UP-TO-DATE
> Task :multiplatform:di:graph:active:compileJvmMainJava NO-SOURCE
> Task :multiplatform:app:core:assembleJvmMainResources UP-TO-DATE
> Task :multiplatform:data:user:impl:generateResourceAccessorsForJvmMain NO-SOURCE
> Task :multiplatform:di:graph:app:prepareComposeResourcesTaskForCommonMain NO-SOURCE
> Task :multiplatform:di:graph:active:jvmMainClasses UP-TO-DATE
> Task :multiplatform:di:graph:app:prepareComposeResourcesTaskForJvmMain NO-SOURCE
> Task :multiplatform:data:post:impl:generateActualResourceCollectorsForJvmMain UP-TO-DATE
> Task :multiplatform:app:core:copyNonXmlValueResourcesForCommonTest NO-SOURCE
> Task :multiplatform:data:devsettings:api:compileKotlinJvm UP-TO-DATE
> Task :multiplatform:app:core:copyNonXmlValueResourcesForJvmTest NO-SOURCE
> Task :multiplatform:data:auth:api:compileKotlinJvm UP-TO-DATE
> Task :multiplatform:screen:welcome:impl:compileJvmMainJava NO-SOURCE
> Task :multiplatform:di:graph:app:assembleJvmMainResources UP-TO-DATE
> Task :multiplatform:di:graph:app:generateResourceAccessorsForJvmMain NO-SOURCE
> Task :multiplatform:screen:prelanding:api:jvmJar UP-TO-DATE
> Task :multiplatform:app:core:koverFindJar UP-TO-DATE
> Task :multiplatform:di:graph:app:generateResourceAccessorsForCommonMain NO-SOURCE
> Task :multiplatform:data:user:impl:generateActualResourceCollectorsForJvmMain UP-TO-DATE
> Task :multiplatform:app:core:prepareComposeResourcesTaskForCommonTest NO-SOURCE
> Task :multiplatform:di:graph:active:jvmJar UP-TO-DATE
> Task :multiplatform:di:graph:app:generateActualResourceCollectorsForJvmMain UP-TO-DATE
> Task :multiplatform:data:auth:api:compileJvmMainJava NO-SOURCE
> Task :multiplatform:data:devsettings:api:compileJvmMainJava NO-SOURCE
> Task :multiplatform:di:graph:loggedin:kspKotlinJvm SKIPPED
> Task :multiplatform:app:core:generateResourceAccessorsForCommonTest NO-SOURCE
> Task :multiplatform:data:auth:api:jvmMainClasses UP-TO-DATE
> Task :multiplatform:app:core:prepareComposeResourcesTaskForJvmTest NO-SOURCE
> Task :multiplatform:screen:welcome:impl:jvmMainClasses UP-TO-DATE
> Task :multiplatform:app:core:generateResourceAccessorsForJvmTest NO-SOURCE
> Task :multiplatform:app:core:assembleJvmTestResources UP-TO-DATE
> Task :multiplatform:data:devsettings:api:jvmMainClasses UP-TO-DATE
> Task :multiplatform:data:auth:api:jvmJar UP-TO-DATE
> Task :multiplatform:screen:welcome:impl:jvmJar UP-TO-DATE
> Task :multiplatform:data:auth:impl:kspKotlinJvm SKIPPED
> Task :multiplatform:di:graph:loggedout:kspKotlinJvm SKIPPED
> Task :multiplatform:di:graph:loggedin:jvmProcessResources UP-TO-DATE
> Task :multiplatform:di:graph:loggedin:processJvmMainResources SKIPPED
> Task :multiplatform:data:auth:impl:jvmProcessResources UP-TO-DATE
> Task :multiplatform:di:graph:loggedout:jvmProcessResources UP-TO-DATE
> Task :multiplatform:data:auth:impl:processJvmMainResources SKIPPED
> Task :multiplatform:di:graph:loggedout:processJvmMainResources SKIPPED
> Task :multiplatform:data:devsettings:api:jvmJar UP-TO-DATE
> Task :multiplatform:data:devsettings:impl:kspKotlinJvm SKIPPED
> Task :multiplatform:data:devsettings:impl:jvmProcessResources UP-TO-DATE
> Task :multiplatform:data:post:impl:kspKotlinJvm SKIPPED
> Task :multiplatform:data:devsettings:impl:processJvmMainResources SKIPPED
> Task :multiplatform:data:post:impl:jvmProcessResources UP-TO-DATE
> Task :multiplatform:data:post:impl:processJvmMainResources SKIPPED
> Task :multiplatform:data:user:impl:kspKotlinJvm SKIPPED
> Task :multiplatform:data:auth:impl:compileKotlinJvm UP-TO-DATE
> Task :multiplatform:data:user:impl:jvmProcessResources UP-TO-DATE
> Task :multiplatform:data:user:impl:processJvmMainResources SKIPPED
> Task :multiplatform:data:auth:impl:compileJvmMainJava NO-SOURCE
> Task :multiplatform:data:auth:impl:jvmMainClasses UP-TO-DATE
> Task :multiplatform:data:auth:impl:jvmJar UP-TO-DATE
> Task :multiplatform:data:devsettings:impl:compileKotlinJvm UP-TO-DATE
> Task :multiplatform:di:graph:loggedout:compileKotlinJvm UP-TO-DATE
> Task :multiplatform:di:graph:loggedin:compileKotlinJvm UP-TO-DATE
> Task :multiplatform:data:post:impl:compileKotlinJvm UP-TO-DATE
> Task :multiplatform:di:graph:loggedout:compileJvmMainJava NO-SOURCE
> Task :multiplatform:di:graph:loggedout:jvmMainClasses UP-TO-DATE
> Task :multiplatform:data:devsettings:impl:compileJvmMainJava NO-SOURCE
> Task :multiplatform:data:devsettings:impl:jvmMainClasses UP-TO-DATE
> Task :multiplatform:data:post:impl:compileJvmMainJava NO-SOURCE
> Task :multiplatform:data:post:impl:jvmMainClasses UP-TO-DATE
> Task :multiplatform:di:graph:loggedin:compileJvmMainJava NO-SOURCE
> Task :multiplatform:di:graph:loggedin:jvmMainClasses UP-TO-DATE
> Task :multiplatform:data:user:impl:compileKotlinJvm UP-TO-DATE
> Task :multiplatform:data:post:impl:jvmJar UP-TO-DATE
> Task :multiplatform:data:devsettings:impl:jvmJar UP-TO-DATE
> Task :multiplatform:data:user:impl:compileJvmMainJava NO-SOURCE
> Task :multiplatform:data:user:impl:jvmMainClasses UP-TO-DATE
> Task :multiplatform:di:graph:loggedin:jvmJar UP-TO-DATE
> Task :multiplatform:di:graph:loggedout:jvmJar UP-TO-DATE
> Task :multiplatform:data:user:impl:jvmJar UP-TO-DATE
> Task :multiplatform:app:bootstrap:api:compileKotlinJvm UP-TO-DATE
> Task :multiplatform:app:bootstrap:api:compileJvmMainJava NO-SOURCE
> Task :multiplatform:app:bootstrap:api:jvmMainClasses UP-TO-DATE
> Task :multiplatform:app:bootstrap:api:jvmJar UP-TO-DATE
> Task :multiplatform:app:bootstrap:impl:kspKotlinJvm SKIPPED
> Task :multiplatform:app:bootstrap:impl:jvmProcessResources UP-TO-DATE
> Task :multiplatform:app:bootstrap:impl:processJvmMainResources SKIPPED
> Task :multiplatform:app:bootstrap:impl:compileKotlinJvm UP-TO-DATE
> Task :multiplatform:app:bootstrap:impl:compileJvmMainJava NO-SOURCE
> Task :multiplatform:app:bootstrap:impl:jvmMainClasses UP-TO-DATE
> Task :multiplatform:app:bootstrap:impl:jvmJar UP-TO-DATE
> Task :multiplatform:di:graph:app:kspKotlinJvm SKIPPED
> Task :multiplatform:di:graph:app:jvmProcessResources UP-TO-DATE
> Task :multiplatform:di:graph:app:processJvmMainResources SKIPPED
> Task :multiplatform:di:graph:app:compileKotlinJvm UP-TO-DATE
> Task :multiplatform:di:graph:app:compileJvmMainJava NO-SOURCE
> Task :multiplatform:di:graph:app:jvmMainClasses UP-TO-DATE
> Task :multiplatform:di:graph:app:jvmJar UP-TO-DATE
> Task :multiplatform:app:core:kspKotlinJvm SKIPPED
> Task :multiplatform:app:core:jvmProcessResources UP-TO-DATE
> Task :multiplatform:app:core:processJvmMainResources SKIPPED
> Task :multiplatform:app:core:compileKotlinJvm UP-TO-DATE
> Task :multiplatform:app:core:compileJvmMainJava NO-SOURCE
> Task :multiplatform:app:core:jvmMainClasses UP-TO-DATE
> Task :multiplatform:app:core:kspTestKotlinJvm SKIPPED
> Task :multiplatform:app:core:jvmTestProcessResources UP-TO-DATE
> Task :multiplatform:app:core:processJvmTestResources SKIPPED
> Task :multiplatform:app:core:jvmJar UP-TO-DATE
> Task :multiplatform:screen:activity:impl:compileTestKotlinJvm
> Task :multiplatform:screen:activity:impl:compileJvmTestJava NO-SOURCE
> Task :multiplatform:screen:activity:impl:jvmTestClasses
> Task :multiplatform:app:core:compileTestKotlinJvm
> Task :multiplatform:app:core:compileJvmTestJava NO-SOURCE
> Task :multiplatform:app:core:jvmTestClasses
> Task :multiplatform:app:core:jvmTest

> Task :multiplatform:screen:activity:impl:jvmTest

ActivityOfflineRetryTest[jvm] > realUncachedOfflineRetryKeepsRecoveryAndLoadsAfterReconnect[jvm] FAILED
    androidx.compose.runtime.ComposeRuntimeError at Composer.kt:4812

16 tests completed, 1 failed

> Task :multiplatform:screen:activity:impl:jvmTest FAILED

FAILURE: Build failed with an exception.

* What went wrong:
Execution failed for task ':multiplatform:screen:activity:impl:jvmTest'.
> There were failing tests. See the report at: file:///Users/matt/src/mobilenativefoundation/Trails/multiplatform/screen/activity/impl/build/reports/tests/jvmTest/index.html

* Try:
> Run with --scan to get full insights.

BUILD FAILED in 15s
436 actionable tasks: 61 executed, 375 up-to-date
Configuration cache entry reused.
