Calculating task graph as no cached configuration is available for tasks: :multiplatform:screen:navigate:impl:jvmTest --tests *NavigateUiTest :multiplatform:screen:activity:impl:jvmTest :multiplatform:screen:foryou:impl:jvmTest
Type-safe project accessors is an incubating feature.
> Task :tooling:plugins:checkKotlinGradlePluginConfigurationErrors SKIPPED
> Task :tooling:plugins:compileKotlin UP-TO-DATE
> Task :tooling:plugins:compileJava NO-SOURCE
> Task :tooling:plugins:pluginDescriptors UP-TO-DATE
> Task :tooling:plugins:processResources UP-TO-DATE
> Task :tooling:plugins:classes UP-TO-DATE
> Task :tooling:plugins:jar UP-TO-DATE
> Task :multiplatform:foundation:designsystem:copyNonXmlValueResourcesForJvmMain NO-SOURCE
> Task :multiplatform:foundation:networking:generateExpectResourceCollectorsForCommonMain UP-TO-DATE
> Task :multiplatform:foundation:designsystem:generateComposeResClass UP-TO-DATE
> Task :multiplatform:foundation:networking:generateComposeResClass UP-TO-DATE
> Task :multiplatform:foundation:networking:convertXmlValueResourcesForJvmMain NO-SOURCE
> Task :multiplatform:di:scope:jvmProcessResources NO-SOURCE
> Task :multiplatform:foundation:networking:convertXmlValueResourcesForCommonMain NO-SOURCE
> Task :multiplatform:foundation:designsystem:convertXmlValueResourcesForJvmMain NO-SOURCE
> Task :multiplatform:foundation:designsystem:generateExpectResourceCollectorsForCommonMain UP-TO-DATE
> Task :server:api:kmpPartiallyResolvedDependenciesChecker
> Task :server:api:jvmProcessResources NO-SOURCE
> Task :multiplatform:foundation:designsystem:kmpPartiallyResolvedDependenciesChecker
> Task :multiplatform:foundation:networking:kmpPartiallyResolvedDependenciesChecker
> Task :multiplatform:foundation:networking:copyNonXmlValueResourcesForCommonMain NO-SOURCE
> Task :server:api:checkKotlinGradlePluginConfigurationErrors SKIPPED
> Task :multiplatform:foundation:designsystem:convertXmlValueResourcesForCommonMain NO-SOURCE
> Task :multiplatform:di:scope:processJvmMainResources SKIPPED
> Task :multiplatform:di:scope:kmpPartiallyResolvedDependenciesChecker
> Task :multiplatform:foundation:parcel:jvmProcessResources NO-SOURCE
> Task :multiplatform:foundation:networking:checkKotlinGradlePluginConfigurationErrors SKIPPED
> Task :multiplatform:foundation:parcel:processJvmMainResources SKIPPED
> Task :server:api:processJvmMainResources SKIPPED
> Task :multiplatform:foundation:networking:copyNonXmlValueResourcesForJvmMain NO-SOURCE
> Task :multiplatform:data:trail:api:convertXmlValueResourcesForJvmMain NO-SOURCE
> Task :multiplatform:di:scope:checkKotlinGradlePluginConfigurationErrors SKIPPED
> Task :multiplatform:foundation:parcel:kmpPartiallyResolvedDependenciesChecker
> Task :multiplatform:data:trail:api:convertXmlValueResourcesForCommonMain NO-SOURCE
> Task :multiplatform:data:trail:api:kmpPartiallyResolvedDependenciesChecker
> Task :multiplatform:data:trail:api:generateExpectResourceCollectorsForCommonMain UP-TO-DATE
> Task :multiplatform:data:trail:api:copyNonXmlValueResourcesForJvmMain NO-SOURCE
> Task :multiplatform:foundation:designsystem:prepareComposeResourcesTaskForJvmMain NO-SOURCE
> Task :multiplatform:foundation:parcel:checkKotlinGradlePluginConfigurationErrors SKIPPED
> Task :multiplatform:feat:filters:api:convertXmlValueResourcesForCommonMain NO-SOURCE
> Task :multiplatform:data:trail:api:generateComposeResClass UP-TO-DATE
> Task :multiplatform:data:trail:api:checkKotlinGradlePluginConfigurationErrors SKIPPED
> Task :multiplatform:feat:filters:api:kmpPartiallyResolvedDependenciesChecker
> Task :multiplatform:data:trail:api:prepareComposeResourcesTaskForJvmMain NO-SOURCE
> Task :multiplatform:feat:filters:api:copyNonXmlValueResourcesForCommonMain NO-SOURCE
> Task :multiplatform:feat:filters:api:convertXmlValueResourcesForJvmMain NO-SOURCE
> Task :multiplatform:foundation:networking:prepareComposeResourcesTaskForJvmMain NO-SOURCE
> Task :multiplatform:data:trail:api:copyNonXmlValueResourcesForCommonMain NO-SOURCE
> Task :multiplatform:feat:filters:api:generateComposeResClass UP-TO-DATE
> Task :multiplatform:data:trail:api:generateResourceAccessorsForJvmMain NO-SOURCE
> Task :multiplatform:foundation:networking:prepareComposeResourcesTaskForCommonMain NO-SOURCE
> Task :multiplatform:foundation:designsystem:checkKotlinGradlePluginConfigurationErrors SKIPPED
> Task :multiplatform:feat:filters:api:copyNonXmlValueResourcesForJvmMain NO-SOURCE
> Task :multiplatform:feat:filters:api:prepareComposeResourcesTaskForCommonMain NO-SOURCE
> Task :multiplatform:data:trail:api:prepareComposeResourcesTaskForCommonMain NO-SOURCE
> Task :multiplatform:foundation:networking:generateResourceAccessorsForJvmMain NO-SOURCE
> Task :multiplatform:feat:filters:api:generateResourceAccessorsForCommonMain NO-SOURCE
> Task :multiplatform:feat:savetrail:api:convertXmlValueResourcesForCommonMain NO-SOURCE
> Task :multiplatform:foundation:networking:assembleJvmMainResources UP-TO-DATE
> Task :multiplatform:foundation:networking:generateResourceAccessorsForCommonMain NO-SOURCE
> Task :multiplatform:data:trail:api:generateResourceAccessorsForCommonMain NO-SOURCE
> Task :multiplatform:feat:savetrail:api:kmpPartiallyResolvedDependenciesChecker
> Task :multiplatform:feat:filters:api:prepareComposeResourcesTaskForJvmMain NO-SOURCE
> Task :multiplatform:feat:filters:api:checkKotlinGradlePluginConfigurationErrors SKIPPED
> Task :multiplatform:foundation:designsystem:generateResourceAccessorsForJvmMain NO-SOURCE
> Task :multiplatform:data:trail:api:assembleJvmMainResources UP-TO-DATE
> Task :multiplatform:feat:filters:api:generateExpectResourceCollectorsForCommonMain UP-TO-DATE
> Task :multiplatform:foundation:networking:generateActualResourceCollectorsForJvmMain UP-TO-DATE
> Task :multiplatform:feat:savetrail:api:checkKotlinGradlePluginConfigurationErrors SKIPPED
> Task :multiplatform:data:trail:api:generateActualResourceCollectorsForJvmMain UP-TO-DATE
> Task :multiplatform:di:scope:compileKotlinJvm UP-TO-DATE
> Task :multiplatform:feat:savetrail:api:copyNonXmlValueResourcesForCommonMain NO-SOURCE
> Task :multiplatform:feat:savetrail:api:generateComposeResClass UP-TO-DATE
> Task :multiplatform:feat:savetrail:api:copyNonXmlValueResourcesForJvmMain NO-SOURCE
> Task :multiplatform:feat:savetrail:api:generateExpectResourceCollectorsForCommonMain UP-TO-DATE
> Task :server:api:compileKotlinJvm UP-TO-DATE
> Task :multiplatform:feat:savetrail:api:prepareComposeResourcesTaskForCommonMain NO-SOURCE
> Task :multiplatform:foundation:parcel:compileKotlinJvm UP-TO-DATE
> Task :multiplatform:feat:savetrail:impl:convertXmlValueResourcesForJvmMain NO-SOURCE
> Task :multiplatform:feat:savetrail:impl:generateComposeResClass UP-TO-DATE
> Task :multiplatform:feat:savetrail:impl:generateExpectResourceCollectorsForCommonMain UP-TO-DATE
> Task :multiplatform:feat:savetrail:impl:kmpPartiallyResolvedDependenciesChecker
> Task :multiplatform:feat:savetrail:impl:convertXmlValueResourcesForCommonMain NO-SOURCE
> Task :multiplatform:feat:savetrail:impl:copyNonXmlValueResourcesForJvmMain NO-SOURCE
> Task :multiplatform:feat:savetrail:impl:checkKotlinGradlePluginConfigurationErrors SKIPPED
> Task :multiplatform:di:scope:compileJvmMainJava NO-SOURCE
> Task :multiplatform:feat:filters:api:assembleJvmMainResources UP-TO-DATE
> Task :multiplatform:feat:savetrail:api:generateResourceAccessorsForCommonMain NO-SOURCE
> Task :multiplatform:feat:filters:api:generateResourceAccessorsForJvmMain NO-SOURCE
> Task :multiplatform:feat:savetrail:api:convertXmlValueResourcesForJvmMain NO-SOURCE
> Task :multiplatform:feat:savetrail:impl:prepareComposeResourcesTaskForJvmMain NO-SOURCE
> Task :multiplatform:screen:explore:api:copyNonXmlValueResourcesForCommonMain NO-SOURCE
> Task :multiplatform:screen:explore:api:copyNonXmlValueResourcesForJvmMain NO-SOURCE
> Task :multiplatform:di:scope:jvmMainClasses UP-TO-DATE
> Task :multiplatform:screen:explore:api:generateExpectResourceCollectorsForCommonMain UP-TO-DATE
> Task :multiplatform:foundation:parcel:compileJvmMainJava NO-SOURCE
> Task :multiplatform:screen:explore:api:convertXmlValueResourcesForJvmMain NO-SOURCE
> Task :multiplatform:feat:savetrail:impl:generateResourceAccessorsForJvmMain NO-SOURCE
> Task :multiplatform:screen:explore:api:generateComposeResClass UP-TO-DATE
> Task :multiplatform:feat:filters:api:generateActualResourceCollectorsForJvmMain UP-TO-DATE
> Task :multiplatform:screen:explore:api:kmpPartiallyResolvedDependenciesChecker
> Task :multiplatform:screen:navigate:api:kmpPartiallyResolvedDependenciesChecker
> Task :multiplatform:feat:savetrail:impl:copyNonXmlValueResourcesForCommonMain NO-SOURCE
> Task :multiplatform:screen:explore:api:checkKotlinGradlePluginConfigurationErrors SKIPPED
> Task :server:api:compileJvmMainJava NO-SOURCE
> Task :multiplatform:screen:navigate:api:convertXmlValueResourcesForCommonMain NO-SOURCE
> Task :multiplatform:foundation:parcel:jvmMainClasses UP-TO-DATE
> Task :multiplatform:screen:explore:api:prepareComposeResourcesTaskForJvmMain NO-SOURCE
> Task :server:api:jvmMainClasses UP-TO-DATE
> Task :multiplatform:screen:navigate:api:generateComposeResClass UP-TO-DATE
> Task :multiplatform:screen:navigate:api:copyNonXmlValueResourcesForCommonMain NO-SOURCE
> Task :multiplatform:screen:navigate:api:generateExpectResourceCollectorsForCommonMain UP-TO-DATE
> Task :multiplatform:screen:navigate:impl:kmpPartiallyResolvedDependenciesChecker
> Task :multiplatform:screen:explore:api:generateResourceAccessorsForJvmMain NO-SOURCE
> Task :multiplatform:di:scope:jvmJar UP-TO-DATE
> Task :multiplatform:screen:navigate:impl:convertXmlValueResourcesForCommonMain NO-SOURCE
> Task :multiplatform:screen:navigate:impl:convertXmlValueResourcesForJvmMain NO-SOURCE
> Task :multiplatform:feat:savetrail:api:prepareComposeResourcesTaskForJvmMain NO-SOURCE
> Task :multiplatform:screen:navigate:api:checkKotlinGradlePluginConfigurationErrors SKIPPED
> Task :multiplatform:screen:explore:api:convertXmlValueResourcesForCommonMain NO-SOURCE
> Task :multiplatform:screen:navigate:impl:copyNonXmlValueResourcesForJvmMain NO-SOURCE
> Task :server:api:jvmJar UP-TO-DATE
> Task :multiplatform:feat:savetrail:impl:prepareComposeResourcesTaskForCommonMain NO-SOURCE
> Task :multiplatform:screen:navigate:api:copyNonXmlValueResourcesForJvmMain NO-SOURCE
> Task :multiplatform:foundation:parcel:jvmJar UP-TO-DATE
> Task :multiplatform:feat:savetrail:api:assembleJvmMainResources UP-TO-DATE
> Task :multiplatform:screen:navigate:impl:copyNonXmlValueResourcesForCommonMain NO-SOURCE
> Task :multiplatform:screen:navigate:impl:generateComposeResClass UP-TO-DATE
> Task :multiplatform:screen:navigate:api:prepareComposeResourcesTaskForCommonMain NO-SOURCE
> Task :multiplatform:feat:savetrail:impl:generateResourceAccessorsForCommonMain NO-SOURCE
> Task :multiplatform:screen:navigate:impl:generateExpectResourceCollectorsForCommonMain UP-TO-DATE
> Task :multiplatform:screen:navigate:impl:checkKotlinGradlePluginConfigurationErrors SKIPPED
> Task :multiplatform:screen:explore:api:prepareComposeResourcesTaskForCommonMain NO-SOURCE
> Task :multiplatform:screen:navigate:impl:prepareComposeResourcesTaskForJvmMain NO-SOURCE
> Task :multiplatform:screen:navigate:api:convertXmlValueResourcesForJvmMain NO-SOURCE
> Task :multiplatform:screen:navigate:impl:prepareComposeResourcesTaskForCommonMain NO-SOURCE
> Task :multiplatform:screen:navigate:impl:convertXmlValueResourcesForCommonTest NO-SOURCE
> Task :multiplatform:screen:explore:api:generateResourceAccessorsForCommonMain NO-SOURCE
> Task :multiplatform:feat:savetrail:impl:assembleJvmMainResources UP-TO-DATE
> Task :multiplatform:data:trail:api:kspKotlinJvm SKIPPED
> Task :multiplatform:screen:navigate:impl:generateResourceAccessorsForJvmMain NO-SOURCE
> Task :multiplatform:screen:explore:api:assembleJvmMainResources UP-TO-DATE
> Task :multiplatform:feat:savetrail:api:generateResourceAccessorsForJvmMain NO-SOURCE
> Task :multiplatform:screen:explore:api:generateActualResourceCollectorsForJvmMain UP-TO-DATE
> Task :multiplatform:foundation:networking:kspKotlinJvm SKIPPED
> Task :multiplatform:screen:navigate:api:prepareComposeResourcesTaskForJvmMain NO-SOURCE
> Task :multiplatform:data:trail:api:jvmProcessResources UP-TO-DATE
> Task :multiplatform:screen:navigate:impl:copyNonXmlValueResourcesForJvmTest NO-SOURCE
> Task :multiplatform:feat:savetrail:api:generateActualResourceCollectorsForJvmMain UP-TO-DATE
> Task :multiplatform:foundation:networking:jvmProcessResources UP-TO-DATE
> Task :multiplatform:screen:navigate:api:generateResourceAccessorsForCommonMain NO-SOURCE
> Task :multiplatform:foundation:networking:processJvmMainResources SKIPPED
> Task :multiplatform:data:trail:api:processJvmMainResources SKIPPED
> Task :multiplatform:screen:navigate:impl:generateResourceAccessorsForCommonMain NO-SOURCE
> Task :multiplatform:feat:savetrail:impl:generateActualResourceCollectorsForJvmMain UP-TO-DATE
> Task :multiplatform:screen:navigate:impl:assembleJvmMainResources UP-TO-DATE
> Task :multiplatform:screen:navigate:api:generateResourceAccessorsForJvmMain NO-SOURCE
> Task :multiplatform:foundation:designsystem:copyNonXmlValueResourcesForCommonMain UP-TO-DATE
> Task :multiplatform:screen:navigate:impl:koverFindJar UP-TO-DATE
> Task :multiplatform:screen:navigate:impl:convertXmlValueResourcesForJvmTest NO-SOURCE
> Task :multiplatform:screen:navigate:api:generateActualResourceCollectorsForJvmMain UP-TO-DATE
> Task :multiplatform:screen:navigate:impl:copyNonXmlValueResourcesForCommonTest NO-SOURCE
> Task :multiplatform:screen:navigate:impl:prepareComposeResourcesTaskForJvmTest NO-SOURCE
> Task :multiplatform:screen:activity:api:kmpPartiallyResolvedDependenciesChecker
> Task :multiplatform:screen:activity:impl:kmpPartiallyResolvedDependenciesChecker
> Task :multiplatform:screen:foryou:api:kmpPartiallyResolvedDependenciesChecker
> Task :multiplatform:screen:activity:api:checkKotlinGradlePluginConfigurationErrors SKIPPED
> Task :multiplatform:screen:navigate:impl:generateResourceAccessorsForJvmTest NO-SOURCE
> Task :multiplatform:screen:activity:api:convertXmlValueResourcesForCommonMain NO-SOURCE
> Task :multiplatform:screen:navigate:impl:generateActualResourceCollectorsForJvmMain UP-TO-DATE
> Task :multiplatform:screen:activity:api:copyNonXmlValueResourcesForCommonMain NO-SOURCE
> Task :multiplatform:screen:activity:api:convertXmlValueResourcesForJvmMain NO-SOURCE
> Task :multiplatform:foundation:designsystem:prepareComposeResourcesTaskForCommonMain UP-TO-DATE
> Task :multiplatform:screen:activity:impl:checkKotlinGradlePluginConfigurationErrors SKIPPED
> Task :multiplatform:screen:navigate:api:assembleJvmMainResources UP-TO-DATE
> Task :multiplatform:screen:activity:api:generateComposeResClass UP-TO-DATE
> Task :multiplatform:screen:activity:api:prepareComposeResourcesTaskForCommonMain NO-SOURCE
> Task :multiplatform:screen:activity:api:generateExpectResourceCollectorsForCommonMain UP-TO-DATE
> Task :multiplatform:screen:activity:impl:convertXmlValueResourcesForCommonMain NO-SOURCE
> Task :multiplatform:screen:activity:impl:convertXmlValueResourcesForJvmMain NO-SOURCE
> Task :multiplatform:screen:navigate:impl:prepareComposeResourcesTaskForCommonTest NO-SOURCE
> Task :multiplatform:screen:activity:impl:convertXmlValueResourcesForCommonTest NO-SOURCE
> Task :multiplatform:screen:activity:impl:copyNonXmlValueResourcesForCommonMain NO-SOURCE
> Task :multiplatform:foundation:designsystem:generateResourceAccessorsForCommonMain UP-TO-DATE
> Task :multiplatform:screen:activity:impl:convertXmlValueResourcesForJvmTest NO-SOURCE
> Task :multiplatform:screen:activity:impl:generateExpectResourceCollectorsForCommonMain UP-TO-DATE
> Task :multiplatform:foundation:designsystem:assembleJvmMainResources UP-TO-DATE
> Task :multiplatform:screen:activity:impl:copyNonXmlValueResourcesForJvmTest NO-SOURCE
> Task :multiplatform:screen:navigate:impl:generateResourceAccessorsForCommonTest NO-SOURCE
> Task :multiplatform:screen:activity:api:copyNonXmlValueResourcesForJvmMain NO-SOURCE
> Task :multiplatform:screen:activity:impl:prepareComposeResourcesTaskForCommonMain NO-SOURCE
> Task :multiplatform:screen:activity:impl:copyNonXmlValueResourcesForCommonTest NO-SOURCE
> Task :multiplatform:screen:navigate:impl:assembleJvmTestResources UP-TO-DATE
> Task :multiplatform:foundation:designsystem:generateActualResourceCollectorsForJvmMain UP-TO-DATE
> Task :multiplatform:screen:foryou:api:checkKotlinGradlePluginConfigurationErrors SKIPPED
> Task :multiplatform:screen:foryou:api:convertXmlValueResourcesForCommonMain NO-SOURCE
> Task :multiplatform:screen:activity:api:prepareComposeResourcesTaskForJvmMain NO-SOURCE
> Task :multiplatform:screen:foryou:api:convertXmlValueResourcesForJvmMain NO-SOURCE
> Task :multiplatform:screen:activity:impl:generateResourceAccessorsForCommonMain NO-SOURCE
> Task :multiplatform:screen:activity:api:generateResourceAccessorsForCommonMain NO-SOURCE
> Task :multiplatform:screen:activity:impl:koverFindJar UP-TO-DATE
> Task :multiplatform:screen:foryou:api:copyNonXmlValueResourcesForCommonMain NO-SOURCE
> Task :multiplatform:screen:activity:api:assembleJvmMainResources UP-TO-DATE
> Task :multiplatform:screen:activity:impl:prepareComposeResourcesTaskForJvmTest NO-SOURCE
> Task :multiplatform:screen:activity:impl:generateComposeResClass UP-TO-DATE
> Task :multiplatform:screen:activity:impl:prepareComposeResourcesTaskForCommonTest NO-SOURCE
> Task :multiplatform:screen:activity:api:generateResourceAccessorsForJvmMain NO-SOURCE
> Task :multiplatform:screen:foryou:api:generateComposeResClass UP-TO-DATE
> Task :multiplatform:screen:activity:impl:copyNonXmlValueResourcesForJvmMain NO-SOURCE
> Task :multiplatform:screen:foryou:api:copyNonXmlValueResourcesForJvmMain NO-SOURCE
> Task :multiplatform:screen:foryou:impl:convertXmlValueResourcesForJvmMain NO-SOURCE
> Task :multiplatform:screen:activity:api:generateActualResourceCollectorsForJvmMain UP-TO-DATE
> Task :multiplatform:screen:foryou:api:prepareComposeResourcesTaskForCommonMain NO-SOURCE
> Task :multiplatform:screen:foryou:api:generateExpectResourceCollectorsForCommonMain UP-TO-DATE
> Task :multiplatform:screen:activity:impl:generateResourceAccessorsForCommonTest NO-SOURCE
> Task :multiplatform:screen:foryou:impl:kmpPartiallyResolvedDependenciesChecker
> Task :multiplatform:screen:activity:impl:assembleJvmTestResources UP-TO-DATE
> Task :multiplatform:screen:foryou:impl:convertXmlValueResourcesForCommonMain NO-SOURCE
> Task :multiplatform:screen:foryou:impl:checkKotlinGradlePluginConfigurationErrors SKIPPED
> Task :multiplatform:screen:foryou:impl:copyNonXmlValueResourcesForJvmMain NO-SOURCE
> Task :multiplatform:screen:activity:impl:generateResourceAccessorsForJvmTest NO-SOURCE
> Task :multiplatform:screen:foryou:impl:generateComposeResClass UP-TO-DATE
> Task :multiplatform:screen:foryou:api:generateResourceAccessorsForCommonMain NO-SOURCE
> Task :multiplatform:screen:foryou:impl:generateExpectResourceCollectorsForCommonMain UP-TO-DATE
> Task :multiplatform:screen:foryou:api:prepareComposeResourcesTaskForJvmMain NO-SOURCE
> Task :multiplatform:screen:foryou:impl:convertXmlValueResourcesForCommonTest NO-SOURCE
> Task :multiplatform:screen:foryou:impl:convertXmlValueResourcesForJvmTest NO-SOURCE
> Task :multiplatform:data:trail:api:compileKotlinJvm UP-TO-DATE
> Task :multiplatform:screen:foryou:impl:copyNonXmlValueResourcesForCommonTest NO-SOURCE
> Task :multiplatform:screen:activity:impl:prepareComposeResourcesTaskForJvmMain NO-SOURCE
> Task :multiplatform:screen:foryou:api:generateResourceAccessorsForJvmMain NO-SOURCE
> Task :multiplatform:screen:foryou:api:assembleJvmMainResources UP-TO-DATE
> Task :multiplatform:screen:foryou:impl:copyNonXmlValueResourcesForCommonMain NO-SOURCE
> Task :multiplatform:foundation:networking:compileKotlinJvm UP-TO-DATE
> Task :multiplatform:screen:foryou:impl:prepareComposeResourcesTaskForCommonMain NO-SOURCE
> Task :multiplatform:screen:foryou:api:generateActualResourceCollectorsForJvmMain UP-TO-DATE
> Task :multiplatform:screen:activity:impl:generateResourceAccessorsForJvmMain NO-SOURCE
> Task :multiplatform:screen:activity:impl:assembleJvmMainResources UP-TO-DATE
> Task :multiplatform:screen:foryou:impl:prepareComposeResourcesTaskForJvmMain NO-SOURCE
> Task :multiplatform:screen:foryou:impl:copyNonXmlValueResourcesForJvmTest NO-SOURCE
> Task :multiplatform:screen:foryou:impl:koverFindJar UP-TO-DATE
> Task :multiplatform:screen:foryou:impl:generateResourceAccessorsForJvmMain NO-SOURCE
> Task :multiplatform:screen:foryou:impl:prepareComposeResourcesTaskForCommonTest NO-SOURCE
> Task :multiplatform:screen:foryou:impl:prepareComposeResourcesTaskForJvmTest NO-SOURCE
> Task :multiplatform:screen:foryou:impl:assembleJvmMainResources UP-TO-DATE
> Task :multiplatform:foundation:networking:compileJvmMainJava NO-SOURCE
> Task :multiplatform:screen:foryou:impl:generateResourceAccessorsForCommonMain NO-SOURCE
> Task :multiplatform:screen:foryou:impl:generateResourceAccessorsForJvmTest NO-SOURCE
> Task :multiplatform:screen:activity:impl:generateActualResourceCollectorsForJvmMain UP-TO-DATE
> Task :multiplatform:screen:foryou:impl:generateActualResourceCollectorsForJvmMain UP-TO-DATE
> Task :multiplatform:data:trail:api:compileJvmMainJava NO-SOURCE
> Task :multiplatform:screen:foryou:impl:generateResourceAccessorsForCommonTest NO-SOURCE
> Task :multiplatform:data:trail:api:jvmMainClasses UP-TO-DATE
> Task :multiplatform:screen:foryou:impl:assembleJvmTestResources UP-TO-DATE
> Task :multiplatform:foundation:networking:jvmMainClasses UP-TO-DATE
> Task :multiplatform:data:trail:api:jvmJar UP-TO-DATE
> Task :multiplatform:foundation:networking:jvmJar UP-TO-DATE
> Task :multiplatform:feat:filters:api:kspKotlinJvm SKIPPED
> Task :multiplatform:foundation:designsystem:kspKotlinJvm SKIPPED
> Task :multiplatform:feat:savetrail:api:kspKotlinJvm SKIPPED
> Task :multiplatform:feat:filters:api:jvmProcessResources UP-TO-DATE
> Task :multiplatform:foundation:designsystem:jvmProcessResources UP-TO-DATE
> Task :multiplatform:foundation:designsystem:processJvmMainResources SKIPPED
> Task :multiplatform:feat:savetrail:api:jvmProcessResources UP-TO-DATE
> Task :multiplatform:feat:savetrail:api:processJvmMainResources SKIPPED
> Task :multiplatform:feat:filters:api:processJvmMainResources SKIPPED
> Task :multiplatform:feat:savetrail:api:compileKotlinJvm UP-TO-DATE
> Task :multiplatform:feat:filters:api:compileKotlinJvm UP-TO-DATE
> Task :multiplatform:foundation:designsystem:compileKotlinJvm UP-TO-DATE
> Task :multiplatform:feat:savetrail:api:compileJvmMainJava NO-SOURCE
> Task :multiplatform:feat:filters:api:compileJvmMainJava NO-SOURCE
> Task :multiplatform:feat:savetrail:api:jvmMainClasses UP-TO-DATE
> Task :multiplatform:foundation:designsystem:compileJvmMainJava NO-SOURCE
> Task :multiplatform:feat:filters:api:jvmMainClasses UP-TO-DATE
> Task :multiplatform:foundation:designsystem:jvmMainClasses UP-TO-DATE
> Task :multiplatform:feat:savetrail:api:jvmJar UP-TO-DATE
> Task :multiplatform:feat:filters:api:jvmJar UP-TO-DATE
> Task :multiplatform:foundation:designsystem:jvmJar UP-TO-DATE
> Task :multiplatform:screen:explore:api:kspKotlinJvm SKIPPED
> Task :multiplatform:feat:savetrail:impl:kspKotlinJvm SKIPPED
> Task :multiplatform:screen:explore:api:jvmProcessResources UP-TO-DATE
> Task :multiplatform:feat:savetrail:impl:jvmProcessResources UP-TO-DATE
> Task :multiplatform:screen:explore:api:processJvmMainResources SKIPPED
> Task :multiplatform:feat:savetrail:impl:processJvmMainResources SKIPPED
> Task :multiplatform:screen:explore:api:compileKotlinJvm UP-TO-DATE
> Task :multiplatform:feat:savetrail:impl:compileKotlinJvm UP-TO-DATE
> Task :multiplatform:screen:explore:api:compileJvmMainJava NO-SOURCE
> Task :multiplatform:screen:explore:api:jvmMainClasses UP-TO-DATE
> Task :multiplatform:feat:savetrail:impl:compileJvmMainJava NO-SOURCE
> Task :multiplatform:feat:savetrail:impl:jvmMainClasses UP-TO-DATE
> Task :multiplatform:screen:explore:api:jvmJar UP-TO-DATE
> Task :multiplatform:feat:savetrail:impl:jvmJar UP-TO-DATE
> Task :multiplatform:screen:navigate:api:kspKotlinJvm SKIPPED
> Task :multiplatform:screen:activity:api:kspKotlinJvm SKIPPED
> Task :multiplatform:screen:foryou:api:kspKotlinJvm SKIPPED
> Task :multiplatform:screen:navigate:api:jvmProcessResources UP-TO-DATE
> Task :multiplatform:screen:navigate:api:processJvmMainResources SKIPPED
> Task :multiplatform:screen:foryou:api:jvmProcessResources UP-TO-DATE
> Task :multiplatform:screen:activity:api:jvmProcessResources UP-TO-DATE
> Task :multiplatform:screen:foryou:api:processJvmMainResources SKIPPED
> Task :multiplatform:screen:activity:api:processJvmMainResources SKIPPED
> Task :multiplatform:screen:foryou:api:compileKotlinJvm UP-TO-DATE
> Task :multiplatform:screen:activity:api:compileKotlinJvm UP-TO-DATE
> Task :multiplatform:screen:navigate:api:compileKotlinJvm UP-TO-DATE
> Task :multiplatform:screen:activity:api:compileJvmMainJava NO-SOURCE
> Task :multiplatform:screen:foryou:api:compileJvmMainJava NO-SOURCE
> Task :multiplatform:screen:activity:api:jvmMainClasses UP-TO-DATE
> Task :multiplatform:screen:foryou:api:jvmMainClasses UP-TO-DATE
> Task :multiplatform:screen:navigate:api:compileJvmMainJava NO-SOURCE
> Task :multiplatform:screen:navigate:api:jvmMainClasses UP-TO-DATE
> Task :multiplatform:screen:activity:api:jvmJar UP-TO-DATE
> Task :multiplatform:screen:navigate:api:jvmJar UP-TO-DATE
> Task :multiplatform:screen:activity:impl:kspKotlinJvm SKIPPED
> Task :multiplatform:screen:foryou:api:jvmJar UP-TO-DATE
> Task :multiplatform:screen:navigate:impl:kspKotlinJvm SKIPPED
> Task :multiplatform:screen:navigate:impl:jvmProcessResources UP-TO-DATE
> Task :multiplatform:screen:activity:impl:jvmProcessResources UP-TO-DATE
> Task :multiplatform:screen:foryou:impl:kspKotlinJvm SKIPPED
> Task :multiplatform:screen:navigate:impl:processJvmMainResources SKIPPED
> Task :multiplatform:screen:activity:impl:processJvmMainResources SKIPPED
> Task :multiplatform:screen:foryou:impl:jvmProcessResources UP-TO-DATE
> Task :multiplatform:screen:foryou:impl:processJvmMainResources SKIPPED
> Task :multiplatform:screen:navigate:impl:compileKotlinJvm UP-TO-DATE
> Task :multiplatform:screen:activity:impl:compileKotlinJvm UP-TO-DATE
> Task :multiplatform:screen:navigate:impl:compileJvmMainJava NO-SOURCE
> Task :multiplatform:screen:activity:impl:compileJvmMainJava NO-SOURCE
> Task :multiplatform:screen:navigate:impl:jvmMainClasses UP-TO-DATE
> Task :multiplatform:screen:activity:impl:jvmMainClasses UP-TO-DATE
> Task :multiplatform:screen:navigate:impl:kspTestKotlinJvm SKIPPED
> Task :multiplatform:screen:activity:impl:kspTestKotlinJvm SKIPPED
> Task :multiplatform:screen:navigate:impl:jvmTestProcessResources UP-TO-DATE
> Task :multiplatform:screen:navigate:impl:processJvmTestResources SKIPPED
> Task :multiplatform:screen:navigate:impl:jvmJar UP-TO-DATE
> Task :multiplatform:screen:activity:impl:jvmJar UP-TO-DATE
> Task :multiplatform:screen:activity:impl:jvmTestProcessResources UP-TO-DATE
> Task :multiplatform:screen:activity:impl:processJvmTestResources SKIPPED
> Task :multiplatform:screen:navigate:impl:compileTestKotlinJvm
> Task :multiplatform:screen:navigate:impl:compileJvmTestJava NO-SOURCE
> Task :multiplatform:screen:navigate:impl:jvmTestClasses
> Task :multiplatform:screen:activity:impl:compileTestKotlinJvm
> Task :multiplatform:screen:activity:impl:compileJvmTestJava NO-SOURCE
> Task :multiplatform:screen:activity:impl:jvmTestClasses
> Task :multiplatform:screen:foryou:impl:compileKotlinJvm
> Task :multiplatform:screen:foryou:impl:compileJvmMainJava NO-SOURCE
> Task :multiplatform:screen:foryou:impl:jvmMainClasses
> Task :multiplatform:screen:foryou:impl:kspTestKotlinJvm SKIPPED
> Task :multiplatform:screen:foryou:impl:jvmTestProcessResources UP-TO-DATE
> Task :multiplatform:screen:foryou:impl:processJvmTestResources SKIPPED
> Task :multiplatform:screen:foryou:impl:jvmJar
> Task :multiplatform:screen:foryou:impl:compileTestKotlinJvm UP-TO-DATE
> Task :multiplatform:screen:foryou:impl:compileJvmTestJava NO-SOURCE
> Task :multiplatform:screen:foryou:impl:jvmTestClasses UP-TO-DATE
> Task :multiplatform:screen:navigate:impl:jvmTest
> Task :multiplatform:screen:activity:impl:jvmTest
> Task :multiplatform:screen:foryou:impl:jvmTest

BUILD SUCCESSFUL in 6s
135 actionable tasks: 23 executed, 112 up-to-date
Configuration cache entry stored.
