--------- beginning of main
09-20 07:43:14.756  1137  1137 D InputMonitorCompat: Input monitor (minus-one-disp0) disposed
--------- beginning of system
09-20 07:43:14.756   846   900 V WindowManagerShell: RemoteTransition directly requested for (#25) android.os.BinderProxy@1dafd2f: RemoteTransition { remoteTransition = android.window.IRemoteTransition$Stub$Proxy@4bc4f3c, appThread = null, debugName = null }
09-20 07:43:14.756  1137  1137 D TISBindHelper: TIS service connected
09-20 07:43:14.756  1137  1137 D b/254119092: Set mActivity=com.google.android.apps.nexuslauncher.NexusLauncherActivity@7930a9a
09-20 07:43:14.756  1137  1137 D b/254119092: mActivity and mContext agree taskbarIsPresent=false
09-20 07:43:14.756  1137  1137 D b/254119092: registering activity lifecycle callbacks from setActivity().
09-20 07:43:14.756   577  1139 W InputManager-JNI: Input channel object '[Gesture Monitor] minus-one (client)' was disposed without first being removed with the input manager!
09-20 07:43:14.756   577  1710 V WindowManager: Queueing transition: TransitionRecord{d3c6b5d id=-1 type=CLOSE flags=0x0}
09-20 07:43:14.757  1137  1189 D PackageUpdatedTask: Package updated: mOp=UPDATE packages=[android]
09-20 07:43:14.758   577  1550 W AppSearchIcing: icing-search-engine.cc:321: Error: 5, Message: Document (com.google.android.googlequicksearchbox$OneSearchZeroStateGoogleSuggestions/default, zp) not found.
09-20 07:43:14.758  1137  1861 D OneSearchSuggestProvider: AppSearch 0-state cache not available, fallback to AGA
09-20 07:43:14.758  1137  1861 D OneSearchSuggestProvider: java.util.concurrent.CompletionException: java.util.NoSuchElementException: No value present
09-20 07:43:14.758  1137  1861 D OneSearchSuggestProvider: 	at java.util.concurrent.CompletableFuture.encodeThrowable(CompletableFuture.java:308)
09-20 07:43:14.758  1137  1861 D OneSearchSuggestProvider: 	at java.util.concurrent.CompletableFuture.completeThrowable(CompletableFuture.java:323)
09-20 07:43:14.758  1137  1861 D OneSearchSuggestProvider: 	at java.util.concurrent.CompletableFuture$UniAccept.tryFire(CompletableFuture.java:684)
09-20 07:43:14.758  1137  1861 D OneSearchSuggestProvider: 	at java.util.concurrent.CompletableFuture.postComplete(CompletableFuture.java:486)
09-20 07:43:14.758  1137  1861 D OneSearchSuggestProvider: 	at java.util.concurrent.CompletableFuture.completeExceptionally(CompletableFuture.java:2138)
09-20 07:43:14.758  1137  1861 D OneSearchSuggestProvider: 	at com.google.android.apps.nexuslauncher.allapps.E0.onResult(go/retraceme 31f9979659277bb965985aff1272c33e3c3c9e755b77166d20a2465454178f2c:67)
09-20 07:43:14.758  1137  1861 D OneSearchSuggestProvider: 	at android.app.appsearch.SearchSessionUtil$1.lambda$onResult$0(go/retraceme 64eee9e9f568ff45978879ad2ff83146f2618ee8a88278736fbdf5fae931976e:144)
09-20 07:43:14.758  1137  1861 D OneSearchSuggestProvider: 	at android.app.appsearch.SearchSessionUtil$1.$r8$lambda$CEk3q8sDAQVhU3rQwVueB8FAj_M(go/retraceme 64eee9e9f568ff45978879ad2ff83146f2618ee8a88278736fbdf5fae931976e:1)
09-20 07:43:14.758  1137  1861 D OneSearchSuggestProvider: 	at android.app.appsearch.SearchSessionUtil$1$$ExternalSyntheticLambda0.run(go/retraceme 64eee9e9f568ff45978879ad2ff83146f2618ee8a88278736fbdf5fae931976e:22)
09-20 07:43:14.758  1137  1861 D OneSearchSuggestProvider: 	at android.os.Handler.handleCallback(Handler.java:959)
09-20 07:43:14.758  1137  1861 D OneSearchSuggestProvider: 	at android.os.Handler.dispatchMessage(Handler.java:100)
09-20 07:43:14.758  1137  1861 D OneSearchSuggestProvider: 	at android.os.Looper.loopOnce(Looper.java:232)
09-20 07:43:14.758  1137  1861 D OneSearchSuggestProvider: 	at android.os.Looper.loop(Looper.java:317)
09-20 07:43:14.758  1137  1861 D OneSearchSuggestProvider: 	at android.os.HandlerThread.run(HandlerThread.java:85)
09-20 07:43:14.758  1137  1861 D OneSearchSuggestProvider: Caused by: java.util.NoSuchElementException: No value present
09-20 07:43:14.758  1137  1861 D OneSearchSuggestProvider: 	at java.util.Optional.get(Optional.java:143)
09-20 07:43:14.758  1137  1861 D OneSearchSuggestProvider: 	at com.google.android.apps.nexuslauncher.allapps.E0.onResult(go/retraceme 31f9979659277bb965985aff1272c33e3c3c9e755b77166d20a2465454178f2c:28)
09-20 07:43:14.758  1137  1861 D OneSearchSuggestProvider: 	... 8 more
09-20 07:43:14.759  1137  1861 D OneSearchSuggestProvider: Established or reuse existing binder channel authority=com.google.android.googlequicksearchbox
09-20 07:43:14.763   577  1673 V WindowManager: Queueing transition: TransitionRecord{eba2cc id=-1 type=CHANGE flags=0x0}
09-20 07:43:14.763   846   846 D NavigationModeController: ACTION_OVERLAY_CHANGED
09-20 07:43:14.763   846   846 D NavigationModeController: getCurrentUserContext: contextUser=0 currentUser=0
09-20 07:43:14.763   846   846 D NavigationModeController: getCurrentInteractionMode: mode=0 contextUser=0
09-20 07:43:14.763   846   846 D NavigationModeController: updateCurrentInteractionMode: mode=0
09-20 07:43:14.763   846   846 D NavigationModeController:   contextUser=0
09-20 07:43:14.763   846   846 D NavigationModeController:   assetPaths=
09-20 07:43:14.763   846   846 D NavigationModeController:     <empty> and /system/framework/framework-res.apk
09-20 07:43:14.763   846   846 D NavigationModeController:     /vendor/overlay/framework-res__sdk_gphone64_arm64__auto_generated_rro_vendor.apk
09-20 07:43:14.763   846   846 D NavigationModeController:     /product/overlay/GoogleConfigOverlay.apk
09-20 07:43:14.763   846   846 D NavigationModeController:     /product/overlay/GoogleWebViewOverlay.apk
09-20 07:43:14.763   846   846 D NavigationModeController:     /product/overlay/LargeScreenConfigOverlay.apk
09-20 07:43:14.763   846   846 D NavigationModeController:     /product/overlay/PixelConfigOverlayCommon.apk
09-20 07:43:14.763   846   846 D NavigationModeController:     /product/overlay/framework-res__sdk_gphone64_arm64__auto_generated_rro_product.apk
09-20 07:43:14.763   846   846 D NavigationModeController:     /product/overlay/RanchuCommonOverlay.apk
09-20 07:43:14.763   846   846 D NavigationModeController:     <empty> and /system_ext/priv-app/SystemUIGoogle/SystemUIGoogle.apk
09-20 07:43:14.763   846   846 D NavigationModeController:     /product/overlay/EmulationPixel9Pro/EmulationPixel9ProOverlay.apk
09-20 07:43:14.763   846   846 D NavigationModeController:     /product/overlay/NavigationBarMode3Button/NavigationBarMode3ButtonOverlay.apk
09-20 07:43:14.763   846   846 D NavigationModeController:     /vendor/overlay/SystemUIGoogle__sdk_gphone64_arm64__auto_generated_rro_vendor.apk
09-20 07:43:14.763   846   846 D NavigationModeController:     /product/overlay/SystemUIGoogle__sdk_gphone64_arm64__auto_generated_rro_product.apk
09-20 07:43:14.763   846   846 D NavigationModeController:     /product/overlay/SystemUIEmulationPixel9Pro/SystemUIEmulationPixel9ProOverlay.apk
09-20 07:43:14.763   846   846 D NavigationModeController: getCurrentUserContext: contextUser=0 currentUser=0
09-20 07:43:14.765   577  1673 W InputManager-JNI: Input channel object '2475161 EdgeBackGestureHandler0 (client)' was disposed without first being removed with the input manager!
09-20 07:43:14.765  1137  1189 W AllAppsList: updatePromiseInstallInfo: no Activities matched updated package, removing all apps from package=android
09-20 07:43:14.768   846   846 D ControlsListingControllerImpl: ServiceConfig reloaded, count: 0
09-20 07:43:14.770   846   846 D SsMediaDataProvider: Forwarding Smartspace updates []
09-20 07:43:14.770  1137  1137 I SsCardPagerAdapter: [rmv] Rendering flag - enabled: false 
09-20 07:43:14.770  1137  1137 I SsCardPagerAdapter: Use UI template for the feature: 1
09-20 07:43:14.770   846   846 D SsMediaDataProvider: Forwarding Smartspace updates []
09-20 07:43:14.770   846   846 W PageIndicator: Total number of pages invalid: 0. Assuming 1 page.
09-20 07:43:14.770   846   846 W PageIndicator: Total number of pages invalid: 0. Assuming 1 page.
09-20 07:43:14.770   846   846 W PageIndicator: Total number of pages invalid: 0. Assuming 1 page.
09-20 07:43:14.770  1137  1137 D SsBaseTemplateCard: No text view can be set up
09-20 07:43:14.770  1137  1137 D SsBaseTemplateCard: Passed-in item info is null
09-20 07:43:14.770  1137  1137 D SsBaseTemplateCard: Passed-in item info is null
09-20 07:43:14.770  1137  1137 D SsBaseTemplateCard: Passed-in item info is null
09-20 07:43:14.770  1137  1137 I SsBaseTemplateCard: Secondary card pane is null
09-20 07:43:14.771   846  1196 V ActivityThread: getPackageInfo() caused update to cached ApplicationInfo for package android
09-20 07:43:14.771  1137  1188 D InputMonitorCompat: Input monitor (minus-one-disp0) created
09-20 07:43:14.774   846   846 W PageIndicator: Total number of pages invalid: 0. Assuming 1 page.
09-20 07:43:14.774   846   846 W PageIndicator: Total number of pages invalid: 0. Assuming 1 page.
09-20 07:43:14.774   846   846 W PageIndicator: Total number of pages invalid: 0. Assuming 1 page.
09-20 07:43:14.774   846 11097 V WindowManagerShell: onTransitionReady(transaction=2478196131622)
09-20 07:43:14.774   846   900 V WindowManagerShell: onTransitionReady (#25) android.os.BinderProxy@1dafd2f: {id=25 t=CLOSE f=0x0 trk=0 r=[] c=[]}
09-20 07:43:14.774   846   900 V WindowManagerShell: No transition roots in (#25) android.os.BinderProxy@1dafd2f@0 so abort
09-20 07:43:14.775   846   900 V WindowManagerShell: Transition was merged: (#25) android.os.BinderProxy@1dafd2f@0 into (#24) android.os.BinderProxy@9560549@0
09-20 07:43:14.775   577   633 V WindowManager: Sent Transition (#25) createdAt=09-20 07:43:14.614 via request=TransitionRequestInfo { type = CLOSE, triggerTask = null, pipTask = null, remoteTransition = RemoteTransition { remoteTransition = android.window.IRemoteTransition$Stub$Proxy@70b7e82, appThread = null, debugName = null }, displayChange = null, flags = 0, debugId = 25 }
09-20 07:43:14.775   577   633 V WindowManager:     startWCT=WindowContainerTransaction { changes = {} hops = [] errorCallbackToken=null taskFragmentOrganizer=null }
09-20 07:43:14.775   577   633 V WindowManager:     info={id=25 t=CLOSE f=0x0 trk=0 r=[] c=[]}
09-20 07:43:14.776   846   900 V WindowManagerShell: Transition requested (#26): android.os.BinderProxy@b7cd3b1 TransitionRequestInfo { type = CHANGE, triggerTask = null, pipTask = null, remoteTransition = RemoteTransition { remoteTransition = android.window.IRemoteTransition$Stub$Proxy@88c4096, appThread = null, debugName = null }, displayChange = null, flags = 0, debugId = 26 }
09-20 07:43:14.776   846   900 V WindowManagerShell: RemoteTransition directly requested for (#26) android.os.BinderProxy@b7cd3b1: RemoteTransition { remoteTransition = android.window.IRemoteTransition$Stub$Proxy@88c4096, appThread = null, debugName = null }
09-20 07:43:14.780  1536  1674 I AiAiEcho: Predicting[0]:  [CONTEXT sampling_count=5 ]
09-20 07:43:14.780  1536  1674 I AiAiEcho: EchoTargets: 
09-20 07:43:14.780  1536  1674 I AiAiEcho: Filtered by AiAi flag check: 
09-20 07:43:14.780  1536  1674 I AiAiEcho: [CONTEXT ratelimit_period="10 SECONDS" ]
09-20 07:43:14.780  1536  1674 I AiAiEcho: Ranked targets strategy: SORT, count: 0, ranking metadata:  [CONTEXT ratelimit_period="10 SECONDS" ]
09-20 07:43:14.780  1536  1674 I AiAiEcho: #remoteViewsTwiddler: feature disabled.
09-20 07:43:14.780  1536  1674 I AiAiEcho: #postPredictionTargets: Sending updates to UISurface home with targets# 0 (types=[])
09-20 07:43:14.782  1137  1188 D InputMonitorCompat: Input event receiver for monitor (minus-one-disp0) created
09-20 07:43:14.801  1137  1137 D InputMonitorCompat: Input event receiver for monitor (minus-one-disp0) disposed
09-20 07:43:14.805  1137  1137 D InputMonitorCompat: Input monitor (minus-one-disp0) disposed
09-20 07:43:14.805  1137  1144 W System  : A resource failed to call release. 
09-20 07:43:14.805  1137  1144 W System  : A resource failed to call release. 
09-20 07:43:14.805  1137  1144 W System  : A resource failed to call release. 
09-20 07:43:14.805  1137  1137 D StatsLog: LAUNCHER_ALLAPPS_COUNT
09-20 07:43:14.805  1137  1144 W s.nexuslauncher: ApkAssets: Deleting an ApkAssets object '<empty> and /product/priv-app/Velvet/Velvet.apk' with 2 weak references
09-20 07:43:14.805  1137  1144 W System  : A resource failed to call release. 
09-20 07:43:14.805  1137  1144 W System  : A resource failed to call release. 
09-20 07:43:14.805  1137  1144 W System  : A resource failed to call release. 
09-20 07:43:14.805  1137  1144 W s.nexuslauncher: ApkAssets: Deleting an ApkAssets object '<empty> and /data/app/~~v-ZfbyTUPekVTNBDjZqSkA==/org.mobilenativefoundation.trails.android-00KPgQpkT8QTKqrtfzsYLA==/base.apk' with 1 weak references
09-20 07:43:14.806   577  1139 W InputManager-JNI: Input channel object '[Gesture Monitor] minus-one (client)' was disposed without first being removed with the input manager!
09-20 07:43:14.807   577   723 I ImeTracker: com.google.android.apps.nexuslauncher:ddc30d3d: onRequestHide at ORIGIN_SERVER reason HIDE_UNSPECIFIED_WINDOW fromUser false
09-20 07:43:14.807   577   723 I ImeTracker: com.google.android.apps.nexuslauncher:ddc30d3d: onCancelled at PHASE_SERVER_SHOULD_HIDE
09-20 07:43:14.808   846 11010 V WindowManagerShell: onTransitionReady(transaction=2478196131636)
09-20 07:43:14.808   846   900 V WindowManagerShell: onTransitionReady (#26) android.os.BinderProxy@b7cd3b1: {id=26 t=CHANGE f=0x0 trk=0 r=[] c=[]}
09-20 07:43:14.808   846   900 V WindowManagerShell: No transition roots in (#26) android.os.BinderProxy@b7cd3b1@0 so abort
09-20 07:43:14.808   577   633 V WindowManager: Sent Transition (#26) createdAt=09-20 07:43:14.668 via request=TransitionRequestInfo { type = CHANGE, triggerTask = null, pipTask = null, remoteTransition = RemoteTransition { remoteTransition = android.window.IRemoteTransition$Stub$Proxy@20356fc, appThread = null, debugName = null }, displayChange = null, flags = 0, debugId = 26 }
09-20 07:43:14.808   577   633 V WindowManager:     startWCT=WindowContainerTransaction { changes = {} hops = [] errorCallbackToken=null taskFragmentOrganizer=null }
09-20 07:43:14.808   577   633 V WindowManager:     info={id=26 t=CHANGE f=0x0 trk=0 r=[] c=[]}
09-20 07:43:14.808   577   636 D ActivityTaskManager: Remove task fragment: deleteTaskFragment
09-20 07:43:14.808   846   900 V WindowManagerShell: Transition was merged: (#26) android.os.BinderProxy@b7cd3b1@0 into (#24) android.os.BinderProxy@9560549@0
09-20 07:43:14.809   846   900 V WindowManagerShell: Transition requested (#27): android.os.BinderProxy@2aebe73 TransitionRequestInfo { type = CLOSE, triggerTask = null, pipTask = null, remoteTransition = RemoteTransition { remoteTransition = android.window.IRemoteTransition$Stub$Proxy@2605130, appThread = null, debugName = null }, displayChange = null, flags = 0, debugId = 27 }
09-20 07:43:14.809   846   900 V WindowManagerShell: RemoteTransition directly requested for (#27) android.os.BinderProxy@2aebe73: RemoteTransition { remoteTransition = android.window.IRemoteTransition$Stub$Proxy@2605130, appThread = null, debugName = null }
09-20 07:43:14.809   846   846 W ImageReader_JNI: Unable to acquire a buffer item, very likely client tried to acquire more than maxImages buffers
09-20 07:43:14.810   577  1710 W UserManagerService: Requested status bar icon for non-badged user 0
09-20 07:43:14.810  1424  1424 I GoogleInputMethodService: GoogleInputMethodService.onFinishInput():3157 
09-20 07:43:14.811   577  1710 W UserManagerService: Requested status bar icon for non-badged user 0
09-20 07:43:14.811  1424  1424 I GoogleInputMethodService: GoogleInputMethodService.updateDeviceLockedStatus():2248 repeatCheckTimes = 0, locked = false
09-20 07:43:14.811  1424  1424 I GoogleInputMethodService: GoogleInputMethodService.onStartInput():1986 onStartInput(EditorInfo{EditorInfo{packageName=com.google.android.apps.nexuslauncher, inputType=0, inputTypeString=NULL, enableLearning=false, autoCorrection=false, autoComplete=false, imeOptions=0, privateImeOptions=null, actionName=UNSPECIFIED, actionLabel=null, initialSelStart=-1, initialSelEnd=-1, initialCapsMode=0, label=null, fieldId=0, fieldName=null, extras=null, hintText=null, hintLocales=[]}}, false)
09-20 07:43:14.811  1424  1424 I GoogleInputMethodService: GoogleInputMethodService.updateDeviceLockedStatus():2248 repeatCheckTimes = 1, locked = false
09-20 07:43:14.812  1424  1424 I AndroidIME: InputBundleManager.loadActiveInputBundleId():450 loadActiveInputBundleId: und-Latn-x-password, password
09-20 07:43:14.812   577  1710 W PackageConfigPersister: App-specific configuration not found for packageName: com.google.android.apps.nexuslauncher and userId: 0
09-20 07:43:14.819   577   758 D ConnectivityService: NetReassign [no changes] [c 0] [a 0] [i 0]
09-20 07:43:14.822  1137  1137 D SsBaseTemplateCard: No text view can be set up
09-20 07:43:14.822  1137  1137 D SsBaseTemplateCard: Passed-in item info is null
09-20 07:43:14.822  1137  1137 D SsBaseTemplateCard: Passed-in item info is null
09-20 07:43:14.822  1137  1137 D SsBaseTemplateCard: Passed-in item info is null
09-20 07:43:14.822  1137  1137 I SsBaseTemplateCard: Secondary card pane is null
09-20 07:43:14.822  1137  1137 D SearchTargetUtil: query= size=0
09-20 07:43:14.822  1137  1137 D SearchTargetUtil: query= size=0
09-20 07:43:14.823   846   846 D DefaultDeviceEntrySection: isUdfpsSupported=false
09-20 07:43:14.825   577  1139 W UserManagerService: Requested status bar icon for non-badged user 0
09-20 07:43:14.829   577  1710 D SystemServerTiming: getUserSwitchability-0
09-20 07:43:14.829   577  1710 D SystemServerTiming: TM.isInCall
09-20 07:43:14.830   577  1139 D SystemServerTiming: getUserSwitchability-0
09-20 07:43:14.833   577  1139 D SystemServerTiming: TM.isInCall
09-20 07:43:14.833   577  1710 V SystemServerTiming: TM.isInCall took to complete: 4ms
09-20 07:43:14.833   577  1710 D SystemServerTiming: hasUserRestriction-DISALLOW_USER_SWITCH
09-20 07:43:14.833   577  1710 V SystemServerTiming: hasUserRestriction-DISALLOW_USER_SWITCH took to complete: 0ms
09-20 07:43:14.833   577  1710 D SystemServerTiming: getInt-ALLOW_USER_SWITCHING_WHEN_SYSTEM_USER_LOCKED
09-20 07:43:14.833   577  1710 V SystemServerTiming: getInt-ALLOW_USER_SWITCHING_WHEN_SYSTEM_USER_LOCKED took to complete: 0ms
09-20 07:43:14.833   577  1710 D SystemServerTiming: isUserUnlocked-USER_SYSTEM
09-20 07:43:14.833   577  1710 V SystemServerTiming: isUserUnlocked-USER_SYSTEM took to complete: 0ms
09-20 07:43:14.833   577  1710 V SystemServerTiming: getUserSwitchability-0 took to complete: 4ms
09-20 07:43:14.833   577  1139 V SystemServerTiming: TM.isInCall took to complete: 0ms
09-20 07:43:14.833   577  1139 D SystemServerTiming: hasUserRestriction-DISALLOW_USER_SWITCH
09-20 07:43:14.833   577  1139 V SystemServerTiming: hasUserRestriction-DISALLOW_USER_SWITCH took to complete: 0ms
09-20 07:43:14.833   577  1139 D SystemServerTiming: getInt-ALLOW_USER_SWITCHING_WHEN_SYSTEM_USER_LOCKED
09-20 07:43:14.833   577  1139 V SystemServerTiming: getInt-ALLOW_USER_SWITCHING_WHEN_SYSTEM_USER_LOCKED took to complete: 0ms
09-20 07:43:14.833   577  1139 D SystemServerTiming: isUserUnlocked-USER_SYSTEM
09-20 07:43:14.833   577  1139 V SystemServerTiming: isUserUnlocked-USER_SYSTEM took to complete: 0ms
09-20 07:43:14.833   577  1139 V SystemServerTiming: getUserSwitchability-0 took to complete: 0ms
09-20 07:43:14.834   846  1196 D LocalImageResolver: Couldn't use ImageDecoder for drawable, falling back to non-resized load.
09-20 07:43:14.837   577   633 V WindowManager: Sent Transition (#27) createdAt=09-20 07:43:14.756 via request=TransitionRequestInfo { type = CLOSE, triggerTask = null, pipTask = null, remoteTransition = RemoteTransition { remoteTransition = android.window.IRemoteTransition$Stub$Proxy@e7e5ba6, appThread = null, debugName = null }, displayChange = null, flags = 0, debugId = 27 }
09-20 07:43:14.837   577   633 V WindowManager:     startWCT=WindowContainerTransaction { changes = {} hops = [] errorCallbackToken=null taskFragmentOrganizer=null }
09-20 07:43:14.837   577   633 V WindowManager:     info={id=27 t=CLOSE f=0x0 trk=0 r=[] c=[]}
09-20 07:43:14.837   846 11097 V WindowManagerShell: onTransitionReady(transaction=2478196131642)
09-20 07:43:14.838   846   900 V WindowManagerShell: onTransitionReady (#27) android.os.BinderProxy@2aebe73: {id=27 t=CLOSE f=0x0 trk=0 r=[] c=[]}
09-20 07:43:14.838   846   900 V WindowManagerShell: No transition roots in (#27) android.os.BinderProxy@2aebe73@0 so abort
09-20 07:43:14.839   846   900 V WindowManagerShell: Transition was merged: (#27) android.os.BinderProxy@2aebe73@0 into (#24) android.os.BinderProxy@9560549@0
09-20 07:43:14.839   846   900 V WindowManagerShell: Transition requested (#28): android.os.BinderProxy@cb5ac TransitionRequestInfo { type = CHANGE, triggerTask = null, pipTask = null, remoteTransition = RemoteTransition { remoteTransition = android.window.IRemoteTransition$Stub$Proxy@3cbf275, appThread = null, debugName = null }, displayChange = null, flags = 0, debugId = 28 }
09-20 07:43:14.839   846   900 V WindowManagerShell: RemoteTransition directly requested for (#28) android.os.BinderProxy@cb5ac: RemoteTransition { remoteTransition = android.window.IRemoteTransition$Stub$Proxy@3cbf275, appThread = null, debugName = null }
09-20 07:43:14.840   577  1635 W UserManagerService: Requested status bar icon for non-badged user 0
09-20 07:43:14.840   846  1196 D LocalImageResolver: Couldn't use ImageDecoder for drawable, falling back to non-resized load.
09-20 07:43:14.841   846  1196 D LocalImageResolver: Couldn't use ImageDecoder for drawable, falling back to non-resized load.
09-20 07:43:14.842   846   854 W ndroid.systemui: ApkAssets: Deleting an ApkAssets object '<empty> and /data/app/~~v-ZfbyTUPekVTNBDjZqSkA==/org.mobilenativefoundation.trails.android-00KPgQpkT8QTKqrtfzsYLA==/base.apk' with 1 weak references
09-20 07:43:14.843   577   635 I DropBoxManagerService: add tag=system_app_strictmode isTagEnabled=true flags=0x2
09-20 07:43:14.843   846  1196 D LocalImageResolver: Couldn't use ImageDecoder for drawable, falling back to non-resized load.
09-20 07:43:14.856   577  1635 V WindowManager: Queueing transition: TransitionRecord{a39ff39 id=-1 type=CLOSE flags=0x0}
09-20 07:43:14.857   846 11097 V WindowManagerShell: onTransitionReady(transaction=2478196131648)
09-20 07:43:14.857   577   633 V WindowManager: Sent Transition (#28) createdAt=09-20 07:43:14.763 via request=TransitionRequestInfo { type = CHANGE, triggerTask = null, pipTask = null, remoteTransition = RemoteTransition { remoteTransition = android.window.IRemoteTransition$Stub$Proxy@58b397e, appThread = null, debugName = null }, displayChange = null, flags = 0, debugId = 28 }
09-20 07:43:14.857   577   633 V WindowManager:     startWCT=WindowContainerTransaction { changes = {} hops = [] errorCallbackToken=null taskFragmentOrganizer=null }
09-20 07:43:14.857   577   633 V WindowManager:     info={id=28 t=CHANGE f=0x0 trk=0 r=[] c=[]}
09-20 07:43:14.858   846   900 V WindowManagerShell: onTransitionReady (#28) android.os.BinderProxy@cb5ac: {id=28 t=CHANGE f=0x0 trk=0 r=[] c=[]}
09-20 07:43:14.858   846   900 V WindowManagerShell: No transition roots in (#28) android.os.BinderProxy@cb5ac@0 so abort
09-20 07:43:14.858   846   900 V WindowManagerShell: Transition was merged: (#28) android.os.BinderProxy@cb5ac@0 into (#24) android.os.BinderProxy@9560549@0
09-20 07:43:14.858   846   900 V WindowManagerShell: Transition requested (#29): android.os.BinderProxy@d890084 TransitionRequestInfo { type = CLOSE, triggerTask = null, pipTask = null, remoteTransition = RemoteTransition { remoteTransition = android.window.IRemoteTransition$Stub$Proxy@b95a06d, appThread = null, debugName = null }, displayChange = null, flags = 0, debugId = 29 }
09-20 07:43:14.858   846   900 V WindowManagerShell: RemoteTransition directly requested for (#29) android.os.BinderProxy@d890084: RemoteTransition { remoteTransition = android.window.IRemoteTransition$Stub$Proxy@b95a06d, appThread = null, debugName = null }
09-20 07:43:14.858   577   633 V WindowManager: Sent Transition (#29) createdAt=09-20 07:43:14.856 via request=TransitionRequestInfo { type = CLOSE, triggerTask = null, pipTask = null, remoteTransition = RemoteTransition { remoteTransition = android.window.IRemoteTransition$Stub$Proxy@d400edf, appThread = null, debugName = null }, displayChange = null, flags = 0, debugId = 29 }
09-20 07:43:14.858   577   633 V WindowManager:     startWCT=WindowContainerTransaction { changes = {} hops = [] errorCallbackToken=null taskFragmentOrganizer=null }
09-20 07:43:14.858   846  1355 V WindowManagerShell: onTransitionReady(transaction=2478196131651)
09-20 07:43:14.858   577   633 V WindowManager:     info={id=29 t=CLOSE f=0x0 trk=0 r=[] c=[]}
09-20 07:43:14.858   846   900 V WindowManagerShell: onTransitionReady (#29) android.os.BinderProxy@d890084: {id=29 t=CLOSE f=0x0 trk=0 r=[] c=[]}
09-20 07:43:14.858   846   900 V WindowManagerShell: No transition roots in (#29) android.os.BinderProxy@d890084@0 so abort
09-20 07:43:14.858   846   900 V WindowManagerShell: Transition was merged: (#29) android.os.BinderProxy@d890084@0 into (#24) android.os.BinderProxy@9560549@0
09-20 07:43:14.870   577  1139 W UserManagerService: Requested status bar icon for non-badged user 0
09-20 07:43:14.871   577  1635 W UserManagerService: Requested status bar icon for non-badged user 0
09-20 07:43:14.881   846   900 V WindowManagerShell: Transition animation finished (aborted=false), notifying core (#24) android.os.BinderProxy@9560549@0
09-20 07:43:14.881   577   633 V WindowManager: Finish Transition (#24): created at 09-20 07:43:14.532 collect-started=0.017ms request-sent=0.047ms started=23.211ms ready=23.489ms sent=215.42ms finished=348.9ms
09-20 07:43:14.882   577   633 V WindowManager: Finish Transition (#25): created at 09-20 07:43:14.614 collect-started=134.004ms request-sent=135.138ms started=143.45ms ready=159.459ms sent=159.533ms finished=267.932ms
09-20 07:43:14.883   577   633 V WindowManager: Finish Transition (#26): created at 09-20 07:43:14.668 collect-started=105.947ms request-sent=107.476ms started=108.314ms ready=138.778ms sent=139.341ms finished=214.394ms
09-20 07:43:14.883   577   633 V WindowManager: Finish Transition (#27): created at 09-20 07:43:14.756 collect-started=51.22ms request-sent=52.031ms started=53.153ms ready=79.216ms sent=79.686ms finished=126.387ms
09-20 07:43:14.883   577   633 V WindowManager: Finish Transition (#28): created at 09-20 07:43:14.763 collect-started=73.319ms request-sent=75.337ms started=75.743ms ready=93.87ms sent=94.213ms finished=120.182ms
09-20 07:43:14.884   577   633 V WindowManager: Finish Transition (#29): created at 09-20 07:43:14.856 collect-started=1.529ms request-sent=1.849ms started=2.184ms ready=2.179ms sent=2.366ms finished=27.714ms
09-20 07:43:14.884   846   900 V WindowManagerShell: Track 0 became idle
09-20 07:43:14.884   846   900 V WindowManagerShell: All active transition animations finished
09-20 07:43:15.063  1720  1954 I Bugle   : BroadcastReceiverAsyncWorkTracker: Acknowledging broadcast of buoi@6359874
09-20 07:43:17.842   898  2858 D ApfFilter: (wlan0): Ignoring RA RA fe80::2 -> ff02::1 1800s fec0::/64 86400s/14400s  which matches RA fe80::2 -> ff02::1 1800s fec0::/64 86400s/14400s 
09-20 07:43:20.860   846  1041 D EGL_emulation: app_time_stats: avg=339.38ms min=8.84ms max=5759.72ms count=18
09-20 07:43:24.532   577  1633 W OverlayManager: service 'idmap' died
--------- beginning of kernel
09-20 07:43:24.532     1     1 I init    : Sending signal 9 to service 'idmap2d' (pid 11615) process group...
09-20 07:43:24.533     1     1 I libprocessgroup: Removed cgroup /sys/fs/cgroup/uid_1000/pid_11615
09-20 07:43:24.535     1     1 I init    : Control message: Processed ctl.stop for 'idmap2d' from pid: 577 (system_server)
09-20 07:43:24.535     1     1 I init    : Service 'idmap2d' (pid 11615) received signal 9
09-20 07:43:24.535     1     1 I init    : Sending signal 9 to service 'idmap2d' (pid 11615) process group...
09-20 07:43:24.535     1     1 E libprocessgroup: Failed to write 1 to /sys/fs/cgroup/uid_1000/pid_11615/cgroup.kill: No such file or directory
09-20 07:43:24.535     1     1 E libprocessgroup: Failed to open /sys/fs/cgroup/uid_1000/pid_11615/cgroup.procs: No such file or directory
09-20 07:43:24.719  1271  1276 W ssioncontroller: Reducing the number of considered missed Gc histogram windows from 800 to 100
09-20 07:43:24.719  1271  1278 W ssioncontroller: ApkAssets: Deleting an ApkAssets object '/product/overlay/NavigationBarModeGestural/NavigationBarModeGesturalOverlay.apk' with 1 weak references
09-20 07:43:24.721   367   367 I netd    : tetherGetStats() -> {[]} <0.30ms>
09-20 07:43:31.740   577   703 D ActivityManager: freezing 1468 com.google.android.gms
09-20 07:43:33.214  1541  1967 I BistoHotwordHelper: (REDACTED) getHotwordActive::active query: %s, watch: %s, devices connected: %s
09-20 07:43:34.716   577   703 D ActivityManager: freezing 1271 com.google.android.permissioncontroller
09-20 07:43:34.717   577   758 D InetDiagMessage: Destroyed 0 sockets, proto=IPPROTO_TCP, family=AF_INET, states=14
09-20 07:43:34.717   577   758 D InetDiagMessage: Destroyed 0 sockets, proto=IPPROTO_TCP, family=AF_INET6, states=14
09-20 07:43:34.717   577   758 D InetDiagMessage: Destroyed live tcp sockets for uids={10201} in 1ms
09-20 07:43:50.710   577   758 W IPCThreadState: Sending oneway calls to frozen process.
09-20 07:43:50.710   577   758 W IPCThreadState: Sending oneway calls to frozen process.
09-20 07:43:50.710   577   758 W IPCThreadState: Sending oneway calls to frozen process.
09-20 07:43:50.710  1084  2427 I ChimeraSrvcProxy: NullBinder for android.net.action.RECOMMEND_NETWORKS triggering remote TransactionTooLargeException due to Service without Chimera impl
09-20 07:43:50.710  1084  2427 W .gms.persistent: Large reply transaction of 1056768 bytes, interface descriptor , code 1
09-20 07:43:50.711   758   758 I binder_alloc: 2290: pid 577 spamming oneway? 388 buffers allocated for a total size of 443128
09-20 07:43:50.713  1559  1908 I BugleRcsEngine: Connected state: [1], networkType: [WIFI] [CONTEXT thread_id=56 ]
09-20 07:43:50.713  1559  2220 I BugleRcsEngine: handleMessage processing message:[NOTIFY_UPTIME_IGNORE_STATE_CHANGED] with [non-null]:RcsEngineImpl reference [CONTEXT log_prefix="RcsEngineImpl[DUAL_REG]:[f88f6e62-c9aa]>Handler" thread_id=63 ]
09-20 07:43:50.713   577   758 W IPCThreadState: Sending oneway calls to frozen process.
09-20 07:43:50.714   577   758 W IPCThreadState: Sending oneway calls to frozen process.
09-20 07:43:50.714   577   758 W IPCThreadState: Sending oneway calls to frozen process.
09-20 07:43:50.715  1559  2220 I BugleRcsEngine: No RCS Configuration was found in Bugle for simID: redacted-pii:sim_id[chars:20,last3:897] [CONTEXT log_prefix="ProvisioningEngineDataRetriever" thread_id=63 ]
09-20 07:44:00.003  1536  1674 I AiAiEcho: Predicting[0]:  [CONTEXT sampling_count=5 ]
09-20 07:44:00.003  1536  1674 I AiAiEcho: EchoTargets: 
09-20 07:44:00.003  1536  1674 I AiAiEcho: Filtered by AiAi flag check: 
09-20 07:44:00.003  1536  1674 I AiAiEcho: [CONTEXT ratelimit_period="10 SECONDS" ]
09-20 07:44:00.003  1536  1674 I AiAiEcho: Ranked targets strategy: SORT, count: 0, ranking metadata:  [CONTEXT ratelimit_period="10 SECONDS" ]
09-20 07:44:00.004  1536  1674 I AiAiEcho: #remoteViewsTwiddler: feature disabled.
09-20 07:44:00.004  1536  1674 I AiAiEcho: Predicting[0]:  [CONTEXT sampling_count=5 ]
09-20 07:44:00.004  1536  1674 I AiAiEcho: EchoTargets: 
09-20 07:44:00.004  1536  1674 I AiAiEcho: Filtered by AiAi flag check: 
09-20 07:44:00.004  1536  1674 I AiAiEcho: [CONTEXT ratelimit_period="10 SECONDS" ]
09-20 07:44:00.004  1536  1674 I AiAiEcho: Ranked targets strategy: SORT, count: 0, ranking metadata:  [CONTEXT ratelimit_period="10 SECONDS" ]
09-20 07:44:00.004  1536  1674 I AiAiEcho: #remoteViewsTwiddler: feature disabled.
09-20 07:44:00.004  1536  1674 I AiAiEcho: #postPredictionTargets: Sending updates to UISurface lockscreen with targets# 0 (types=[])
09-20 07:44:00.004  1536  1674 I AiAiEcho: #postPredictionTargets: Sending updates to UISurface home with targets# 0 (types=[])
09-20 07:44:00.005  1137  1137 D SsBaseTemplateCard: No text view can be set up
09-20 07:44:00.006  1137  1137 D SsBaseTemplateCard: Passed-in item info is null
09-20 07:44:00.006  1137  1137 D SsBaseTemplateCard: Passed-in item info is null
09-20 07:44:00.006  1137  1137 D SsBaseTemplateCard: Passed-in item info is null
09-20 07:44:00.006  1137  1137 I SsBaseTemplateCard: Secondary card pane is null
09-20 07:44:00.018   846   846 W PageIndicator: Total number of pages invalid: 0. Assuming 1 page.
09-20 07:44:00.030  1137  1667 D EGL_emulation: app_time_stats: avg=4529.12ms min=5.08ms max=45108.66ms count=10
09-20 07:44:00.030   846  1041 D EGL_emulation: app_time_stats: avg=39169.94ms min=39169.94ms max=39169.94ms count=1
09-20 07:44:10.086   577  1633 D WifiNl80211Manager: Scan result ready event
09-20 07:44:10.086   577  1633 D WifiNative: Scan result ready event
09-20 07:44:10.088   577   751 I HalDevMgr: bestIfaceCreationProposal is null, requestIface=STA, existingIface=[name=wlan0 type=STA]
09-20 07:44:19.795  1137  1172 I IPCThreadState: oneway function results for code 2 on binder at 0xb40000703d2909e0 will be dropped but finished with status UNKNOWN_TRANSACTION
09-20 07:44:19.818   367   367 I netd    : tetherGetStats() -> {[]} <0.60ms>
09-20 07:44:20.045   577  4439 W BatteryExternalStatsWorker: error reading Bluetooth stats: 11
09-20 07:44:20.046   577  1633 D TelephonyManager: requestModemActivityInfo: Sending result to app: ModemActivityInfo{ mTimestamp=46800085 mSleepTimeMs=0 mIdleTimeMs=46799926 mActivityStatsTechSpecificInfo=[{mRat=UNKNOWN,mFrequencyRange=UNKNOWN,mTxTimeMs[]=[0, 0, 0, 0, 0],mRxTimeMs=0}]}
09-20 07:44:20.062   367   367 I netd    : tetherGetStats() -> {[]} <0.39ms>
09-20 07:44:20.361   367 11656 I resolv  : GetAddrInfoHandler::run: {101 786533 101 983141 10144 0}
09-20 07:44:20.363   367 11658 I resolv  : res_nmkquery: (QUERY, IN, A)
09-20 07:44:20.363   367 11657 I resolv  : res_nmkquery: (QUERY, IN, AAAA)
09-20 07:44:20.363   367 11657 I resolv  : res_stats_usable_server: too many resolution errors, ignoring server
09-20 07:44:20.365   367 11658 I resolv  : res_stats_usable_server: too many resolution errors, ignoring server
09-20 07:44:20.757   577   758 W IPCThreadState: Sending oneway calls to frozen process.
09-20 07:44:20.757   577   758 W IPCThreadState: Sending oneway calls to frozen process.
09-20 07:44:20.757   577   758 W IPCThreadState: Sending oneway calls to frozen process.
09-20 07:44:20.758  1559  1908 I BugleRcsEngine: Connected state: [1], networkType: [WIFI] [CONTEXT thread_id=56 ]
09-20 07:44:20.758   577   758 W IPCThreadState: Sending oneway calls to frozen process.
09-20 07:44:20.758   577   758 W IPCThreadState: Sending oneway calls to frozen process.
09-20 07:44:20.758   577   758 W IPCThreadState: Sending oneway calls to frozen process.
09-20 07:44:20.758  1559  2220 I BugleRcsEngine: handleMessage processing message:[NOTIFY_UPTIME_IGNORE_STATE_CHANGED] with [non-null]:RcsEngineImpl reference [CONTEXT log_prefix="RcsEngineImpl[DUAL_REG]:[f88f6e62-c9aa]>Handler" thread_id=63 ]
09-20 07:44:20.758  1084  2153 I ChimeraSrvcProxy: NullBinder for android.net.action.RECOMMEND_NETWORKS triggering remote TransactionTooLargeException due to Service without Chimera impl
09-20 07:44:20.759  1084  2153 W .gms.persistent: Large reply transaction of 1056768 bytes, interface descriptor , code 1
09-20 07:44:20.761  1559  2220 I BugleRcsEngine: No RCS Configuration was found in Bugle for simID: redacted-pii:sim_id[chars:20,last3:897] [CONTEXT log_prefix="ProvisioningEngineDataRetriever" thread_id=63 ]
09-20 07:44:20.759   758   758 I binder_alloc: 2290: pid 577 spamming oneway? 389 buffers allocated for a total size of 444272
