Calculating task graph as no cached configuration is available for tasks: :multiplatform:foundation:designsystem:jvmTest --tests *TrailRouteSchematicTest* :multiplatform:screen:navigate:impl:jvmTest
Type-safe project accessors is an incubating feature.
> Task :tooling:plugins:checkKotlinGradlePluginConfigurationErrors SKIPPED
> Task :tooling:plugins:compileKotlin UP-TO-DATE
> Task :tooling:plugins:compileJava NO-SOURCE
> Task :tooling:plugins:pluginDescriptors UP-TO-DATE
> Task :tooling:plugins:processResources UP-TO-DATE
> Task :tooling:plugins:classes UP-TO-DATE
> Task :tooling:plugins:jar UP-TO-DATE
> Task :multiplatform:foundation:designsystem:convertXmlValueResourcesForCommonTest NO-SOURCE
> Task :multiplatform:di:scope:jvmProcessResources NO-SOURCE
> Task :multiplatform:foundation:designsystem:convertXmlValueResourcesForJvmMain NO-SOURCE
> Task :multiplatform:foundation:designsystem:convertXmlValueResourcesForJvmTest NO-SOURCE
> Task :multiplatform:foundation:parcel:kmpPartiallyResolvedDependenciesChecker
> Task :multiplatform:foundation:designsystem:copyNonXmlValueResourcesForCommonTest NO-SOURCE
> Task :multiplatform:di:scope:processJvmMainResources SKIPPED
> Task :multiplatform:foundation:designsystem:kmpPartiallyResolvedDependenciesChecker
> Task :multiplatform:di:scope:kmpPartiallyResolvedDependenciesChecker
> Task :multiplatform:foundation:designsystem:copyNonXmlValueResourcesForJvmMain NO-SOURCE
> Task :multiplatform:foundation:parcel:checkKotlinGradlePluginConfigurationErrors SKIPPED
> Task :multiplatform:foundation:networking:kmpPartiallyResolvedDependenciesChecker
> Task :multiplatform:foundation:networking:convertXmlValueResourcesForCommonMain NO-SOURCE
> Task :multiplatform:foundation:designsystem:copyNonXmlValueResourcesForJvmTest NO-SOURCE
> Task :multiplatform:foundation:networking:checkKotlinGradlePluginConfigurationErrors SKIPPED
> Task :multiplatform:foundation:parcel:jvmProcessResources NO-SOURCE
> Task :multiplatform:foundation:networking:convertXmlValueResourcesForJvmMain NO-SOURCE
> Task :multiplatform:di:scope:checkKotlinGradlePluginConfigurationErrors SKIPPED
> Task :multiplatform:foundation:designsystem:checkKotlinGradlePluginConfigurationErrors SKIPPED
> Task :multiplatform:foundation:networking:copyNonXmlValueResourcesForCommonMain NO-SOURCE
> Task :multiplatform:foundation:designsystem:prepareComposeResourcesTaskForJvmTest NO-SOURCE
> Task :multiplatform:foundation:networking:copyNonXmlValueResourcesForJvmMain NO-SOURCE
> Task :multiplatform:foundation:parcel:processJvmMainResources SKIPPED
> Task :multiplatform:foundation:designsystem:prepareComposeResourcesTaskForCommonTest NO-SOURCE
> Task :multiplatform:foundation:designsystem:generateComposeResClass UP-TO-DATE
> Task :multiplatform:foundation:designsystem:generateResourceAccessorsForCommonTest NO-SOURCE
> Task :multiplatform:foundation:networking:prepareComposeResourcesTaskForJvmMain NO-SOURCE
> Task :multiplatform:foundation:designsystem:prepareComposeResourcesTaskForJvmMain NO-SOURCE
> Task :server:api:jvmProcessResources NO-SOURCE
> Task :multiplatform:foundation:designsystem:generateResourceAccessorsForJvmMain NO-SOURCE
> Task :multiplatform:foundation:designsystem:convertXmlValueResourcesForCommonMain NO-SOURCE
> Task :multiplatform:foundation:networking:generateResourceAccessorsForJvmMain NO-SOURCE
> Task :server:api:kmpPartiallyResolvedDependenciesChecker
> Task :multiplatform:data:trail:api:convertXmlValueResourcesForCommonMain NO-SOURCE
> Task :multiplatform:foundation:networking:generateExpectResourceCollectorsForCommonMain UP-TO-DATE
> Task :multiplatform:data:trail:api:kmpPartiallyResolvedDependenciesChecker
> Task :multiplatform:data:trail:api:checkKotlinGradlePluginConfigurationErrors SKIPPED
> Task :server:api:processJvmMainResources SKIPPED
> Task :multiplatform:foundation:networking:generateComposeResClass UP-TO-DATE
> Task :multiplatform:foundation:designsystem:generateExpectResourceCollectorsForCommonMain UP-TO-DATE
> Task :multiplatform:foundation:designsystem:generateResourceAccessorsForJvmTest NO-SOURCE
> Task :multiplatform:feat:filters:api:copyNonXmlValueResourcesForJvmMain NO-SOURCE
> Task :multiplatform:data:trail:api:copyNonXmlValueResourcesForJvmMain NO-SOURCE
> Task :multiplatform:feat:filters:api:convertXmlValueResourcesForJvmMain NO-SOURCE
> Task :multiplatform:feat:filters:api:kmpPartiallyResolvedDependenciesChecker
> Task :server:api:checkKotlinGradlePluginConfigurationErrors SKIPPED
> Task :multiplatform:feat:filters:api:checkKotlinGradlePluginConfigurationErrors SKIPPED
> Task :multiplatform:data:trail:api:copyNonXmlValueResourcesForCommonMain NO-SOURCE
> Task :multiplatform:feat:filters:api:convertXmlValueResourcesForCommonMain NO-SOURCE
> Task :multiplatform:foundation:networking:prepareComposeResourcesTaskForCommonMain NO-SOURCE
> Task :multiplatform:data:trail:api:generateComposeResClass UP-TO-DATE
> Task :multiplatform:data:trail:api:convertXmlValueResourcesForJvmMain NO-SOURCE
> Task :multiplatform:foundation:networking:generateResourceAccessorsForCommonMain NO-SOURCE
> Task :multiplatform:data:trail:api:generateExpectResourceCollectorsForCommonMain UP-TO-DATE
> Task :multiplatform:feat:filters:api:copyNonXmlValueResourcesForCommonMain NO-SOURCE
> Task :multiplatform:data:trail:api:prepareComposeResourcesTaskForCommonMain NO-SOURCE
> Task :multiplatform:feat:filters:api:prepareComposeResourcesTaskForJvmMain NO-SOURCE
> Task :multiplatform:feat:filters:api:prepareComposeResourcesTaskForCommonMain NO-SOURCE
> Task :multiplatform:data:trail:api:generateResourceAccessorsForCommonMain NO-SOURCE
> Task :multiplatform:feat:filters:api:generateResourceAccessorsForJvmMain NO-SOURCE
> Task :multiplatform:feat:filters:api:generateComposeResClass UP-TO-DATE
> Task :multiplatform:feat:filters:api:generateExpectResourceCollectorsForCommonMain UP-TO-DATE
> Task :multiplatform:data:trail:api:prepareComposeResourcesTaskForJvmMain NO-SOURCE
> Task :multiplatform:foundation:networking:assembleJvmMainResources UP-TO-DATE
> Task :multiplatform:feat:filters:api:assembleJvmMainResources UP-TO-DATE
> Task :multiplatform:feat:filters:api:generateResourceAccessorsForCommonMain NO-SOURCE
> Task :multiplatform:feat:savetrail:api:convertXmlValueResourcesForJvmMain NO-SOURCE
> Task :multiplatform:feat:savetrail:api:copyNonXmlValueResourcesForCommonMain NO-SOURCE
> Task :multiplatform:feat:savetrail:api:copyNonXmlValueResourcesForJvmMain NO-SOURCE
> Task :multiplatform:foundation:networking:generateActualResourceCollectorsForJvmMain UP-TO-DATE
> Task :multiplatform:feat:savetrail:api:prepareComposeResourcesTaskForJvmMain NO-SOURCE
> Task :multiplatform:feat:savetrail:api:kmpPartiallyResolvedDependenciesChecker
> Task :multiplatform:feat:savetrail:api:generateResourceAccessorsForJvmMain NO-SOURCE
> Task :multiplatform:feat:savetrail:api:checkKotlinGradlePluginConfigurationErrors SKIPPED
> Task :multiplatform:foundation:designsystem:assembleJvmTestResources
> Task :multiplatform:feat:savetrail:api:generateComposeResClass UP-TO-DATE
> Task :multiplatform:feat:savetrail:impl:copyNonXmlValueResourcesForJvmMain NO-SOURCE
> Task :multiplatform:feat:savetrail:impl:kmpPartiallyResolvedDependenciesChecker
> Task :multiplatform:feat:savetrail:impl:checkKotlinGradlePluginConfigurationErrors SKIPPED
> Task :multiplatform:feat:savetrail:impl:copyNonXmlValueResourcesForCommonMain NO-SOURCE
> Task :multiplatform:feat:savetrail:impl:convertXmlValueResourcesForJvmMain NO-SOURCE
> Task :multiplatform:feat:savetrail:impl:convertXmlValueResourcesForCommonMain NO-SOURCE
> Task :multiplatform:feat:savetrail:api:convertXmlValueResourcesForCommonMain NO-SOURCE
> Task :multiplatform:screen:explore:api:kmpPartiallyResolvedDependenciesChecker
> Task :multiplatform:feat:savetrail:impl:prepareComposeResourcesTaskForCommonMain NO-SOURCE
> Task :multiplatform:screen:explore:api:convertXmlValueResourcesForCommonMain NO-SOURCE
> Task :multiplatform:data:trail:api:generateResourceAccessorsForJvmMain NO-SOURCE
> Task :multiplatform:feat:savetrail:impl:generateResourceAccessorsForCommonMain NO-SOURCE
> Task :multiplatform:screen:explore:api:checkKotlinGradlePluginConfigurationErrors SKIPPED
> Task :multiplatform:feat:savetrail:impl:generateComposeResClass UP-TO-DATE
> Task :multiplatform:foundation:designsystem:koverFindJar
> Task :multiplatform:feat:savetrail:api:prepareComposeResourcesTaskForCommonMain NO-SOURCE
> Task :multiplatform:screen:explore:api:convertXmlValueResourcesForJvmMain NO-SOURCE
> Task :multiplatform:feat:savetrail:impl:generateExpectResourceCollectorsForCommonMain UP-TO-DATE
> Task :multiplatform:screen:explore:api:copyNonXmlValueResourcesForJvmMain NO-SOURCE
> Task :multiplatform:feat:savetrail:api:generateResourceAccessorsForCommonMain NO-SOURCE
> Task :multiplatform:feat:savetrail:impl:prepareComposeResourcesTaskForJvmMain NO-SOURCE
> Task :multiplatform:feat:savetrail:api:assembleJvmMainResources UP-TO-DATE
> Task :multiplatform:data:trail:api:assembleJvmMainResources UP-TO-DATE
> Task :multiplatform:feat:savetrail:impl:generateResourceAccessorsForJvmMain NO-SOURCE
> Task :multiplatform:data:trail:api:generateActualResourceCollectorsForJvmMain UP-TO-DATE
> Task :multiplatform:screen:explore:api:generateComposeResClass UP-TO-DATE
> Task :multiplatform:screen:explore:api:prepareComposeResourcesTaskForJvmMain NO-SOURCE
> Task :multiplatform:screen:explore:api:generateResourceAccessorsForJvmMain NO-SOURCE
> Task :multiplatform:screen:explore:api:copyNonXmlValueResourcesForCommonMain NO-SOURCE
> Task :multiplatform:screen:navigate:api:kmpPartiallyResolvedDependenciesChecker
> Task :multiplatform:screen:navigate:api:convertXmlValueResourcesForJvmMain NO-SOURCE
> Task :multiplatform:feat:savetrail:api:generateActualResourceCollectorsForJvmMain UP-TO-DATE
> Task :multiplatform:feat:savetrail:impl:generateActualResourceCollectorsForJvmMain UP-TO-DATE
> Task :multiplatform:screen:navigate:api:convertXmlValueResourcesForCommonMain NO-SOURCE
> Task :multiplatform:screen:navigate:api:generateExpectResourceCollectorsForCommonMain UP-TO-DATE
> Task :multiplatform:screen:navigate:api:copyNonXmlValueResourcesForCommonMain NO-SOURCE
> Task :multiplatform:screen:explore:api:prepareComposeResourcesTaskForCommonMain NO-SOURCE
> Task :multiplatform:feat:savetrail:impl:assembleJvmMainResources UP-TO-DATE
> Task :multiplatform:screen:explore:api:generateResourceAccessorsForCommonMain NO-SOURCE
> Task :multiplatform:screen:navigate:api:copyNonXmlValueResourcesForJvmMain NO-SOURCE
> Task :multiplatform:screen:navigate:api:generateComposeResClass UP-TO-DATE
> Task :multiplatform:screen:explore:api:assembleJvmMainResources UP-TO-DATE
> Task :multiplatform:screen:navigate:api:prepareComposeResourcesTaskForJvmMain NO-SOURCE
> Task :multiplatform:screen:navigate:impl:kmpPartiallyResolvedDependenciesChecker
> Task :multiplatform:screen:navigate:impl:checkKotlinGradlePluginConfigurationErrors SKIPPED
> Task :multiplatform:screen:navigate:api:generateResourceAccessorsForJvmMain NO-SOURCE
> Task :multiplatform:screen:navigate:api:checkKotlinGradlePluginConfigurationErrors SKIPPED
> Task :multiplatform:screen:navigate:impl:convertXmlValueResourcesForCommonTest NO-SOURCE
> Task :multiplatform:screen:explore:api:generateActualResourceCollectorsForJvmMain UP-TO-DATE
> Task :multiplatform:screen:navigate:impl:convertXmlValueResourcesForJvmMain NO-SOURCE
> Task :multiplatform:screen:navigate:api:prepareComposeResourcesTaskForCommonMain NO-SOURCE
> Task :multiplatform:di:scope:compileKotlinJvm UP-TO-DATE
> Task :multiplatform:feat:savetrail:api:generateExpectResourceCollectorsForCommonMain UP-TO-DATE
> Task :multiplatform:screen:navigate:api:assembleJvmMainResources UP-TO-DATE
> Task :multiplatform:screen:navigate:impl:convertXmlValueResourcesForCommonMain NO-SOURCE
> Task :multiplatform:foundation:parcel:compileKotlinJvm UP-TO-DATE
> Task :multiplatform:screen:explore:api:generateExpectResourceCollectorsForCommonMain UP-TO-DATE
> Task :multiplatform:feat:filters:api:generateActualResourceCollectorsForJvmMain UP-TO-DATE
> Task :multiplatform:screen:navigate:api:generateResourceAccessorsForCommonMain NO-SOURCE
> Task :multiplatform:screen:navigate:impl:convertXmlValueResourcesForJvmTest NO-SOURCE
> Task :multiplatform:screen:navigate:api:generateActualResourceCollectorsForJvmMain UP-TO-DATE
> Task :multiplatform:di:scope:compileJvmMainJava NO-SOURCE
> Task :multiplatform:foundation:parcel:compileJvmMainJava NO-SOURCE
> Task :multiplatform:di:scope:jvmMainClasses UP-TO-DATE
> Task :multiplatform:foundation:parcel:jvmMainClasses UP-TO-DATE
> Task :multiplatform:screen:navigate:impl:copyNonXmlValueResourcesForCommonTest NO-SOURCE
> Task :multiplatform:screen:navigate:impl:copyNonXmlValueResourcesForJvmTest NO-SOURCE
> Task :multiplatform:screen:navigate:impl:copyNonXmlValueResourcesForJvmMain NO-SOURCE
> Task :multiplatform:screen:navigate:impl:copyNonXmlValueResourcesForCommonMain NO-SOURCE
> Task :multiplatform:foundation:parcel:jvmJar UP-TO-DATE
> Task :multiplatform:di:scope:jvmJar UP-TO-DATE
> Task :multiplatform:foundation:networking:kspKotlinJvm SKIPPED
> Task :multiplatform:foundation:networking:jvmProcessResources UP-TO-DATE
> Task :multiplatform:foundation:networking:processJvmMainResources SKIPPED
> Task :multiplatform:screen:navigate:impl:prepareComposeResourcesTaskForCommonTest NO-SOURCE
> Task :multiplatform:screen:navigate:impl:prepareComposeResourcesTaskForJvmMain NO-SOURCE
> Task :multiplatform:screen:navigate:impl:prepareComposeResourcesTaskForJvmTest NO-SOURCE
> Task :multiplatform:screen:navigate:impl:prepareComposeResourcesTaskForCommonMain NO-SOURCE
> Task :multiplatform:screen:navigate:impl:generateResourceAccessorsForCommonTest NO-SOURCE
> Task :multiplatform:screen:navigate:impl:generateResourceAccessorsForJvmMain NO-SOURCE
> Task :multiplatform:screen:navigate:impl:generateResourceAccessorsForJvmTest NO-SOURCE
> Task :multiplatform:screen:navigate:impl:generateResourceAccessorsForCommonMain NO-SOURCE
> Task :server:api:compileKotlinJvm UP-TO-DATE
> Task :multiplatform:screen:navigate:impl:assembleJvmMainResources
> Task :server:api:compileJvmMainJava NO-SOURCE
> Task :server:api:jvmMainClasses UP-TO-DATE
> Task :multiplatform:screen:navigate:impl:generateExpectResourceCollectorsForCommonMain
> Task :multiplatform:screen:navigate:impl:generateComposeResClass
> Task :multiplatform:screen:navigate:impl:assembleJvmTestResources
> Task :multiplatform:screen:navigate:impl:koverFindJar
> Task :multiplatform:foundation:designsystem:copyNonXmlValueResourcesForCommonMain UP-TO-DATE
> Task :server:api:jvmJar UP-TO-DATE
> Task :multiplatform:data:trail:api:kspKotlinJvm SKIPPED
> Task :multiplatform:foundation:designsystem:prepareComposeResourcesTaskForCommonMain UP-TO-DATE
> Task :multiplatform:data:trail:api:jvmProcessResources UP-TO-DATE
> Task :multiplatform:data:trail:api:processJvmMainResources SKIPPED
> Task :multiplatform:foundation:designsystem:generateResourceAccessorsForCommonMain UP-TO-DATE
> Task :multiplatform:screen:navigate:impl:generateActualResourceCollectorsForJvmMain
> Task :multiplatform:foundation:networking:compileKotlinJvm UP-TO-DATE
> Task :multiplatform:foundation:designsystem:generateActualResourceCollectorsForJvmMain UP-TO-DATE
> Task :multiplatform:foundation:networking:compileJvmMainJava NO-SOURCE
> Task :multiplatform:foundation:networking:jvmMainClasses UP-TO-DATE
> Task :multiplatform:foundation:networking:jvmJar UP-TO-DATE
> Task :multiplatform:foundation:designsystem:kspKotlinJvm SKIPPED
> Task :multiplatform:foundation:designsystem:assembleJvmMainResources UP-TO-DATE
> Task :multiplatform:foundation:designsystem:jvmProcessResources UP-TO-DATE
> Task :multiplatform:foundation:designsystem:processJvmMainResources SKIPPED
> Task :multiplatform:foundation:designsystem:compileKotlinJvm UP-TO-DATE
> Task :multiplatform:foundation:designsystem:compileJvmMainJava NO-SOURCE
> Task :multiplatform:foundation:designsystem:jvmMainClasses UP-TO-DATE
> Task :multiplatform:foundation:designsystem:kspTestKotlinJvm SKIPPED
> Task :multiplatform:foundation:designsystem:jvmTestProcessResources UP-TO-DATE
> Task :multiplatform:foundation:designsystem:processJvmTestResources SKIPPED
> Task :multiplatform:foundation:designsystem:jvmJar UP-TO-DATE
> Task :multiplatform:data:trail:api:compileKotlinJvm UP-TO-DATE
> Task :multiplatform:data:trail:api:compileJvmMainJava NO-SOURCE
> Task :multiplatform:data:trail:api:jvmMainClasses UP-TO-DATE
> Task :multiplatform:data:trail:api:jvmJar UP-TO-DATE
> Task :multiplatform:feat:filters:api:kspKotlinJvm SKIPPED
> Task :multiplatform:feat:savetrail:api:kspKotlinJvm SKIPPED
> Task :multiplatform:feat:filters:api:jvmProcessResources UP-TO-DATE
> Task :multiplatform:feat:filters:api:processJvmMainResources SKIPPED
> Task :multiplatform:feat:savetrail:api:jvmProcessResources UP-TO-DATE
> Task :multiplatform:feat:savetrail:api:processJvmMainResources SKIPPED
> Task :multiplatform:feat:filters:api:compileKotlinJvm UP-TO-DATE
> Task :multiplatform:feat:savetrail:api:compileKotlinJvm UP-TO-DATE
> Task :multiplatform:feat:filters:api:compileJvmMainJava NO-SOURCE
> Task :multiplatform:feat:savetrail:api:compileJvmMainJava NO-SOURCE
> Task :multiplatform:feat:filters:api:jvmMainClasses UP-TO-DATE
> Task :multiplatform:feat:savetrail:api:jvmMainClasses UP-TO-DATE
> Task :multiplatform:feat:filters:api:jvmJar UP-TO-DATE
> Task :multiplatform:feat:savetrail:api:jvmJar UP-TO-DATE
> Task :multiplatform:screen:explore:api:kspKotlinJvm SKIPPED
> Task :multiplatform:feat:savetrail:impl:kspKotlinJvm SKIPPED
> Task :multiplatform:screen:explore:api:jvmProcessResources UP-TO-DATE
> Task :multiplatform:screen:explore:api:processJvmMainResources SKIPPED
> Task :multiplatform:feat:savetrail:impl:jvmProcessResources UP-TO-DATE
> Task :multiplatform:feat:savetrail:impl:processJvmMainResources SKIPPED
> Task :multiplatform:screen:explore:api:compileKotlinJvm UP-TO-DATE
> Task :multiplatform:screen:explore:api:compileJvmMainJava NO-SOURCE
> Task :multiplatform:screen:explore:api:jvmMainClasses UP-TO-DATE
> Task :multiplatform:screen:explore:api:jvmJar UP-TO-DATE
> Task :multiplatform:screen:navigate:api:kspKotlinJvm SKIPPED
> Task :multiplatform:screen:navigate:api:jvmProcessResources UP-TO-DATE
> Task :multiplatform:screen:navigate:api:processJvmMainResources SKIPPED
> Task :multiplatform:screen:navigate:api:compileKotlinJvm UP-TO-DATE
> Task :multiplatform:screen:navigate:api:compileJvmMainJava NO-SOURCE
> Task :multiplatform:screen:navigate:api:jvmMainClasses UP-TO-DATE
> Task :multiplatform:screen:navigate:api:jvmJar UP-TO-DATE
> Task :multiplatform:feat:savetrail:impl:compileKotlinJvm UP-TO-DATE
> Task :multiplatform:feat:savetrail:impl:compileJvmMainJava NO-SOURCE
> Task :multiplatform:feat:savetrail:impl:jvmMainClasses UP-TO-DATE
> Task :multiplatform:feat:savetrail:impl:jvmJar UP-TO-DATE
> Task :multiplatform:screen:navigate:impl:kspKotlinJvm SKIPPED
> Task :multiplatform:screen:navigate:impl:jvmProcessResources
> Task :multiplatform:screen:navigate:impl:processJvmMainResources SKIPPED

> Task :multiplatform:foundation:designsystem:compileTestKotlinJvm FAILED
e: file:///Users/matt/src/mobilenativefoundation/Trails/multiplatform/foundation/designsystem/src/jvmTest/kotlin/org/mobilenativefoundation/trails/foundation/designsystem/component/TrailRouteSchematicTest.kt:10:20 Unresolved reference 'schematicRoute'.
e: file:///Users/matt/src/mobilenativefoundation/Trails/multiplatform/foundation/designsystem/src/jvmTest/kotlin/org/mobilenativefoundation/trails/foundation/designsystem/component/TrailRouteSchematicTest.kt:11:9 Cannot infer type for type parameter 'T'. Specify it explicitly.
e: file:///Users/matt/src/mobilenativefoundation/Trails/multiplatform/foundation/designsystem/src/jvmTest/kotlin/org/mobilenativefoundation/trails/foundation/designsystem/component/TrailRouteSchematicTest.kt:11:28 Unresolved reference 'schematicRoute'.
e: file:///Users/matt/src/mobilenativefoundation/Trails/multiplatform/foundation/designsystem/src/jvmTest/kotlin/org/mobilenativefoundation/trails/foundation/designsystem/component/TrailRouteSchematicTest.kt:13:9 Cannot infer type for type parameter 'T'. Specify it explicitly.
e: file:///Users/matt/src/mobilenativefoundation/Trails/multiplatform/foundation/designsystem/src/jvmTest/kotlin/org/mobilenativefoundation/trails/foundation/designsystem/component/TrailRouteSchematicTest.kt:14:20 Unresolved reference 'schematicRoute'.
e: file:///Users/matt/src/mobilenativefoundation/Trails/multiplatform/foundation/designsystem/src/jvmTest/kotlin/org/mobilenativefoundation/trails/foundation/designsystem/component/TrailRouteSchematicTest.kt:16:57 None of the following candidates is applicable:

fun <T> Array<out T>.first(): T:
  Unresolved reference. None of the following candidates is applicable because of a receiver type mismatch:
fun <T> Array<out T>.first(): T

fun ByteArray.first(): Byte:
  Unresolved reference. None of the following candidates is applicable because of a receiver type mismatch:
fun ByteArray.first(): Byte

fun ShortArray.first(): Short:
  Unresolved reference. None of the following candidates is applicable because of a receiver type mismatch:
fun ShortArray.first(): Short

fun IntArray.first(): Int:
  Unresolved reference. None of the following candidates is applicable because of a receiver type mismatch:
fun IntArray.first(): Int

fun LongArray.first(): Long:
  Unresolved reference. None of the following candidates is applicable because of a receiver type mismatch:
fun LongArray.first(): Long

fun FloatArray.first(): Float:
  Unresolved reference. None of the following candidates is applicable because of a receiver type mismatch:
fun FloatArray.first(): Float

fun DoubleArray.first(): Double:
  Unresolved reference. None of the following candidates is applicable because of a receiver type mismatch:
fun DoubleArray.first(): Double

fun BooleanArray.first(): Boolean:
  Unresolved reference. None of the following candidates is applicable because of a receiver type mismatch:
fun BooleanArray.first(): Boolean

fun CharArray.first(): Char:
  Unresolved reference. None of the following candidates is applicable because of a receiver type mismatch:
fun CharArray.first(): Char

fun <T> Array<out T>.first(predicate: (T) -> Boolean): T:
  Unresolved reference. None of the following candidates is applicable because of a receiver type mismatch:
fun <T> Array<out T>.first(predicate: (T) -> Boolean): T

fun ByteArray.first(predicate: (Byte) -> Boolean): Byte:
  Unresolved reference. None of the following candidates is applicable because of a receiver type mismatch:
fun ByteArray.first(predicate: (Byte) -> Boolean): Byte

fun ShortArray.first(predicate: (Short) -> Boolean): Short:
  Unresolved reference. None of the following candidates is applicable because of a receiver type mismatch:
fun ShortArray.first(predicate: (Short) -> Boolean): Short

fun IntArray.first(predicate: (Int) -> Boolean): Int:
  Unresolved reference. None of the following candidates is applicable because of a receiver type mismatch:
fun IntArray.first(predicate: (Int) -> Boolean): Int

fun LongArray.first(predicate: (Long) -> Boolean): Long:
  Unresolved reference. None of the following candidates is applicable because of a receiver type mismatch:
fun LongArray.first(predicate: (Long) -> Boolean): Long

fun FloatArray.first(predicate: (Float) -> Boolean): Float:
  Unresolved reference. None of the following candidates is applicable because of a receiver type mismatch:
fun FloatArray.first(predicate: (Float) -> Boolean): Float

fun DoubleArray.first(predicate: (Double) -> Boolean): Double:
  Unresolved reference. None of the following candidates is applicable because of a receiver type mismatch:
fun DoubleArray.first(predicate: (Double) -> Boolean): Double

fun BooleanArray.first(predicate: (Boolean) -> Boolean): Boolean:
  Unresolved reference. None of the following candidates is applicable because of a receiver type mismatch:
fun BooleanArray.first(predicate: (Boolean) -> Boolean): Boolean

fun CharArray.first(predicate: (Char) -> Boolean): Char:
  Unresolved reference. None of the following candidates is applicable because of a receiver type mismatch:
fun CharArray.first(predicate: (Char) -> Boolean): Char

fun <T> Iterable<T>.first(): T:
  Unresolved reference. None of the following candidates is applicable because of a receiver type mismatch:
fun <T> Iterable<T>.first(): T

fun <T> List<T>.first(): T:
  Unresolved reference. None of the following candidates is applicable because of a receiver type mismatch:
fun <T> List<T>.first(): T

fun <T> Iterable<T>.first(predicate: (T) -> Boolean): T:
  Unresolved reference. None of the following candidates is applicable because of a receiver type mismatch:
fun <T> Iterable<T>.first(predicate: (T) -> Boolean): T

fun UIntArray.first(): UInt:
  Unresolved reference. None of the following candidates is applicable because of a receiver type mismatch:
fun UIntArray.first(): UInt

fun ULongArray.first(): ULong:
  Unresolved reference. None of the following candidates is applicable because of a receiver type mismatch:
fun ULongArray.first(): ULong

fun UByteArray.first(): UByte:
  Unresolved reference. None of the following candidates is applicable because of a receiver type mismatch:
fun UByteArray.first(): UByte

fun UShortArray.first(): UShort:
  Unresolved reference. None of the following candidates is applicable because of a receiver type mismatch:
fun UShortArray.first(): UShort

fun UIntArray.first(predicate: (UInt) -> Boolean): UInt:
  Unresolved reference. None of the following candidates is applicable because of a receiver type mismatch:
fun UIntArray.first(predicate: (UInt) -> Boolean): UInt

fun ULongArray.first(predicate: (ULong) -> Boolean): ULong:
  Unresolved reference. None of the following candidates is applicable because of a receiver type mismatch:
fun ULongArray.first(predicate: (ULong) -> Boolean): ULong

fun UByteArray.first(predicate: (UByte) -> Boolean): UByte:
  Unresolved reference. None of the following candidates is applicable because of a receiver type mismatch:
fun UByteArray.first(predicate: (UByte) -> Boolean): UByte

fun UShortArray.first(predicate: (UShort) -> Boolean): UShort:
  Unresolved reference. None of the following candidates is applicable because of a receiver type mismatch:
fun UShortArray.first(predicate: (UShort) -> Boolean): UShort

fun IntProgression.first(): Int:
  Unresolved reference. None of the following candidates is applicable because of a receiver type mismatch:
fun IntProgression.first(): Int

fun LongProgression.first(): Long:
  Unresolved reference. None of the following candidates is applicable because of a receiver type mismatch:
fun LongProgression.first(): Long

fun CharProgression.first(): Char:
  Unresolved reference. None of the following candidates is applicable because of a receiver type mismatch:
fun CharProgression.first(): Char

fun UIntProgression.first(): UInt:
  Unresolved reference. None of the following candidates is applicable because of a receiver type mismatch:
fun UIntProgression.first(): UInt

fun ULongProgression.first(): ULong:
  Unresolved reference. None of the following candidates is applicable because of a receiver type mismatch:
fun ULongProgression.first(): ULong

fun <T> Sequence<T>.first(): T:
  Unresolved reference. None of the following candidates is applicable because of a receiver type mismatch:
fun <T> Sequence<T>.first(): T

fun <T> Sequence<T>.first(predicate: (T) -> Boolean): T:
  Unresolved reference. None of the following candidates is applicable because of a receiver type mismatch:
fun <T> Sequence<T>.first(predicate: (T) -> Boolean): T

fun CharSequence.first(): Char:
  Unresolved reference. None of the following candidates is applicable because of a receiver type mismatch:
fun CharSequence.first(): Char

fun CharSequence.first(predicate: (Char) -> Boolean): Char:
  Unresolved reference. None of the following candidates is applicable because of a receiver type mismatch:
fun CharSequence.first(predicate: (Char) -> Boolean): Char
e: file:///Users/matt/src/mobilenativefoundation/Trails/multiplatform/foundation/designsystem/src/jvmTest/kotlin/org/mobilenativefoundation/trails/foundation/designsystem/component/TrailRouteSchematicTest.kt:16:63 'operator' modifier is required on 'fun String.compareTo(other: String, ignoreCase: Boolean = ...): Int'.
e: file:///Users/matt/src/mobilenativefoundation/Trails/multiplatform/foundation/designsystem/src/jvmTest/kotlin/org/mobilenativefoundation/trails/foundation/designsystem/component/TrailRouteSchematicTest.kt:16:67 None of the following candidates is applicable:

fun <T> Array<out T>.first(): T:
  Unresolved reference. None of the following candidates is applicable because of a receiver type mismatch:
fun <T> Array<out T>.first(): T

fun ByteArray.first(): Byte:
  Unresolved reference. None of the following candidates is applicable because of a receiver type mismatch:
fun ByteArray.first(): Byte

fun ShortArray.first(): Short:
  Unresolved reference. None of the following candidates is applicable because of a receiver type mismatch:
fun ShortArray.first(): Short

fun IntArray.first(): Int:
  Unresolved reference. None of the following candidates is applicable because of a receiver type mismatch:
fun IntArray.first(): Int

fun LongArray.first(): Long:
  Unresolved reference. None of the following candidates is applicable because of a receiver type mismatch:
fun LongArray.first(): Long

fun FloatArray.first(): Float:
  Unresolved reference. None of the following candidates is applicable because of a receiver type mismatch:
fun FloatArray.first(): Float

fun DoubleArray.first(): Double:
  Unresolved reference. None of the following candidates is applicable because of a receiver type mismatch:
fun DoubleArray.first(): Double

fun BooleanArray.first(): Boolean:
  Unresolved reference. None of the following candidates is applicable because of a receiver type mismatch:
fun BooleanArray.first(): Boolean

fun CharArray.first(): Char:
  Unresolved reference. None of the following candidates is applicable because of a receiver type mismatch:
fun CharArray.first(): Char

fun <T> Array<out T>.first(predicate: (T) -> Boolean): T:
  Unresolved reference. None of the following candidates is applicable because of a receiver type mismatch:
fun <T> Array<out T>.first(predicate: (T) -> Boolean): T

fun ByteArray.first(predicate: (Byte) -> Boolean): Byte:
  Unresolved reference. None of the following candidates is applicable because of a receiver type mismatch:
fun ByteArray.first(predicate: (Byte) -> Boolean): Byte

fun ShortArray.first(predicate: (Short) -> Boolean): Short:
  Unresolved reference. None of the following candidates is applicable because of a receiver type mismatch:
fun ShortArray.first(predicate: (Short) -> Boolean): Short

fun IntArray.first(predicate: (Int) -> Boolean): Int:
  Unresolved reference. None of the following candidates is applicable because of a receiver type mismatch:
fun IntArray.first(predicate: (Int) -> Boolean): Int

fun LongArray.first(predicate: (Long) -> Boolean): Long:
  Unresolved reference. None of the following candidates is applicable because of a receiver type mismatch:
fun LongArray.first(predicate: (Long) -> Boolean): Long

fun FloatArray.first(predicate: (Float) -> Boolean): Float:
  Unresolved reference. None of the following candidates is applicable because of a receiver type mismatch:
fun FloatArray.first(predicate: (Float) -> Boolean): Float

fun DoubleArray.first(predicate: (Double) -> Boolean): Double:
  Unresolved reference. None of the following candidates is applicable because of a receiver type mismatch:
fun DoubleArray.first(predicate: (Double) -> Boolean): Double

fun BooleanArray.first(predicate: (Boolean) -> Boolean): Boolean:
  Unresolved reference. None of the following candidates is applicable because of a receiver type mismatch:
fun BooleanArray.first(predicate: (Boolean) -> Boolean): Boolean

fun CharArray.first(predicate: (Char) -> Boolean): Char:
  Unresolved reference. None of the following candidates is applicable because of a receiver type mismatch:
fun CharArray.first(predicate: (Char) -> Boolean): Char

fun <T> Iterable<T>.first(): T:
  Unresolved reference. None of the following candidates is applicable because of a receiver type mismatch:
fun <T> Iterable<T>.first(): T

fun <T> List<T>.first(): T:
  Unresolved reference. None of the following candidates is applicable because of a receiver type mismatch:
fun <T> List<T>.first(): T

fun <T> Iterable<T>.first(predicate: (T) -> Boolean): T:
  Unresolved reference. None of the following candidates is applicable because of a receiver type mismatch:
fun <T> Iterable<T>.first(predicate: (T) -> Boolean): T

fun UIntArray.first(): UInt:
  Unresolved reference. None of the following candidates is applicable because of a receiver type mismatch:
fun UIntArray.first(): UInt

fun ULongArray.first(): ULong:
  Unresolved reference. None of the following candidates is applicable because of a receiver type mismatch:
fun ULongArray.first(): ULong

fun UByteArray.first(): UByte:
  Unresolved reference. None of the following candidates is applicable because of a receiver type mismatch:
fun UByteArray.first(): UByte

fun UShortArray.first(): UShort:
  Unresolved reference. None of the following candidates is applicable because of a receiver type mismatch:
fun UShortArray.first(): UShort

fun UIntArray.first(predicate: (UInt) -> Boolean): UInt:
  Unresolved reference. None of the following candidates is applicable because of a receiver type mismatch:
fun UIntArray.first(predicate: (UInt) -> Boolean): UInt

fun ULongArray.first(predicate: (ULong) -> Boolean): ULong:
  Unresolved reference. None of the following candidates is applicable because of a receiver type mismatch:
fun ULongArray.first(predicate: (ULong) -> Boolean): ULong

fun UByteArray.first(predicate: (UByte) -> Boolean): UByte:
  Unresolved reference. None of the following candidates is applicable because of a receiver type mismatch:
fun UByteArray.first(predicate: (UByte) -> Boolean): UByte

fun UShortArray.first(predicate: (UShort) -> Boolean): UShort:
  Unresolved reference. None of the following candidates is applicable because of a receiver type mismatch:
fun UShortArray.first(predicate: (UShort) -> Boolean): UShort

fun IntProgression.first(): Int:
  Unresolved reference. None of the following candidates is applicable because of a receiver type mismatch:
fun IntProgression.first(): Int

fun LongProgression.first(): Long:
  Unresolved reference. None of the following candidates is applicable because of a receiver type mismatch:
fun LongProgression.first(): Long

fun CharProgression.first(): Char:
  Unresolved reference. None of the following candidates is applicable because of a receiver type mismatch:
fun CharProgression.first(): Char

fun UIntProgression.first(): UInt:
  Unresolved reference. None of the following candidates is applicable because of a receiver type mismatch:
fun UIntProgression.first(): UInt

fun ULongProgression.first(): ULong:
  Unresolved reference. None of the following candidates is applicable because of a receiver type mismatch:
fun ULongProgression.first(): ULong

fun <T> Sequence<T>.first(): T:
  Unresolved reference. None of the following candidates is applicable because of a receiver type mismatch:
fun <T> Sequence<T>.first(): T

fun <T> Sequence<T>.first(predicate: (T) -> Boolean): T:
  Unresolved reference. None of the following candidates is applicable because of a receiver type mismatch:
fun <T> Sequence<T>.first(predicate: (T) -> Boolean): T

fun CharSequence.first(): Char:
  Unresolved reference. None of the following candidates is applicable because of a receiver type mismatch:
fun CharSequence.first(): Char

fun CharSequence.first(predicate: (Char) -> Boolean): Char:
  Unresolved reference. None of the following candidates is applicable because of a receiver type mismatch:
fun CharSequence.first(predicate: (Char) -> Boolean): Char
e: file:///Users/matt/src/mobilenativefoundation/Trails/multiplatform/foundation/designsystem/src/jvmTest/kotlin/org/mobilenativefoundation/trails/foundation/designsystem/component/TrailRouteSchematicTest.kt:17:33 Cannot infer type for implicit value parameter 'it'. Specify it explicitly.
e: file:///Users/matt/src/mobilenativefoundation/Trails/multiplatform/foundation/designsystem/src/jvmTest/kotlin/org/mobilenativefoundation/trails/foundation/designsystem/component/TrailRouteSchematicTest.kt:17:33 Operator call 'component1()' is ambiguous for destructuring of type '??? (Unknown type for value parameter <destruct>)'. Applicable candidates:
fun <T> Array<out T>.component1(): T
fun ByteArray.component1(): Byte
fun ShortArray.component1(): Short
fun IntArray.component1(): Int
fun LongArray.component1(): Long
fun FloatArray.component1(): Float
fun DoubleArray.component1(): Double
fun BooleanArray.component1(): Boolean
fun CharArray.component1(): Char
fun <T> List<T>.component1(): T
fun <K, V> Map.Entry<K, V>.component1(): K
fun UIntArray.component1(): UInt
fun ULongArray.component1(): ULong
fun UByteArray.component1(): UByte
fun UShortArray.component1(): UShort
e: file:///Users/matt/src/mobilenativefoundation/Trails/multiplatform/foundation/designsystem/src/jvmTest/kotlin/org/mobilenativefoundation/trails/foundation/designsystem/component/TrailRouteSchematicTest.kt:17:33 Operator call 'component2()' is ambiguous for destructuring of type '??? (Unknown type for value parameter <destruct>)'. Applicable candidates:
fun <T> Array<out T>.component2(): T
fun ByteArray.component2(): Byte
fun ShortArray.component2(): Short
fun IntArray.component2(): Int
fun LongArray.component2(): Long
fun FloatArray.component2(): Float
fun DoubleArray.component2(): Double
fun BooleanArray.component2(): Boolean
fun CharArray.component2(): Char
fun <T> List<T>.component2(): T
fun <K, V> Map.Entry<K, V>.component2(): V
fun UIntArray.component2(): UInt
fun ULongArray.component2(): ULong
fun UByteArray.component2(): UByte
fun UShortArray.component2(): UShort
e: file:///Users/matt/src/mobilenativefoundation/Trails/multiplatform/foundation/designsystem/src/jvmTest/kotlin/org/mobilenativefoundation/trails/foundation/designsystem/component/TrailRouteSchematicTest.kt:21:20 Unresolved reference 'schematicRoute'.
e: file:///Users/matt/src/mobilenativefoundation/Trails/multiplatform/foundation/designsystem/src/jvmTest/kotlin/org/mobilenativefoundation/trails/foundation/designsystem/component/TrailRouteSchematicTest.kt:21:56 Unresolved reference 'schematicRoute'.

> Task :multiplatform:screen:navigate:impl:compileKotlinJvm

FAILURE: Build failed with an exception.

* What went wrong:
Execution failed for task ':multiplatform:foundation:designsystem:compileTestKotlinJvm'.
> A failure occurred while executing org.jetbrains.kotlin.compilerRunner.btapi.BuildToolsApiCompilationWork
   > Compilation error. See log for more details

* Try:
> Run with --stacktrace option to get the stack trace.
> Run with --info or --debug option to get more log output.
> Run with --scan to get full insights.
> Get more help at https://help.gradle.org.

BUILD FAILED in 5s
93 actionable tasks: 23 executed, 70 up-to-date
Configuration cache entry stored.
