Calculating task graph as no cached configuration is available for tasks: :multiplatform:screen:activity:impl:jvmTest
Type-safe project accessors is an incubating feature.
> Task :tooling:plugins:checkKotlinGradlePluginConfigurationErrors SKIPPED
> Task :tooling:plugins:compileKotlin UP-TO-DATE
> Task :tooling:plugins:compileJava NO-SOURCE
> Task :tooling:plugins:pluginDescriptors UP-TO-DATE
> Task :tooling:plugins:processResources UP-TO-DATE
> Task :tooling:plugins:classes UP-TO-DATE
> Task :tooling:plugins:jar UP-TO-DATE
> Task :multiplatform:foundation:networking:copyNonXmlValueResourcesForJvmMain NO-SOURCE
> Task :multiplatform:foundation:networking:generateExpectResourceCollectorsForCommonMain UP-TO-DATE
> Task :multiplatform:di:scope:jvmProcessResources NO-SOURCE
> Task :multiplatform:di:scope:kmpPartiallyResolvedDependenciesChecker
> Task :multiplatform:foundation:parcel:kmpPartiallyResolvedDependenciesChecker
> Task :multiplatform:foundation:designsystem:convertXmlValueResourcesForJvmMain NO-SOURCE
> Task :multiplatform:foundation:networking:kmpPartiallyResolvedDependenciesChecker
> Task :multiplatform:foundation:designsystem:generateExpectResourceCollectorsForCommonMain UP-TO-DATE
> Task :multiplatform:foundation:networking:convertXmlValueResourcesForJvmMain NO-SOURCE
> Task :multiplatform:di:scope:checkKotlinGradlePluginConfigurationErrors SKIPPED
> Task :server:api:kmpPartiallyResolvedDependenciesChecker
> Task :multiplatform:foundation:parcel:jvmProcessResources NO-SOURCE
> Task :server:api:jvmProcessResources NO-SOURCE
> Task :multiplatform:foundation:networking:generateComposeResClass UP-TO-DATE
> Task :multiplatform:foundation:networking:copyNonXmlValueResourcesForCommonMain NO-SOURCE
> Task :multiplatform:foundation:designsystem:generateComposeResClass UP-TO-DATE
> Task :multiplatform:foundation:designsystem:copyNonXmlValueResourcesForJvmMain NO-SOURCE
> Task :server:api:processJvmMainResources SKIPPED
> Task :multiplatform:foundation:designsystem:kmpPartiallyResolvedDependenciesChecker
> Task :multiplatform:di:scope:processJvmMainResources SKIPPED
> Task :multiplatform:data:trail:api:kmpPartiallyResolvedDependenciesChecker
> Task :server:api:checkKotlinGradlePluginConfigurationErrors SKIPPED
> Task :multiplatform:foundation:networking:convertXmlValueResourcesForCommonMain NO-SOURCE
> Task :multiplatform:data:trail:api:convertXmlValueResourcesForJvmMain NO-SOURCE
> Task :multiplatform:data:trail:api:copyNonXmlValueResourcesForCommonMain NO-SOURCE
> Task :multiplatform:foundation:parcel:processJvmMainResources SKIPPED
> Task :multiplatform:data:trail:api:copyNonXmlValueResourcesForJvmMain NO-SOURCE
> Task :multiplatform:data:trail:api:convertXmlValueResourcesForCommonMain NO-SOURCE
> Task :multiplatform:data:trail:api:generateExpectResourceCollectorsForCommonMain UP-TO-DATE
> Task :multiplatform:data:trail:api:generateComposeResClass UP-TO-DATE
> Task :multiplatform:foundation:networking:prepareComposeResourcesTaskForJvmMain NO-SOURCE
> Task :multiplatform:foundation:networking:prepareComposeResourcesTaskForCommonMain NO-SOURCE
> Task :multiplatform:data:trail:api:prepareComposeResourcesTaskForCommonMain NO-SOURCE
> Task :multiplatform:foundation:designsystem:checkKotlinGradlePluginConfigurationErrors SKIPPED
> Task :multiplatform:foundation:networking:generateResourceAccessorsForJvmMain NO-SOURCE
> Task :multiplatform:foundation:networking:generateResourceAccessorsForCommonMain NO-SOURCE
> Task :multiplatform:foundation:parcel:checkKotlinGradlePluginConfigurationErrors SKIPPED
> Task :multiplatform:data:trail:api:checkKotlinGradlePluginConfigurationErrors SKIPPED
> Task :multiplatform:data:trail:api:prepareComposeResourcesTaskForJvmMain NO-SOURCE
> Task :multiplatform:foundation:networking:assembleJvmMainResources UP-TO-DATE
> Task :multiplatform:feat:filters:api:kmpPartiallyResolvedDependenciesChecker
> Task :multiplatform:foundation:designsystem:prepareComposeResourcesTaskForJvmMain NO-SOURCE
> Task :multiplatform:feat:filters:api:copyNonXmlValueResourcesForCommonMain NO-SOURCE
> Task :multiplatform:data:trail:api:generateResourceAccessorsForJvmMain NO-SOURCE
> Task :multiplatform:foundation:networking:generateActualResourceCollectorsForJvmMain UP-TO-DATE
> Task :multiplatform:feat:filters:api:convertXmlValueResourcesForCommonMain NO-SOURCE
> Task :multiplatform:foundation:networking:checkKotlinGradlePluginConfigurationErrors SKIPPED
> Task :multiplatform:feat:filters:api:convertXmlValueResourcesForJvmMain NO-SOURCE
> Task :multiplatform:data:trail:api:assembleJvmMainResources UP-TO-DATE
> Task :multiplatform:feat:filters:api:copyNonXmlValueResourcesForJvmMain NO-SOURCE
> Task :multiplatform:feat:filters:api:generateExpectResourceCollectorsForCommonMain UP-TO-DATE
> Task :multiplatform:feat:filters:api:prepareComposeResourcesTaskForCommonMain NO-SOURCE
> Task :multiplatform:feat:filters:api:generateComposeResClass UP-TO-DATE
> Task :multiplatform:feat:filters:api:checkKotlinGradlePluginConfigurationErrors SKIPPED
> Task :multiplatform:data:trail:api:generateResourceAccessorsForCommonMain NO-SOURCE
> Task :multiplatform:foundation:designsystem:generateResourceAccessorsForJvmMain NO-SOURCE
> Task :multiplatform:feat:savetrail:api:kmpPartiallyResolvedDependenciesChecker
> Task :multiplatform:feat:filters:api:generateResourceAccessorsForCommonMain NO-SOURCE
> Task :multiplatform:feat:savetrail:api:convertXmlValueResourcesForCommonMain NO-SOURCE
> Task :multiplatform:feat:savetrail:api:checkKotlinGradlePluginConfigurationErrors SKIPPED
> Task :multiplatform:feat:savetrail:api:copyNonXmlValueResourcesForJvmMain NO-SOURCE
> Task :multiplatform:data:trail:api:generateActualResourceCollectorsForJvmMain UP-TO-DATE
> Task :multiplatform:di:scope:compileKotlinJvm UP-TO-DATE
> Task :multiplatform:feat:savetrail:api:generateComposeResClass UP-TO-DATE
> Task :server:api:compileKotlinJvm UP-TO-DATE
> Task :multiplatform:feat:savetrail:api:generateExpectResourceCollectorsForCommonMain UP-TO-DATE
> Task :multiplatform:feat:filters:api:prepareComposeResourcesTaskForJvmMain NO-SOURCE
> Task :multiplatform:feat:savetrail:api:copyNonXmlValueResourcesForCommonMain NO-SOURCE
> Task :multiplatform:feat:savetrail:api:convertXmlValueResourcesForJvmMain NO-SOURCE
> Task :multiplatform:feat:filters:api:generateResourceAccessorsForJvmMain NO-SOURCE
> Task :server:api:compileJvmMainJava NO-SOURCE
> Task :multiplatform:di:scope:compileJvmMainJava NO-SOURCE
> Task :multiplatform:feat:filters:api:assembleJvmMainResources UP-TO-DATE
> Task :multiplatform:di:scope:jvmMainClasses UP-TO-DATE
> Task :multiplatform:feat:savetrail:impl:convertXmlValueResourcesForCommonMain NO-SOURCE
> Task :multiplatform:feat:savetrail:api:prepareComposeResourcesTaskForJvmMain NO-SOURCE
> Task :server:api:jvmMainClasses UP-TO-DATE
> Task :multiplatform:screen:activity:api:convertXmlValueResourcesForCommonMain NO-SOURCE
> Task :multiplatform:feat:savetrail:api:prepareComposeResourcesTaskForCommonMain NO-SOURCE
> Task :multiplatform:feat:savetrail:impl:kmpPartiallyResolvedDependenciesChecker
> Task :multiplatform:feat:savetrail:impl:convertXmlValueResourcesForJvmMain NO-SOURCE
> Task :multiplatform:feat:savetrail:api:generateResourceAccessorsForJvmMain NO-SOURCE
> Task :multiplatform:feat:savetrail:impl:generateComposeResClass UP-TO-DATE
> Task :multiplatform:screen:activity:api:copyNonXmlValueResourcesForCommonMain NO-SOURCE
> Task :multiplatform:screen:activity:api:convertXmlValueResourcesForJvmMain NO-SOURCE
> Task :multiplatform:feat:savetrail:impl:checkKotlinGradlePluginConfigurationErrors SKIPPED
> Task :multiplatform:feat:filters:api:generateActualResourceCollectorsForJvmMain UP-TO-DATE
> Task :multiplatform:screen:activity:api:kmpPartiallyResolvedDependenciesChecker
> Task :multiplatform:feat:savetrail:api:generateResourceAccessorsForCommonMain NO-SOURCE
> Task :multiplatform:feat:savetrail:impl:generateExpectResourceCollectorsForCommonMain UP-TO-DATE
> Task :multiplatform:feat:savetrail:impl:copyNonXmlValueResourcesForCommonMain NO-SOURCE
> Task :multiplatform:foundation:parcel:compileKotlinJvm UP-TO-DATE
> Task :multiplatform:screen:activity:api:copyNonXmlValueResourcesForJvmMain NO-SOURCE
> Task :multiplatform:screen:activity:api:generateComposeResClass UP-TO-DATE
> Task :multiplatform:screen:activity:api:prepareComposeResourcesTaskForCommonMain NO-SOURCE
> Task :multiplatform:feat:savetrail:impl:copyNonXmlValueResourcesForJvmMain NO-SOURCE
> Task :multiplatform:feat:savetrail:api:generateActualResourceCollectorsForJvmMain UP-TO-DATE
> Task :multiplatform:screen:activity:api:generateExpectResourceCollectorsForCommonMain UP-TO-DATE
> Task :multiplatform:feat:savetrail:api:assembleJvmMainResources UP-TO-DATE
> Task :multiplatform:feat:savetrail:impl:prepareComposeResourcesTaskForCommonMain NO-SOURCE
> Task :multiplatform:screen:activity:api:prepareComposeResourcesTaskForJvmMain NO-SOURCE
> Task :multiplatform:screen:explore:api:copyNonXmlValueResourcesForCommonMain NO-SOURCE
> Task :multiplatform:feat:savetrail:impl:generateResourceAccessorsForCommonMain NO-SOURCE
> Task :multiplatform:di:scope:jvmJar UP-TO-DATE
> Task :multiplatform:screen:explore:api:kmpPartiallyResolvedDependenciesChecker
> Task :multiplatform:screen:explore:api:convertXmlValueResourcesForJvmMain NO-SOURCE
> Task :multiplatform:screen:activity:api:generateResourceAccessorsForCommonMain NO-SOURCE
> Task :multiplatform:screen:activity:api:checkKotlinGradlePluginConfigurationErrors SKIPPED
> Task :server:api:jvmJar UP-TO-DATE
> Task :multiplatform:screen:explore:api:generateComposeResClass UP-TO-DATE
> Task :multiplatform:screen:explore:api:copyNonXmlValueResourcesForJvmMain NO-SOURCE
> Task :multiplatform:screen:activity:api:generateResourceAccessorsForJvmMain NO-SOURCE
> Task :multiplatform:screen:activity:api:assembleJvmMainResources UP-TO-DATE
> Task :multiplatform:foundation:parcel:compileJvmMainJava NO-SOURCE
> Task :multiplatform:foundation:parcel:jvmMainClasses UP-TO-DATE
> Task :multiplatform:screen:activity:impl:kmpPartiallyResolvedDependenciesChecker
> Task :multiplatform:feat:savetrail:impl:prepareComposeResourcesTaskForJvmMain NO-SOURCE
> Task :multiplatform:screen:activity:impl:checkKotlinGradlePluginConfigurationErrors SKIPPED
> Task :multiplatform:screen:activity:api:generateActualResourceCollectorsForJvmMain UP-TO-DATE
> Task :multiplatform:feat:savetrail:impl:generateResourceAccessorsForJvmMain NO-SOURCE
> Task :multiplatform:screen:explore:api:prepareComposeResourcesTaskForJvmMain NO-SOURCE
> Task :multiplatform:screen:explore:api:generateExpectResourceCollectorsForCommonMain UP-TO-DATE
> Task :multiplatform:screen:explore:api:convertXmlValueResourcesForCommonMain NO-SOURCE
> Task :multiplatform:feat:savetrail:impl:assembleJvmMainResources UP-TO-DATE
> Task :multiplatform:screen:explore:api:checkKotlinGradlePluginConfigurationErrors SKIPPED
> Task :multiplatform:screen:explore:api:generateResourceAccessorsForJvmMain NO-SOURCE
> Task :multiplatform:foundation:designsystem:copyNonXmlValueResourcesForCommonMain UP-TO-DATE
> Task :multiplatform:screen:explore:api:prepareComposeResourcesTaskForCommonMain NO-SOURCE
> Task :multiplatform:feat:savetrail:impl:generateActualResourceCollectorsForJvmMain UP-TO-DATE
> Task :multiplatform:foundation:parcel:jvmJar UP-TO-DATE
> Task :multiplatform:screen:explore:api:generateResourceAccessorsForCommonMain NO-SOURCE
> Task :multiplatform:foundation:networking:kspKotlinJvm SKIPPED
> Task :multiplatform:data:trail:api:kspKotlinJvm SKIPPED
> Task :multiplatform:screen:explore:api:assembleJvmMainResources UP-TO-DATE
> Task :multiplatform:foundation:designsystem:convertXmlValueResourcesForCommonMain NO-SOURCE
> Task :multiplatform:screen:explore:api:generateActualResourceCollectorsForJvmMain UP-TO-DATE
> Task :multiplatform:data:trail:api:jvmProcessResources UP-TO-DATE
> Task :multiplatform:foundation:networking:jvmProcessResources UP-TO-DATE
> Task :multiplatform:foundation:networking:processJvmMainResources SKIPPED
> Task :multiplatform:data:trail:api:processJvmMainResources SKIPPED
> Task :multiplatform:foundation:designsystem:prepareComposeResourcesTaskForCommonMain UP-TO-DATE
> Task :multiplatform:foundation:designsystem:assembleJvmMainResources UP-TO-DATE
> Task :multiplatform:foundation:designsystem:generateResourceAccessorsForCommonMain UP-TO-DATE
> Task :multiplatform:foundation:designsystem:generateActualResourceCollectorsForJvmMain UP-TO-DATE
> Task :multiplatform:screen:activity:impl:copyNonXmlValueResourcesForCommonMain NO-SOURCE
> Task :multiplatform:screen:activity:impl:convertXmlValueResourcesForJvmMain NO-SOURCE
> Task :multiplatform:screen:activity:impl:copyNonXmlValueResourcesForCommonTest NO-SOURCE
> Task :multiplatform:screen:activity:impl:convertXmlValueResourcesForJvmTest NO-SOURCE
> Task :multiplatform:screen:activity:impl:copyNonXmlValueResourcesForJvmMain NO-SOURCE
> Task :multiplatform:screen:activity:impl:convertXmlValueResourcesForCommonMain NO-SOURCE
> Task :multiplatform:screen:activity:impl:copyNonXmlValueResourcesForJvmTest NO-SOURCE
> Task :multiplatform:data:trail:api:compileKotlinJvm UP-TO-DATE
> Task :multiplatform:screen:activity:impl:convertXmlValueResourcesForCommonTest NO-SOURCE
> Task :multiplatform:foundation:networking:compileKotlinJvm UP-TO-DATE
> Task :multiplatform:data:trail:api:compileJvmMainJava NO-SOURCE
> Task :multiplatform:foundation:networking:compileJvmMainJava NO-SOURCE
> Task :multiplatform:data:trail:api:jvmMainClasses UP-TO-DATE
> Task :multiplatform:foundation:networking:jvmMainClasses UP-TO-DATE
> Task :multiplatform:data:trail:api:jvmJar UP-TO-DATE
> Task :multiplatform:foundation:networking:jvmJar UP-TO-DATE
> Task :multiplatform:feat:filters:api:kspKotlinJvm SKIPPED
> Task :multiplatform:foundation:designsystem:kspKotlinJvm SKIPPED
> Task :multiplatform:feat:savetrail:api:kspKotlinJvm SKIPPED
> Task :multiplatform:feat:filters:api:jvmProcessResources UP-TO-DATE
> Task :multiplatform:foundation:designsystem:jvmProcessResources UP-TO-DATE
> Task :multiplatform:feat:filters:api:processJvmMainResources SKIPPED
> Task :multiplatform:foundation:designsystem:processJvmMainResources SKIPPED
> Task :multiplatform:feat:savetrail:api:jvmProcessResources UP-TO-DATE
> Task :multiplatform:feat:savetrail:api:processJvmMainResources SKIPPED
> Task :multiplatform:feat:filters:api:compileKotlinJvm UP-TO-DATE
> Task :multiplatform:feat:savetrail:api:compileKotlinJvm UP-TO-DATE
> Task :multiplatform:feat:filters:api:compileJvmMainJava NO-SOURCE
> Task :multiplatform:feat:savetrail:api:compileJvmMainJava NO-SOURCE
> Task :multiplatform:feat:filters:api:jvmMainClasses UP-TO-DATE
> Task :multiplatform:foundation:designsystem:compileKotlinJvm UP-TO-DATE
> Task :multiplatform:feat:savetrail:api:jvmMainClasses UP-TO-DATE
> Task :multiplatform:foundation:designsystem:compileJvmMainJava NO-SOURCE
> Task :multiplatform:foundation:designsystem:jvmMainClasses UP-TO-DATE
> Task :multiplatform:feat:filters:api:jvmJar UP-TO-DATE
> Task :multiplatform:feat:savetrail:api:jvmJar UP-TO-DATE
> Task :multiplatform:screen:explore:api:kspKotlinJvm SKIPPED
> Task :multiplatform:screen:explore:api:jvmProcessResources UP-TO-DATE
> Task :multiplatform:screen:explore:api:processJvmMainResources SKIPPED
> Task :multiplatform:foundation:designsystem:jvmJar UP-TO-DATE
> Task :multiplatform:screen:activity:impl:prepareComposeResourcesTaskForCommonTest NO-SOURCE
> Task :multiplatform:feat:savetrail:impl:kspKotlinJvm SKIPPED
> Task :multiplatform:screen:activity:impl:prepareComposeResourcesTaskForCommonMain NO-SOURCE
> Task :multiplatform:screen:activity:impl:prepareComposeResourcesTaskForJvmMain NO-SOURCE
> Task :multiplatform:screen:activity:impl:prepareComposeResourcesTaskForJvmTest NO-SOURCE
> Task :multiplatform:screen:activity:impl:generateResourceAccessorsForCommonMain NO-SOURCE
> Task :multiplatform:screen:activity:impl:generateResourceAccessorsForJvmMain NO-SOURCE
> Task :multiplatform:screen:activity:impl:generateResourceAccessorsForJvmTest NO-SOURCE
> Task :multiplatform:screen:activity:impl:generateResourceAccessorsForCommonTest NO-SOURCE
> Task :multiplatform:feat:savetrail:impl:jvmProcessResources UP-TO-DATE
> Task :multiplatform:feat:savetrail:impl:processJvmMainResources SKIPPED
> Task :multiplatform:screen:explore:api:compileKotlinJvm UP-TO-DATE
> Task :multiplatform:feat:savetrail:impl:compileKotlinJvm UP-TO-DATE
> Task :multiplatform:screen:explore:api:compileJvmMainJava NO-SOURCE
> Task :multiplatform:screen:explore:api:jvmMainClasses UP-TO-DATE
> Task :multiplatform:feat:savetrail:impl:compileJvmMainJava NO-SOURCE
> Task :multiplatform:feat:savetrail:impl:jvmMainClasses UP-TO-DATE
> Task :multiplatform:screen:activity:impl:assembleJvmMainResources
> Task :multiplatform:screen:activity:impl:assembleJvmTestResources
> Task :multiplatform:screen:explore:api:jvmJar UP-TO-DATE
> Task :multiplatform:screen:activity:api:kspKotlinJvm SKIPPED
> Task :multiplatform:feat:savetrail:impl:jvmJar UP-TO-DATE
> Task :multiplatform:screen:activity:impl:koverFindJar
> Task :multiplatform:screen:activity:api:jvmProcessResources UP-TO-DATE
> Task :multiplatform:screen:activity:api:processJvmMainResources SKIPPED
> Task :multiplatform:screen:activity:impl:generateExpectResourceCollectorsForCommonMain
> Task :multiplatform:screen:activity:impl:generateActualResourceCollectorsForJvmMain
> Task :multiplatform:screen:activity:impl:generateComposeResClass
> Task :multiplatform:screen:activity:api:compileKotlinJvm UP-TO-DATE
> Task :multiplatform:screen:activity:api:compileJvmMainJava NO-SOURCE
> Task :multiplatform:screen:activity:api:jvmMainClasses UP-TO-DATE
> Task :multiplatform:screen:activity:api:jvmJar UP-TO-DATE
> Task :multiplatform:screen:activity:impl:kspKotlinJvm SKIPPED
> Task :multiplatform:screen:activity:impl:jvmProcessResources
> Task :multiplatform:screen:activity:impl:processJvmMainResources SKIPPED
> Task :multiplatform:screen:activity:impl:compileKotlinJvm
> Task :multiplatform:screen:activity:impl:compileJvmMainJava NO-SOURCE
> Task :multiplatform:screen:activity:impl:jvmMainClasses
> Task :multiplatform:screen:activity:impl:kspTestKotlinJvm SKIPPED
> Task :multiplatform:screen:activity:impl:jvmTestProcessResources
> Task :multiplatform:screen:activity:impl:processJvmTestResources SKIPPED
> Task :multiplatform:screen:activity:impl:jvmJar

> Task :multiplatform:screen:activity:impl:compileTestKotlinJvm FAILED
e: file:///Users/matt/src/mobilenativefoundation/Trails/multiplatform/screen/activity/impl/src/jvmTest/kotlin/org/mobilenativefoundation/trails/screen/activity/ActivitySummaryTest.kt:17:23 Unresolved reference 'monthSummary'.
e: file:///Users/matt/src/mobilenativefoundation/Trails/multiplatform/screen/activity/impl/src/jvmTest/kotlin/org/mobilenativefoundation/trails/screen/activity/ActivitySummaryTest.kt:27:31 Unresolved reference 'activityDateLabel'.
e: file:///Users/matt/src/mobilenativefoundation/Trails/multiplatform/screen/activity/impl/src/jvmTest/kotlin/org/mobilenativefoundation/trails/screen/activity/ActivitySummaryTest.kt:28:35 Unresolved reference 'activityDateLabel'.
e: file:///Users/matt/src/mobilenativefoundation/Trails/multiplatform/screen/activity/impl/src/jvmTest/kotlin/org/mobilenativefoundation/trails/screen/activity/ActivitySummaryTest.kt:29:32 Unresolved reference 'activityDateLabel'.
e: file:///Users/matt/src/mobilenativefoundation/Trails/multiplatform/screen/activity/impl/src/jvmTest/kotlin/org/mobilenativefoundation/trails/screen/activity/ActivitySummaryTest.kt:30:32 Unresolved reference 'activityDateLabel'.
e: file:///Users/matt/src/mobilenativefoundation/Trails/multiplatform/screen/activity/impl/src/jvmTest/kotlin/org/mobilenativefoundation/trails/screen/activity/ActivitySummaryTest.kt:31:58 Unresolved reference 'activitySummaryLine'.
e: file:///Users/matt/src/mobilenativefoundation/Trails/multiplatform/screen/activity/impl/src/jvmTest/kotlin/org/mobilenativefoundation/trails/screen/activity/ActivitySummaryTest.kt:32:30 Unresolved reference 'kilometres'.
e: file:///Users/matt/src/mobilenativefoundation/Trails/multiplatform/screen/activity/impl/src/jvmTest/kotlin/org/mobilenativefoundation/trails/screen/activity/ActivityUiTest.kt:28:36 Unresolved reference 'ActivityUi'.
e: file:///Users/matt/src/mobilenativefoundation/Trails/multiplatform/screen/activity/impl/src/jvmTest/kotlin/org/mobilenativefoundation/trails/screen/activity/ActivityUiTest.kt:39:36 Unresolved reference 'ActivityUi'.

FAILURE: Build failed with an exception.

* What went wrong:
Execution failed for task ':multiplatform:screen:activity:impl:compileTestKotlinJvm'.
> A failure occurred while executing org.jetbrains.kotlin.compilerRunner.btapi.BuildToolsApiCompilationWork
   > Compilation error. See log for more details

* Try:
> Run with --stacktrace option to get the stack trace.
> Run with --info or --debug option to get more log output.
> Run with --scan to get full insights.
> Get more help at https://help.gradle.org.

BUILD FAILED in 4s
92 actionable tasks: 23 executed, 69 up-to-date
Configuration cache entry stored.
