Reusing configuration cache.
> Task :multiplatform:di:scope:jvmProcessResources NO-SOURCE
> Task :multiplatform:foundation:designsystem:generateExpectResourceCollectorsForCommonMain UP-TO-DATE
> Task :multiplatform:di:scope:kmpPartiallyResolvedDependenciesChecker
> Task :multiplatform:di:scope:checkKotlinGradlePluginConfigurationErrors SKIPPED
> Task :multiplatform:di:scope:processJvmMainResources SKIPPED
> Task :multiplatform:foundation:parcel:kmpPartiallyResolvedDependenciesChecker
> Task :multiplatform:foundation:designsystem:convertXmlValueResourcesForJvmTest NO-SOURCE
> Task :multiplatform:foundation:networking:convertXmlValueResourcesForCommonMain NO-SOURCE
> Task :multiplatform:foundation:designsystem:convertXmlValueResourcesForCommonTest NO-SOURCE
> Task :multiplatform:foundation:networking:generateComposeResClass UP-TO-DATE
> Task :multiplatform:foundation:networking:generateExpectResourceCollectorsForCommonMain UP-TO-DATE
> Task :multiplatform:foundation:networking:kmpPartiallyResolvedDependenciesChecker
> Task :multiplatform:foundation:networking:convertXmlValueResourcesForJvmMain NO-SOURCE
> Task :multiplatform:foundation:designsystem:generateComposeResClass UP-TO-DATE
> Task :multiplatform:foundation:parcel:jvmProcessResources NO-SOURCE
> Task :multiplatform:foundation:designsystem:kmpPartiallyResolvedDependenciesChecker
> Task :multiplatform:foundation:designsystem:koverFindJar UP-TO-DATE
> Task :multiplatform:foundation:designsystem:convertXmlValueResourcesForJvmMain NO-SOURCE
> Task :multiplatform:foundation:designsystem:checkKotlinGradlePluginConfigurationErrors SKIPPED
> Task :multiplatform:foundation:parcel:processJvmMainResources SKIPPED
> Task :multiplatform:foundation:networking:copyNonXmlValueResourcesForCommonMain NO-SOURCE
> Task :multiplatform:foundation:designsystem:copyNonXmlValueResourcesForJvmTest NO-SOURCE
> Task :multiplatform:foundation:networking:checkKotlinGradlePluginConfigurationErrors SKIPPED
> Task :multiplatform:foundation:networking:copyNonXmlValueResourcesForJvmMain NO-SOURCE
> Task :multiplatform:foundation:designsystem:copyNonXmlValueResourcesForJvmMain NO-SOURCE
> Task :multiplatform:foundation:parcel:checkKotlinGradlePluginConfigurationErrors SKIPPED
> Task :multiplatform:foundation:networking:prepareComposeResourcesTaskForCommonMain NO-SOURCE
> Task :multiplatform:foundation:designsystem:prepareComposeResourcesTaskForJvmMain NO-SOURCE
> Task :multiplatform:foundation:networking:generateResourceAccessorsForCommonMain NO-SOURCE
> Task :multiplatform:foundation:designsystem:copyNonXmlValueResourcesForCommonTest NO-SOURCE
> Task :multiplatform:foundation:networking:prepareComposeResourcesTaskForJvmMain NO-SOURCE
> Task :multiplatform:foundation:designsystem:prepareComposeResourcesTaskForJvmTest NO-SOURCE
> Task :multiplatform:foundation:designsystem:prepareComposeResourcesTaskForCommonTest NO-SOURCE
> Task :multiplatform:foundation:designsystem:generateResourceAccessorsForJvmTest NO-SOURCE
> Task :multiplatform:foundation:designsystem:generateResourceAccessorsForJvmMain NO-SOURCE
> Task :multiplatform:foundation:designsystem:generateResourceAccessorsForCommonTest NO-SOURCE
> Task :multiplatform:foundation:designsystem:assembleJvmTestResources UP-TO-DATE
> Task :multiplatform:foundation:networking:generateResourceAccessorsForJvmMain NO-SOURCE
> Task :multiplatform:foundation:networking:assembleJvmMainResources UP-TO-DATE
> Task :multiplatform:di:scope:compileKotlinJvm UP-TO-DATE
> Task :multiplatform:foundation:parcel:compileKotlinJvm UP-TO-DATE
> Task :multiplatform:foundation:networking:generateActualResourceCollectorsForJvmMain UP-TO-DATE
> Task :multiplatform:foundation:parcel:compileJvmMainJava NO-SOURCE
> Task :multiplatform:di:scope:compileJvmMainJava NO-SOURCE
> Task :multiplatform:foundation:parcel:jvmMainClasses UP-TO-DATE
> Task :multiplatform:di:scope:jvmMainClasses UP-TO-DATE
> Task :multiplatform:di:scope:jvmJar UP-TO-DATE
> Task :multiplatform:foundation:parcel:jvmJar UP-TO-DATE
> Task :multiplatform:foundation:networking:kspKotlinJvm SKIPPED
> Task :multiplatform:foundation:networking:jvmProcessResources UP-TO-DATE
> Task :multiplatform:foundation:networking:processJvmMainResources SKIPPED
> Task :multiplatform:foundation:designsystem:copyNonXmlValueResourcesForCommonMain UP-TO-DATE
> Task :multiplatform:foundation:designsystem:convertXmlValueResourcesForCommonMain NO-SOURCE
> Task :multiplatform:foundation:designsystem:prepareComposeResourcesTaskForCommonMain UP-TO-DATE
> Task :multiplatform:foundation:designsystem:generateResourceAccessorsForCommonMain UP-TO-DATE
> Task :multiplatform:foundation:designsystem:assembleJvmMainResources UP-TO-DATE
> Task :multiplatform:foundation:designsystem:generateActualResourceCollectorsForJvmMain UP-TO-DATE
> Task :multiplatform:foundation:networking:compileKotlinJvm UP-TO-DATE
> Task :multiplatform:foundation:networking:compileJvmMainJava NO-SOURCE
> Task :multiplatform:foundation:networking:jvmMainClasses UP-TO-DATE
> Task :multiplatform:foundation:networking:jvmJar UP-TO-DATE
> Task :multiplatform:foundation:designsystem:kspKotlinJvm SKIPPED
> Task :multiplatform:foundation:designsystem:jvmProcessResources UP-TO-DATE
> Task :multiplatform:foundation:designsystem:processJvmMainResources SKIPPED
> Task :multiplatform:foundation:designsystem:compileKotlinJvm
> Task :multiplatform:foundation:designsystem:compileJvmMainJava NO-SOURCE
> Task :multiplatform:foundation:designsystem:jvmMainClasses
> Task :multiplatform:foundation:designsystem:kspTestKotlinJvm SKIPPED
> Task :multiplatform:foundation:designsystem:jvmTestProcessResources UP-TO-DATE
> Task :multiplatform:foundation:designsystem:processJvmTestResources SKIPPED
> Task :multiplatform:foundation:designsystem:jvmJar
> Task :multiplatform:foundation:designsystem:compileTestKotlinJvm
> Task :multiplatform:foundation:designsystem:compileJvmTestJava NO-SOURCE
> Task :multiplatform:foundation:designsystem:jvmTestClasses

> Task :multiplatform:foundation:designsystem:jvmTest

TrailsFloatingNavTest[jvm] > defaultScaleKeepsTheSingleRowPill[jvm] FAILED
    java.lang.AssertionError at Assert.java:89
        Caused by: java.lang.AssertionError at TrailsFloatingNavTest.kt:40

4 tests completed, 1 failed

> Task :multiplatform:foundation:designsystem:jvmTest FAILED

FAILURE: Build failed with an exception.

* What went wrong:
Execution failed for task ':multiplatform:foundation:designsystem:jvmTest'.
> There were failing tests. See the report at: file:///Users/matt/src/mobilenativefoundation/Trails/multiplatform/foundation/designsystem/build/reports/tests/jvmTest/index.html

* Try:
> Run with --scan to get full insights.

BUILD FAILED in 5s
30 actionable tasks: 8 executed, 22 up-to-date
Configuration cache entry reused.
