Calculating task graph as no cached configuration is available for tasks: :multiplatform:data:trail:impl:jvmTest --tests *SampleFeedsTest* --tests *AccountFeedTest*
Type-safe project accessors is an incubating feature.
> Task :tooling:plugins:checkKotlinGradlePluginConfigurationErrors SKIPPED
> Task :tooling:plugins:compileKotlin UP-TO-DATE
> Task :tooling:plugins:compileJava NO-SOURCE
> Task :tooling:plugins:pluginDescriptors UP-TO-DATE
> Task :tooling:plugins:processResources UP-TO-DATE
> Task :tooling:plugins:classes UP-TO-DATE
> Task :tooling:plugins:jar UP-TO-DATE
> Task :multiplatform:data:trail:api:copyNonXmlValueResourcesForJvmMain NO-SOURCE
> Task :server:api:jvmProcessResources NO-SOURCE
> Task :multiplatform:data:trail:impl:kmpPartiallyResolvedDependenciesChecker
> Task :multiplatform:foundation:parcel:kmpPartiallyResolvedDependenciesChecker
> Task :multiplatform:foundation:parcel:jvmProcessResources NO-SOURCE
> Task :server:api:kmpPartiallyResolvedDependenciesChecker
> Task :multiplatform:data:trail:impl:convertXmlValueResourcesForJvmMain NO-SOURCE
> Task :multiplatform:data:trail:impl:convertXmlValueResourcesForCommonTest NO-SOURCE
> Task :multiplatform:data:trail:api:convertXmlValueResourcesForJvmMain NO-SOURCE
> Task :multiplatform:data:trail:api:kmpPartiallyResolvedDependenciesChecker
> Task :multiplatform:foundation:parcel:processJvmMainResources SKIPPED
> Task :multiplatform:data:trail:impl:copyNonXmlValueResourcesForCommonMain NO-SOURCE
> Task :server:api:processJvmMainResources SKIPPED
> Task :multiplatform:data:trail:api:generateExpectResourceCollectorsForCommonMain UP-TO-DATE
> Task :multiplatform:data:trail:impl:generateComposeResClass UP-TO-DATE
> Task :multiplatform:foundation:parcel:checkKotlinGradlePluginConfigurationErrors SKIPPED
> Task :multiplatform:data:trail:api:convertXmlValueResourcesForCommonMain NO-SOURCE
> Task :multiplatform:data:trail:api:generateComposeResClass UP-TO-DATE
> Task :multiplatform:data:trail:impl:generateExpectResourceCollectorsForCommonMain UP-TO-DATE
> Task :multiplatform:data:trail:impl:generateCommonMainM1DatabaseInterface UP-TO-DATE
> Task :multiplatform:data:trail:impl:checkKotlinGradlePluginConfigurationErrors SKIPPED
> Task :multiplatform:data:trail:impl:convertXmlValueResourcesForCommonMain NO-SOURCE
> Task :multiplatform:data:trail:api:checkKotlinGradlePluginConfigurationErrors SKIPPED
> Task :multiplatform:data:trail:impl:copyNonXmlValueResourcesForCommonTest NO-SOURCE
> Task :multiplatform:data:trail:api:copyNonXmlValueResourcesForCommonMain NO-SOURCE
> Task :multiplatform:data:trail:impl:copyNonXmlValueResourcesForJvmMain NO-SOURCE
> Task :multiplatform:data:trail:api:prepareComposeResourcesTaskForJvmMain NO-SOURCE
> Task :multiplatform:data:trail:impl:convertXmlValueResourcesForJvmTest NO-SOURCE
> Task :server:api:checkKotlinGradlePluginConfigurationErrors SKIPPED
> Task :multiplatform:data:trail:api:generateResourceAccessorsForJvmMain NO-SOURCE
> Task :multiplatform:data:trail:impl:prepareComposeResourcesTaskForCommonTest NO-SOURCE
> Task :multiplatform:data:trail:impl:prepareComposeResourcesTaskForCommonMain NO-SOURCE
> Task :multiplatform:data:trail:impl:prepareComposeResourcesTaskForJvmMain NO-SOURCE
> Task :multiplatform:data:trail:impl:koverFindJar UP-TO-DATE
> Task :multiplatform:data:trail:impl:generateResourceAccessorsForJvmMain NO-SOURCE
> Task :multiplatform:data:trail:impl:copyNonXmlValueResourcesForJvmTest NO-SOURCE
> Task :multiplatform:data:trail:impl:assembleJvmMainResources UP-TO-DATE
> Task :multiplatform:data:trail:impl:generateResourceAccessorsForCommonMain NO-SOURCE
> Task :multiplatform:data:trail:api:prepareComposeResourcesTaskForCommonMain NO-SOURCE
> Task :multiplatform:data:trail:impl:generateResourceAccessorsForCommonTest NO-SOURCE
> Task :multiplatform:data:trail:api:generateResourceAccessorsForCommonMain NO-SOURCE
> Task :multiplatform:data:trail:impl:prepareComposeResourcesTaskForJvmTest NO-SOURCE
> Task :multiplatform:data:trail:impl:generateActualResourceCollectorsForJvmMain UP-TO-DATE
> Task :multiplatform:data:trail:api:assembleJvmMainResources UP-TO-DATE
> Task :multiplatform:data:trail:impl:generateResourceAccessorsForJvmTest NO-SOURCE
> Task :multiplatform:data:trail:impl:assembleJvmTestResources UP-TO-DATE
> Task :multiplatform:data:trail:api:generateActualResourceCollectorsForJvmMain UP-TO-DATE
> Task :multiplatform:foundation:parcel:compileKotlinJvm UP-TO-DATE
> Task :server:api:compileKotlinJvm UP-TO-DATE
> Task :multiplatform:foundation:parcel:compileJvmMainJava NO-SOURCE
> Task :server:api:compileJvmMainJava NO-SOURCE
> Task :multiplatform:foundation:parcel:jvmMainClasses UP-TO-DATE
> Task :server:api:jvmMainClasses UP-TO-DATE
> Task :multiplatform:foundation:parcel:jvmJar UP-TO-DATE
> Task :server:api:jvmJar UP-TO-DATE
> Task :multiplatform:data:trail:api:kspKotlinJvm SKIPPED
> Task :multiplatform:data:trail:api:jvmProcessResources UP-TO-DATE
> Task :multiplatform:data:trail:api:processJvmMainResources SKIPPED
> Task :multiplatform:data:trail:api:compileKotlinJvm UP-TO-DATE
> Task :multiplatform:data:trail:api:compileJvmMainJava NO-SOURCE
> Task :multiplatform:data:trail:api:jvmMainClasses UP-TO-DATE
> Task :multiplatform:data:trail:api:jvmJar UP-TO-DATE
> Task :multiplatform:data:trail:impl:kspKotlinJvm SKIPPED
> Task :multiplatform:data:trail:impl:jvmProcessResources UP-TO-DATE
> Task :multiplatform:data:trail:impl:processJvmMainResources SKIPPED
> Task :multiplatform:data:trail:impl:compileKotlinJvm UP-TO-DATE
> Task :multiplatform:data:trail:impl:compileJvmMainJava NO-SOURCE
> Task :multiplatform:data:trail:impl:jvmMainClasses UP-TO-DATE
> Task :multiplatform:data:trail:impl:kspTestKotlinJvm SKIPPED
> Task :multiplatform:data:trail:impl:jvmTestProcessResources UP-TO-DATE
> Task :multiplatform:data:trail:impl:processJvmTestResources SKIPPED
> Task :multiplatform:data:trail:impl:jvmJar UP-TO-DATE

> Task :multiplatform:data:trail:impl:compileTestKotlinJvm
e: file:///Users/matt/src/mobilenativefoundation/Trails/multiplatform/data/trail/impl/src/jvmTest/kotlin/org/mobilenativefoundation/trails/data/trail/AccountFeedTest.kt:26:30 Cannot infer type for type parameter 'T'. Specify it explicitly.
e: file:///Users/matt/src/mobilenativefoundation/Trails/multiplatform/data/trail/impl/src/jvmTest/kotlin/org/mobilenativefoundation/trails/data/trail/AccountFeedTest.kt:26:60 Unresolved reference 'activities'.
e: file:///Users/matt/src/mobilenativefoundation/Trails/multiplatform/data/trail/impl/src/jvmTest/kotlin/org/mobilenativefoundation/trails/data/trail/AccountFeedTest.kt:26:81 Cannot infer type for type parameter 'T'. Specify it explicitly.
e: file:///Users/matt/src/mobilenativefoundation/Trails/multiplatform/data/trail/impl/src/jvmTest/kotlin/org/mobilenativefoundation/trails/data/trail/AccountFeedTest.kt:26:87 Cannot infer type for type parameter 'T'. Specify it explicitly.
e: file:///Users/matt/src/mobilenativefoundation/Trails/multiplatform/data/trail/impl/src/jvmTest/kotlin/org/mobilenativefoundation/trails/data/trail/AccountFeedTest.kt:26:92 Unresolved reference 'data'.
e: file:///Users/matt/src/mobilenativefoundation/Trails/multiplatform/data/trail/impl/src/jvmTest/kotlin/org/mobilenativefoundation/trails/data/trail/AccountFeedTest.kt:26:109 Unresolved reference 'data'.
e: file:///Users/matt/src/mobilenativefoundation/Trails/multiplatform/data/trail/impl/src/jvmTest/kotlin/org/mobilenativefoundation/trails/data/trail/AccountFeedTest.kt:27:40 Unresolved reference 'size'.
e: file:///Users/matt/src/mobilenativefoundation/Trails/multiplatform/data/trail/impl/src/jvmTest/kotlin/org/mobilenativefoundation/trails/data/trail/AccountFeedTest.kt:28:50 Cannot infer type for type parameter 'T'. Specify it explicitly.
e: file:///Users/matt/src/mobilenativefoundation/Trails/multiplatform/data/trail/impl/src/jvmTest/kotlin/org/mobilenativefoundation/trails/data/trail/AccountFeedTest.kt:28:58 Unresolved reference 'trailId'.
e: file:///Users/matt/src/mobilenativefoundation/Trails/multiplatform/data/trail/impl/src/jvmTest/kotlin/org/mobilenativefoundation/trails/data/trail/AccountFeedTest.kt:29:24 Cannot infer type for type parameter 'T'. Specify it explicitly.
e: file:///Users/matt/src/mobilenativefoundation/Trails/multiplatform/data/trail/impl/src/jvmTest/kotlin/org/mobilenativefoundation/trails/data/trail/AccountFeedTest.kt:29:54 Unresolved reference 'forYou'.
e: file:///Users/matt/src/mobilenativefoundation/Trails/multiplatform/data/trail/impl/src/jvmTest/kotlin/org/mobilenativefoundation/trails/data/trail/AccountFeedTest.kt:29:71 Cannot infer type for type parameter 'T'. Specify it explicitly.
e: file:///Users/matt/src/mobilenativefoundation/Trails/multiplatform/data/trail/impl/src/jvmTest/kotlin/org/mobilenativefoundation/trails/data/trail/AccountFeedTest.kt:29:77 Cannot infer type for type parameter 'T'. Specify it explicitly.
e: file:///Users/matt/src/mobilenativefoundation/Trails/multiplatform/data/trail/impl/src/jvmTest/kotlin/org/mobilenativefoundation/trails/data/trail/AccountFeedTest.kt:29:82 Unresolved reference 'data'.
e: file:///Users/matt/src/mobilenativefoundation/Trails/multiplatform/data/trail/impl/src/jvmTest/kotlin/org/mobilenativefoundation/trails/data/trail/AccountFeedTest.kt:29:99 Unresolved reference 'data'.
e: file:///Users/matt/src/mobilenativefoundation/Trails/multiplatform/data/trail/impl/src/jvmTest/kotlin/org/mobilenativefoundation/trails/data/trail/AccountFeedTest.kt:30:45 Unresolved reference 'featuredTrailId'.
e: file:///Users/matt/src/mobilenativefoundation/Trails/multiplatform/data/trail/impl/src/jvmTest/kotlin/org/mobilenativefoundation/trails/data/trail/AccountFeedTest.kt:37:26 Cannot infer type for type parameter 'T'. Specify it explicitly.
e: file:///Users/matt/src/mobilenativefoundation/Trails/multiplatform/data/trail/impl/src/jvmTest/kotlin/org/mobilenativefoundation/trails/data/trail/AccountFeedTest.kt:37:54 Unresolved reference 'activities'.
e: file:///Users/matt/src/mobilenativefoundation/Trails/multiplatform/data/trail/impl/src/jvmTest/kotlin/org/mobilenativefoundation/trails/data/trail/AccountFeedTest.kt:37:75 Cannot infer type for type parameter 'T'. Specify it explicitly.
e: file:///Users/matt/src/mobilenativefoundation/Trails/multiplatform/data/trail/impl/src/jvmTest/kotlin/org/mobilenativefoundation/trails/data/trail/AccountFeedTest.kt:37:81 Cannot infer type for type parameter 'T'. Specify it explicitly.
e: file:///Users/matt/src/mobilenativefoundation/Trails/multiplatform/data/trail/impl/src/jvmTest/kotlin/org/mobilenativefoundation/trails/data/trail/AccountFeedTest.kt:37:86 Unresolved reference 'data'.
e: file:///Users/matt/src/mobilenativefoundation/Trails/multiplatform/data/trail/impl/src/jvmTest/kotlin/org/mobilenativefoundation/trails/data/trail/AccountFeedTest.kt:38:13 Cannot infer type for type parameter 'T'. Specify it explicitly.
e: file:///Users/matt/src/mobilenativefoundation/Trails/multiplatform/data/trail/impl/src/jvmTest/kotlin/org/mobilenativefoundation/trails/data/trail/AccountFeedTest.kt:38:45 Unresolved reference 'data'.
e: file:///Users/matt/src/mobilenativefoundation/Trails/multiplatform/data/trail/impl/src/jvmTest/kotlin/org/mobilenativefoundation/trails/data/trail/AccountFeedTest.kt:39:31 Unresolved reference 'offline'.
e: file:///Users/matt/src/mobilenativefoundation/Trails/multiplatform/data/trail/impl/src/jvmTest/kotlin/org/mobilenativefoundation/trails/data/trail/AccountFeedTest.kt:40:13 Cannot infer type for type parameter 'T'. Specify it explicitly.
e: file:///Users/matt/src/mobilenativefoundation/Trails/multiplatform/data/trail/impl/src/jvmTest/kotlin/org/mobilenativefoundation/trails/data/trail/AccountFeedTest.kt:40:32 Cannot infer type for type parameter 'T'. Specify it explicitly.
e: file:///Users/matt/src/mobilenativefoundation/Trails/multiplatform/data/trail/impl/src/jvmTest/kotlin/org/mobilenativefoundation/trails/data/trail/AccountFeedTest.kt:40:60 Unresolved reference 'forYou'.
e: file:///Users/matt/src/mobilenativefoundation/Trails/multiplatform/data/trail/impl/src/jvmTest/kotlin/org/mobilenativefoundation/trails/data/trail/AccountFeedTest.kt:40:77 Cannot infer type for type parameter 'T'. Specify it explicitly.
e: file:///Users/matt/src/mobilenativefoundation/Trails/multiplatform/data/trail/impl/src/jvmTest/kotlin/org/mobilenativefoundation/trails/data/trail/AccountFeedTest.kt:40:83 Cannot infer type for type parameter 'T'. Specify it explicitly.
e: file:///Users/matt/src/mobilenativefoundation/Trails/multiplatform/data/trail/impl/src/jvmTest/kotlin/org/mobilenativefoundation/trails/data/trail/AccountFeedTest.kt:40:88 Unresolved reference 'data'.
e: file:///Users/matt/src/mobilenativefoundation/Trails/multiplatform/data/trail/impl/src/jvmTest/kotlin/org/mobilenativefoundation/trails/data/trail/AccountFeedTest.kt:40:105 Unresolved reference 'data'.
e: file:///Users/matt/src/mobilenativefoundation/Trails/multiplatform/data/trail/impl/src/jvmTest/kotlin/org/mobilenativefoundation/trails/data/trail/AccountFeedTest.kt:42:31 Cannot infer type for type parameter 'T'. Specify it explicitly.
e: file:///Users/matt/src/mobilenativefoundation/Trails/multiplatform/data/trail/impl/src/jvmTest/kotlin/org/mobilenativefoundation/trails/data/trail/AccountFeedTest.kt:42:58 Unresolved reference 'activities'.
e: file:///Users/matt/src/mobilenativefoundation/Trails/multiplatform/data/trail/impl/src/jvmTest/kotlin/org/mobilenativefoundation/trails/data/trail/AccountFeedTest.kt:42:79 Cannot infer type for type parameter 'T'. Specify it explicitly.
e: file:///Users/matt/src/mobilenativefoundation/Trails/multiplatform/data/trail/impl/src/jvmTest/kotlin/org/mobilenativefoundation/trails/data/trail/AccountFeedTest.kt:42:85 Cannot infer type for type parameter 'T'. Specify it explicitly.
e: file:///Users/matt/src/mobilenativefoundation/Trails/multiplatform/data/trail/impl/src/jvmTest/kotlin/org/mobilenativefoundation/trails/data/trail/AccountFeedTest.kt:42:90 Unresolved reference 'error'.
e: file:///Users/matt/src/mobilenativefoundation/Trails/multiplatform/data/trail/impl/src/jvmTest/kotlin/org/mobilenativefoundation/trails/data/trail/AccountFeedTest.kt:43:36 Unresolved reference 'data'.
e: file:///Users/matt/src/mobilenativefoundation/Trails/multiplatform/data/trail/impl/src/jvmTest/kotlin/org/mobilenativefoundation/trails/data/trail/AccountFeedTest.kt:44:36 Unresolved reference 'offline'.
e: file:///Users/matt/src/mobilenativefoundation/Trails/multiplatform/data/trail/impl/src/jvmTest/kotlin/org/mobilenativefoundation/trails/data/trail/AccountFeedTest.kt:46:18 Unresolved reference 'activities'.
e: file:///Users/matt/src/mobilenativefoundation/Trails/multiplatform/data/trail/impl/src/jvmTest/kotlin/org/mobilenativefoundation/trails/data/trail/AccountFeedTest.kt:47:26 Cannot infer type for type parameter 'T'. Specify it explicitly.
e: file:///Users/matt/src/mobilenativefoundation/Trails/multiplatform/data/trail/impl/src/jvmTest/kotlin/org/mobilenativefoundation/trails/data/trail/AccountFeedTest.kt:47:53 Unresolved reference 'activities'.
e: file:///Users/matt/src/mobilenativefoundation/Trails/multiplatform/data/trail/impl/src/jvmTest/kotlin/org/mobilenativefoundation/trails/data/trail/AccountFeedTest.kt:47:74 Cannot infer type for type parameter 'T'. Specify it explicitly.
e: file:///Users/matt/src/mobilenativefoundation/Trails/multiplatform/data/trail/impl/src/jvmTest/kotlin/org/mobilenativefoundation/trails/data/trail/AccountFeedTest.kt:47:80 Cannot infer type for type parameter 'T'. Specify it explicitly.
e: file:///Users/matt/src/mobilenativefoundation/Trails/multiplatform/data/trail/impl/src/jvmTest/kotlin/org/mobilenativefoundation/trails/data/trail/AccountFeedTest.kt:47:85 Unresolved reference 'data'.
e: file:///Users/matt/src/mobilenativefoundation/Trails/multiplatform/data/trail/impl/src/jvmTest/kotlin/org/mobilenativefoundation/trails/data/trail/AccountFeedTest.kt:47:102 Unresolved reference 'data'.
e: file:///Users/matt/src/mobilenativefoundation/Trails/multiplatform/data/trail/impl/src/jvmTest/kotlin/org/mobilenativefoundation/trails/data/trail/AccountFeedTest.kt:48:13 Cannot infer type for type parameter 'T'. Specify it explicitly.
e: file:///Users/matt/src/mobilenativefoundation/Trails/multiplatform/data/trail/impl/src/jvmTest/kotlin/org/mobilenativefoundation/trails/data/trail/AccountFeedTest.kt:49:31 Cannot infer type for type parameter 'T'. Specify it explicitly.
e: file:///Users/matt/src/mobilenativefoundation/Trails/multiplatform/data/trail/impl/src/jvmTest/kotlin/org/mobilenativefoundation/trails/data/trail/AccountFeedTest.kt:49:39 Unresolved reference 'completedAtEpochMillis'.
e: file:///Users/matt/src/mobilenativefoundation/Trails/multiplatform/data/trail/impl/src/jvmTest/kotlin/org/mobilenativefoundation/trails/data/trail/AccountFeedTest.kt:49:76 Cannot infer type for type parameter 'T'. Specify it explicitly.
e: file:///Users/matt/src/mobilenativefoundation/Trails/multiplatform/data/trail/impl/src/jvmTest/kotlin/org/mobilenativefoundation/trails/data/trail/AccountFeedTest.kt:49:84 Unresolved reference 'completedAtEpochMillis'.
e: file:///Users/matt/src/mobilenativefoundation/Trails/multiplatform/data/trail/impl/src/jvmTest/kotlin/org/mobilenativefoundation/trails/data/trail/SampleFeedsTest.kt:12:26 Unresolved reference 'sampleActivities'.
e: file:///Users/matt/src/mobilenativefoundation/Trails/multiplatform/data/trail/impl/src/jvmTest/kotlin/org/mobilenativefoundation/trails/data/trail/SampleFeedsTest.kt:14:42 Unresolved reference 'it'.
e: file:///Users/matt/src/mobilenativefoundation/Trails/multiplatform/data/trail/impl/src/jvmTest/kotlin/org/mobilenativefoundation/trails/data/trail/SampleFeedsTest.kt:14:58 Unresolved reference 'size'.
e: file:///Users/matt/src/mobilenativefoundation/Trails/multiplatform/data/trail/impl/src/jvmTest/kotlin/org/mobilenativefoundation/trails/data/trail/SampleFeedsTest.kt:15:30 Cannot infer type for value parameter 'activity'. Specify it explicitly.
e: file:///Users/matt/src/mobilenativefoundation/Trails/multiplatform/data/trail/impl/src/jvmTest/kotlin/org/mobilenativefoundation/trails/data/trail/SampleFeedsTest.kt:16:64 Unresolved reference 'trailId'.
e: file:///Users/matt/src/mobilenativefoundation/Trails/multiplatform/data/trail/impl/src/jvmTest/kotlin/org/mobilenativefoundation/trails/data/trail/SampleFeedsTest.kt:17:47 Unresolved reference 'trailName'.
e: file:///Users/matt/src/mobilenativefoundation/Trails/multiplatform/data/trail/impl/src/jvmTest/kotlin/org/mobilenativefoundation/trails/data/trail/SampleFeedsTest.kt:18:57 Unresolved reference 'distanceMeters'.
e: file:///Users/matt/src/mobilenativefoundation/Trails/multiplatform/data/trail/impl/src/jvmTest/kotlin/org/mobilenativefoundation/trails/data/trail/SampleFeedsTest.kt:19:58 Unresolved reference 'durationMinutes'.
e: file:///Users/matt/src/mobilenativefoundation/Trails/multiplatform/data/trail/impl/src/jvmTest/kotlin/org/mobilenativefoundation/trails/data/trail/SampleFeedsTest.kt:20:58 Unresolved reference 'elevationMeters'.
e: file:///Users/matt/src/mobilenativefoundation/Trails/multiplatform/data/trail/impl/src/jvmTest/kotlin/org/mobilenativefoundation/trails/data/trail/SampleFeedsTest.kt:21:33 Unresolved reference 'completedAtEpochMillis'.
e: file:///Users/matt/src/mobilenativefoundation/Trails/multiplatform/data/trail/impl/src/jvmTest/kotlin/org/mobilenativefoundation/trails/data/trail/SampleFeedsTest.kt:23:54 Unresolved reference 'trailId'.
e: file:///Users/matt/src/mobilenativefoundation/Trails/multiplatform/data/trail/impl/src/jvmTest/kotlin/org/mobilenativefoundation/trails/data/trail/SampleFeedsTest.kt:24:60 Unresolved reference 'completedAtEpochMillis'.
e: file:///Users/matt/src/mobilenativefoundation/Trails/multiplatform/data/trail/impl/src/jvmTest/kotlin/org/mobilenativefoundation/trails/data/trail/SampleFeedsTest.kt:25:75 Unresolved reference 'completedAtEpochMillis'.
e: file:///Users/matt/src/mobilenativefoundation/Trails/multiplatform/data/trail/impl/src/jvmTest/kotlin/org/mobilenativefoundation/trails/data/trail/SampleFeedsTest.kt:25:106 Unresolved reference 'completedAtEpochMillis'.
e: file:///Users/matt/src/mobilenativefoundation/Trails/multiplatform/data/trail/impl/src/jvmTest/kotlin/org/mobilenativefoundation/trails/data/trail/SampleFeedsTest.kt:31:20 Unresolved reference 'sampleForYou'.
e: file:///Users/matt/src/mobilenativefoundation/Trails/multiplatform/data/trail/impl/src/jvmTest/kotlin/org/mobilenativefoundation/trails/data/trail/SampleFeedsTest.kt:32:20 Unresolved reference 'sampleForYou'.
e: file:///Users/matt/src/mobilenativefoundation/Trails/multiplatform/data/trail/impl/src/jvmTest/kotlin/org/mobilenativefoundation/trails/data/trail/SampleFeedsTest.kt:33:20 Unresolved reference 'sampleForYou'.
e: file:///Users/matt/src/mobilenativefoundation/Trails/multiplatform/data/trail/impl/src/jvmTest/kotlin/org/mobilenativefoundation/trails/data/trail/SampleFeedsTest.kt:33:59 Unresolved reference 'it'.
e: file:///Users/matt/src/mobilenativefoundation/Trails/multiplatform/data/trail/impl/src/jvmTest/kotlin/org/mobilenativefoundation/trails/data/trail/SampleFeedsTest.kt:34:9 Cannot infer type for type parameter 'T'. Specify it explicitly.
e: file:///Users/matt/src/mobilenativefoundation/Trails/multiplatform/data/trail/impl/src/jvmTest/kotlin/org/mobilenativefoundation/trails/data/trail/SampleFeedsTest.kt:34:22 Unresolved reference 'sampleForYou'.
e: file:///Users/matt/src/mobilenativefoundation/Trails/multiplatform/data/trail/impl/src/jvmTest/kotlin/org/mobilenativefoundation/trails/data/trail/SampleFeedsTest.kt:34:61 Unresolved reference 'sampleForYou'.
e: file:///Users/matt/src/mobilenativefoundation/Trails/multiplatform/data/trail/impl/src/jvmTest/kotlin/org/mobilenativefoundation/trails/data/trail/SampleFeedsTest.kt:34:102 Unresolved reference 'size'.
e: file:///Users/matt/src/mobilenativefoundation/Trails/multiplatform/data/trail/impl/src/jvmTest/kotlin/org/mobilenativefoundation/trails/data/trail/SampleFeedsTest.kt:35:20 Unresolved reference 'sampleForYou'.
e: file:///Users/matt/src/mobilenativefoundation/Trails/multiplatform/data/trail/impl/src/jvmTest/kotlin/org/mobilenativefoundation/trails/data/trail/SampleFeedsTest.kt:35:47 Unresolved reference 'not' for operator '!'.
e: file:///Users/matt/src/mobilenativefoundation/Trails/multiplatform/data/trail/impl/src/jvmTest/kotlin/org/mobilenativefoundation/trails/data/trail/SampleFeedsTest.kt:35:51 Unresolved reference 'sampleForYou'.
e: file:///Users/matt/src/mobilenativefoundation/Trails/multiplatform/data/trail/impl/src/jvmTest/kotlin/org/mobilenativefoundation/trails/data/trail/SampleFeedsTest.kt:36:20 Unresolved reference 'sampleForYou'.
e: file:///Users/matt/src/mobilenativefoundation/Trails/multiplatform/data/trail/impl/src/jvmTest/kotlin/org/mobilenativefoundation/trails/data/trail/SampleFeedsTest.kt:36:52 Unresolved reference 'sampleForYou'.

> Task :multiplatform:data:trail:impl:compileTestKotlinJvm FAILED

FAILURE: Build failed with an exception.

* What went wrong:
Execution failed for task ':multiplatform:data:trail:impl:compileTestKotlinJvm'.
> A failure occurred while executing org.jetbrains.kotlin.compilerRunner.btapi.BuildToolsApiCompilationWork
   > Compilation error. See log for more details

* Try:
> Run with --stacktrace option to get the stack trace.
> Run with --info or --debug option to get more log output.
> Run with --scan to get full insights.
> Get more help at https://help.gradle.org.

BUILD FAILED in 5s
31 actionable tasks: 5 executed, 26 up-to-date
Configuration cache entry stored.
